Component: ARM Compiler 5.05 update 1 (build 106) Tool: armlink [4d0efa]

==============================================================================

Section Cross References

    startup_stm32f10x_hd.o(RESET) refers to startup_stm32f10x_hd.o(STACK) for __initial_sp
    startup_stm32f10x_hd.o(RESET) refers to startup_stm32f10x_hd.o(.text) for Reset_Handler
    startup_stm32f10x_hd.o(RESET) refers to stm32f10x_it.o(i.NMI_Handler) for NMI_Handler
    startup_stm32f10x_hd.o(RESET) refers to stm32f10x_it.o(i.HardFault_Handler) for HardFault_Handler
    startup_stm32f10x_hd.o(RESET) refers to stm32f10x_it.o(i.MemManage_Handler) for MemManage_Handler
    startup_stm32f10x_hd.o(RESET) refers to stm32f10x_it.o(i.BusFault_Handler) for BusFault_Handler
    startup_stm32f10x_hd.o(RESET) refers to stm32f10x_it.o(i.UsageFault_Handler) for UsageFault_Handler
    startup_stm32f10x_hd.o(RESET) refers to stm32f10x_it.o(i.SVC_Handler) for SVC_Handler
    startup_stm32f10x_hd.o(RESET) refers to stm32f10x_it.o(i.DebugMon_Handler) for DebugMon_Handler
    startup_stm32f10x_hd.o(RESET) refers to stm32f10x_it.o(i.PendSV_Handler) for PendSV_Handler
    startup_stm32f10x_hd.o(RESET) refers to stm32f10x_it.o(i.SysTick_Handler) for SysTick_Handler
    startup_stm32f10x_hd.o(RESET) refers to stm32f10x_it.o(i.EXTI0_IRQHandler) for EXTI0_IRQHandler
    startup_stm32f10x_hd.o(RESET) refers to stm32f10x_it.o(i.TIM2_IRQHandler) for TIM2_IRQHandler
    startup_stm32f10x_hd.o(RESET) refers to stm32f10x_it.o(i.TIM3_IRQHandler) for TIM3_IRQHandler
    startup_stm32f10x_hd.o(RESET) refers to stm32f10x_it.o(i.USART1_IRQHandler) for USART1_IRQHandler
    startup_stm32f10x_hd.o(RESET) refers to stm32f10x_it.o(i.USART3_IRQHandler) for USART3_IRQHandler
    startup_stm32f10x_hd.o(RESET) refers to stm32f10x_it.o(i.EXTI15_10_IRQHandler) for EXTI15_10_IRQHandler
    startup_stm32f10x_hd.o(.text) refers to system_stm32f10x.o(i.SystemInit) for SystemInit
    startup_stm32f10x_hd.o(.text) refers to entry.o(.ARM.Collect$$$$00000000) for __main
    system_stm32f10x.o(i.SetSysClock) refers to system_stm32f10x.o(i.SetSysClockTo72) for SetSysClockTo72
    system_stm32f10x.o(i.SystemCoreClockUpdate) refers to system_stm32f10x.o(.data) for SystemCoreClock
    system_stm32f10x.o(i.SystemInit) refers to system_stm32f10x.o(i.SetSysClock) for SetSysClock
    stm32f10x_adc.o(i.ADC_DeInit) refers to stm32f10x_rcc.o(i.RCC_APB2PeriphResetCmd) for RCC_APB2PeriphResetCmd
    stm32f10x_bkp.o(i.BKP_DeInit) refers to stm32f10x_rcc.o(i.RCC_BackupResetCmd) for RCC_BackupResetCmd
    stm32f10x_can.o(i.CAN_DeInit) refers to stm32f10x_rcc.o(i.RCC_APB1PeriphResetCmd) for RCC_APB1PeriphResetCmd
    stm32f10x_can.o(i.CAN_GetITStatus) refers to stm32f10x_can.o(i.CheckITStatus) for CheckITStatus
    stm32f10x_cec.o(i.CEC_DeInit) refers to stm32f10x_rcc.o(i.RCC_APB1PeriphResetCmd) for RCC_APB1PeriphResetCmd
    stm32f10x_dac.o(i.DAC_DeInit) refers to stm32f10x_rcc.o(i.RCC_APB1PeriphResetCmd) for RCC_APB1PeriphResetCmd
    stm32f10x_flash.o(i.FLASH_EnableWriteProtection) refers to stm32f10x_flash.o(i.FLASH_WaitForLastOperation) for FLASH_WaitForLastOperation
    stm32f10x_flash.o(i.FLASH_EraseAllBank1Pages) refers to stm32f10x_flash.o(i.FLASH_WaitForLastBank1Operation) for FLASH_WaitForLastBank1Operation
    stm32f10x_flash.o(i.FLASH_EraseAllPages) refers to stm32f10x_flash.o(i.FLASH_WaitForLastOperation) for FLASH_WaitForLastOperation
    stm32f10x_flash.o(i.FLASH_EraseOptionBytes) refers to stm32f10x_flash.o(i.FLASH_GetReadOutProtectionStatus) for FLASH_GetReadOutProtectionStatus
    stm32f10x_flash.o(i.FLASH_EraseOptionBytes) refers to stm32f10x_flash.o(i.FLASH_WaitForLastOperation) for FLASH_WaitForLastOperation
    stm32f10x_flash.o(i.FLASH_ErasePage) refers to stm32f10x_flash.o(i.FLASH_WaitForLastOperation) for FLASH_WaitForLastOperation
    stm32f10x_flash.o(i.FLASH_ProgramHalfWord) refers to stm32f10x_flash.o(i.FLASH_WaitForLastOperation) for FLASH_WaitForLastOperation
    stm32f10x_flash.o(i.FLASH_ProgramOptionByteData) refers to stm32f10x_flash.o(i.FLASH_WaitForLastOperation) for FLASH_WaitForLastOperation
    stm32f10x_flash.o(i.FLASH_ProgramWord) refers to stm32f10x_flash.o(i.FLASH_WaitForLastOperation) for FLASH_WaitForLastOperation
    stm32f10x_flash.o(i.FLASH_ReadOutProtection) refers to stm32f10x_flash.o(i.FLASH_WaitForLastOperation) for FLASH_WaitForLastOperation
    stm32f10x_flash.o(i.FLASH_UserOptionByteConfig) refers to stm32f10x_flash.o(i.FLASH_WaitForLastOperation) for FLASH_WaitForLastOperation
    stm32f10x_flash.o(i.FLASH_WaitForLastBank1Operation) refers to stm32f10x_flash.o(i.FLASH_GetBank1Status) for FLASH_GetBank1Status
    stm32f10x_flash.o(i.FLASH_WaitForLastOperation) refers to stm32f10x_flash.o(i.FLASH_GetBank1Status) for FLASH_GetBank1Status
    stm32f10x_gpio.o(i.GPIO_AFIODeInit) refers to stm32f10x_rcc.o(i.RCC_APB2PeriphResetCmd) for RCC_APB2PeriphResetCmd
[...]
    i.EXTI_ClearITPendingBit                 0x08001270   Section        0  stm32f10x_exti.o(i.EXTI_ClearITPendingBit)
    i.EXTI_GetITStatus                       0x0800127c   Section        0  stm32f10x_exti.o(i.EXTI_GetITStatus)
    i.EXTI_Init                              0x080012a4   Section        0  stm32f10x_exti.o(i.EXTI_Init)
    i.EXTI_Key_Config                        0x08001338   Section        0  bsp_exti.o(i.EXTI_Key_Config)
    i.FSMC_NORSRAMCmd                        0x080013c4   Section        0  stm32f10x_fsmc.o(i.FSMC_NORSRAMCmd)
    i.FSMC_NORSRAMInit                       0x080013f8   Section        0  stm32f10x_fsmc.o(i.FSMC_NORSRAMInit)
    i.GENERAL_TIM2_Init                      0x080014de   Section        0  timer2.o(i.GENERAL_TIM2_Init)
    i.GENERAL_TIM2_Mode_Config               0x080014ec   Section        0  timer2.o(i.GENERAL_TIM2_Mode_Config)
    GENERAL_TIM2_Mode_Config                 0x080014ed   Thumb Code    66  timer2.o(i.GENERAL_TIM2_Mode_Config)
    i.GENERAL_TIM2_NVIC_Config               0x08001534   Section        0  timer2.o(i.GENERAL_TIM2_NVIC_Config)
    GENERAL_TIM2_NVIC_Config                 0x08001535   Thumb Code    34  timer2.o(i.GENERAL_TIM2_NVIC_Config)
    i.GENERAL_TIM_Init                       0x08001556   Section        0  timer.o(i.GENERAL_TIM_Init)
    i.GENERAL_TIM_Mode_Config                0x08001562   Section        0  timer.o(i.GENERAL_TIM_Mode_Config)
    GENERAL_TIM_Mode_Config                  0x08001563   Thumb Code    70  timer.o(i.GENERAL_TIM_Mode_Config)
    i.GENERAL_TIM_NVIC_Config                0x080015a8   Section        0  timer.o(i.GENERAL_TIM_NVIC_Config)
    GENERAL_TIM_NVIC_Config                  0x080015a9   Thumb Code    32  timer.o(i.GENERAL_TIM_NVIC_Config)
    i.GPIO_EXTILineConfig                    0x080015c8   Section        0  stm32f10x_gpio.o(i.GPIO_EXTILineConfig)
    i.GPIO_Init                              0x08001608   Section        0  stm32f10x_gpio.o(i.GPIO_Init)
    i.GPIO_ReadInputDataBit                  0x0800171e   Section        0  stm32f10x_gpio.o(i.GPIO_ReadInputDataBit)
    i.GPIO_ResetBits                         0x08001730   Section        0  stm32f10x_gpio.o(i.GPIO_ResetBits)
    i.GPIO_SetBits                           0x08001734   Section        0  stm32f10x_gpio.o(i.GPIO_SetBits)
    i.GetGBKCode_from_EXFlash                0x08001738   Section        0  fonts.o(i.GetGBKCode_from_EXFlash)
    i.Get_ESP82666_Cmd                       0x0800178c   Section        0  test.o(i.Get_ESP82666_Cmd)
    i.HardFault_Handler                      0x0800181c   Section        0  stm32f10x_it.o(i.HardFault_Handler)
    i.IC_test                                0x08001820   Section        0  test.o(i.IC_test)
    i.ILI9341_BackLed_Control                0x08001d3c   Section        0  bsp_ili9341_lcd.o(i.ILI9341_BackLed_Control)
    i.ILI9341_Clear                          0x08001d5c   Section        0  bsp_ili9341_lcd.o(i.ILI9341_Clear)
    i.ILI9341_Delay                          0x08001d88   Section        0  bsp_ili9341_lcd.o(i.ILI9341_Delay)
    ILI9341_Delay                            0x08001d89   Thumb Code    18  bsp_ili9341_lcd.o(i.ILI9341_Delay)
    i.ILI9341_DispChar_EN                    0x08001d9c   Section        0  bsp_ili9341_lcd.o(i.ILI9341_DispChar_EN)
    i.ILI9341_DispStringLine_EN              0x08001e34   Section        0  bsp_ili9341_lcd.o(i.ILI9341_DispStringLine_EN)
    i.ILI9341_DisplayStringEx                0x08001e9c   Section        0  bsp_ili9341_lcd.o(i.ILI9341_DisplayStringEx)
    i.ILI9341_DrawChar_Ex                    0x08001fa4   Section        0  bsp_ili9341_lcd.o(i.ILI9341_DrawChar_Ex)
    i.ILI9341_DrawCross                      0x08002008   Section        0  bsp_xpt2046_lcd.o(i.ILI9341_DrawCross)
    ILI9341_DrawCross                        0x08002009   Thumb Code    44  bsp_xpt2046_lcd.o(i.ILI9341_DrawCross)
    i.ILI9341_DrawLine                       0x08002034   Section        0  bsp_ili9341_lcd.o(i.ILI9341_DrawLine)
    i.ILI9341_DrawRectangle                  0x080020d4   Section        0  bsp_ili9341_lcd.o(i.ILI9341_DrawRectangle)
    i.ILI9341_FSMC_Config                    0x0800215c   Section        0  bsp_ili9341_lcd.o(i.ILI9341_FSMC_Config)
    ILI9341_FSMC_Config                      0x0800215d   Thumb Code    98  bsp_ili9341_lcd.o(i.ILI9341_FSMC_Config)
    i.ILI9341_FillColor                      0x080021be   Section        0  bsp_ili9341_lcd.o(i.ILI9341_FillColor)
    ILI9341_FillColor                        0x080021bf   Thumb Code    32  bsp_ili9341_lcd.o(i.ILI9341_FillColor)
    i.ILI9341_GPIO_Config                    0x080021e0   Section        0  bsp_ili9341_lcd.o(i.ILI9341_GPIO_Config)
    ILI9341_GPIO_Config                      0x080021e1   Thumb Code   400  bsp_ili9341_lcd.o(i.ILI9341_GPIO_Config)
    i.ILI9341_GramScan                       0x0800237c   Section        0  bsp_ili9341_lcd.o(i.ILI9341_GramScan)
    i.ILI9341_Init                           0x08002434   Section        0  bsp_ili9341_lcd.o(i.ILI9341_Init)
    i.ILI9341_OpenWindow                     0x0800245c   Section        0  bsp_ili9341_lcd.o(i.ILI9341_OpenWindow)
    i.ILI9341_REG_Config                     0x080024bc   Section        0  bsp_ili9341_lcd.o(i.ILI9341_REG_Config)
    ILI9341_REG_Config                       0x080024bd   Thumb Code   556  bsp_ili9341_lcd.o(i.ILI9341_REG_Config)
    i.ILI9341_Rst                            0x080026ec   Section        0  bsp_ili9341_lcd.o(i.ILI9341_Rst)
    i.ILI9341_SetCursor                      0x08002718   Section        0  bsp_ili9341_lcd.o(i.ILI9341_SetCursor)
    ILI9341_SetCursor                        0x08002719   Thumb Code    20  bsp_ili9341_lcd.o(i.ILI9341_SetCursor)
    i.ILI9341_SetPointPixel                  0x0800272c   Section        0  bsp_ili9341_lcd.o(i.ILI9341_SetPointPixel)
    i.ILI9341_Write_Cmd                      0x08002764   Section        0  bsp_ili9341_lcd.o(i.ILI9341_Write_Cmd)
    i.ILI9341_Write_Data                     0x0800276c   Section        0  bsp_ili9341_lcd.o(i.ILI9341_Write_Data)
    i.ILI9341_zoomChar                       0x08002774   Section        0  bsp_ili9341_lcd.o(i.ILI9341_zoomChar)
    i.LCD_ClearLine                          0x080028f8   Section        0  bsp_ili9341_lcd.o(i.LCD_ClearLine)
    i.LCD_GetFont                            0x08002918   Section        0  bsp_ili9341_lcd.o(i.LCD_GetFont)
    i.LCD_SetBackColor                       0x08002924   Section        0  bsp_ili9341_lcd.o(i.LCD_SetBackColor)
    i.LCD_SetColors                          0x08002930   Section        0  bsp_ili9341_lcd.o(i.LCD_SetColors)
    i.LCD_SetFont                            0x08002944   Section        0  bsp_ili9341_lcd.o(i.LCD_SetFont)
    i.LCD_SetTextColor                       0x08002950   Section        0  bsp_ili9341_lcd.o(i.LCD_SetTextColor)
    i.LED_GPIO_Config                        0x0800295c   Section        0  bsp_led.o(i.LED_GPIO_Config)
    i.M500PcdConfigISOType                   0x080029bc   Section        0  rc522_function.o(i.M500PcdConfigISOType)
    i.MYLED_GPIO_Config                      0x08002a10   Section        0  my_led.o(i.MYLED_GPIO_Config)
    i.MemManage_Handler                      0x08002a70   Section        0  stm32f10x_it.o(i.MemManage_Handler)
    i.My_Command_Clear                       0x08002a74   Section        0  palette.o(i.My_Command_Clear)
    My_Command_Clear                         0x08002a75   Thumb Code    38  palette.o(i.My_Command_Clear)
    i.My_Command_Num                         0x08002aa4   Section        0  palette.o(i.My_Command_Num)
    My_Command_Num                           0x08002aa5   Thumb Code   258  palette.o(i.My_Command_Num)
    i.My_Command_Sure                        0x08002bb0   Section        0  palette.o(i.My_Command_Sure)
    My_Command_Sure                          0x08002bb1   Thumb Code    74  palette.o(i.My_Command_Sure)
    i.My_Draw_Button                         0x08002c10   Section        0  palette.o(i.My_Draw_Button)
    My_Draw_Button                           0x08002c11   Thumb Code   686  palette.o(i.My_Draw_Button)
    i.My_Face                                0x08002ef0   Section        0  palette.o(i.My_Face)
    i.NMI_Handler                            0x08002f34   Section        0  stm32f10x_it.o(i.NMI_Handler)
    i.NVIC_Configuration                     0x08002f36   Section        0  bsp_exti.o(i.NVIC_Configuration)
    NVIC_Configuration                       0x08002f37   Thumb Code    46  bsp_exti.o(i.NVIC_Configuration)
    i.NVIC_Init                              0x08002f64   Section        0  misc.o(i.NVIC_Init)
    i.NVIC_PriorityGroupConfig               0x08002fd4   Section        0  misc.o(i.NVIC_PriorityGroupConfig)
    i.PEC_Calculation                        0x08002fe8   Section        0  mlx90614.o(i.PEC_Calculation)
    i.Palette_Init                           0x080030a4   Section        0  palette.o(i.Palette_Init)
    i.PcdAntennaOn                           0x08003124   Section        0  rc522_function.o(i.PcdAntennaOn)
    i.PcdAnticoll                            0x0800313e   Section        0  rc522_function.o(i.PcdAnticoll)
    i.PcdAuthState                           0x080031b0   Section        0  rc522_function.o(i.PcdAuthState)
    i.PcdComMF522                            0x08003220   Section        0  rc522_function.o(i.PcdComMF522)
    i.PcdHalt                                0x08003352   Section        0  rc522_function.o(i.PcdHalt)
    i.PcdRead                                0x08003384   Section        0  rc522_function.o(i.PcdRead)
    i.PcdRequest                             0x080033da   Section        0  rc522_function.o(i.PcdRequest)
    i.PcdReset                               0x08003430   Section        0  rc522_function.o(i.PcdReset)
    i.PcdSelect                              0x080034b8   Section        0  rc522_function.o(i.PcdSelect)
    i.PcdWrite                               0x0800352a   Section        0  rc522_function.o(i.PcdWrite)
    i.PendSV_Handler                         0x080035c2   Section        0  stm32f10x_it.o(i.PendSV_Handler)
    i.Pow                                    0x080035c4   Section        0  palette.o(i.Pow)
    i.RC522_Init                             0x080035e0   Section        0  rc522_config.o(i.RC522_Init)
    i.RC522_SPI_Config                       0x08003604   Section        0  rc522_config.o(i.RC522_SPI_Config)
    RC522_SPI_Config                         0x08003605   Thumb Code   174  rc522_config.o(i.RC522_SPI_Config)
    i.RCC_AHBPeriphClockCmd                  0x080036c0   Section        0  stm32f10x_rcc.o(i.RCC_AHBPeriphClockCmd)
    i.RCC_APB1PeriphClockCmd                 0x080036e0   Section        0  stm32f10x_rcc.o(i.RCC_APB1PeriphClockCmd)
    i.RCC_APB2PeriphClockCmd                 0x08003700   Section        0  stm32f10x_rcc.o(i.RCC_APB2PeriphClockCmd)
    i.RCC_GetClocksFreq                      0x08003720   Section        0  stm32f10x_rcc.o(i.RCC_GetClocksFreq)
    i.ReadAmount                             0x080037f4   Section        0  rc522_function.o(i.ReadAmount)
    i.ReadRawRC                              0x08003874   Section        0  rc522_function.o(i.ReadRawRC)
    i.SMBus_Delay                            0x080038a8   Section        0  mlx90614.o(i.SMBus_Delay)
    i.SMBus_Init                             0x080038c4   Section        0  mlx90614.o(i.SMBus_Init)
    i.SMBus_ReadMemory                       0x08003900   Section        0  mlx90614.o(i.SMBus_ReadMemory)
    i.SMBus_ReadTemp                         0x080039a8   Section        0  mlx90614.o(i.SMBus_ReadTemp)
    i.SMBus_ReceiveBit                       0x080039e8   Section        0  mlx90614.o(i.SMBus_ReceiveBit)
    i.SMBus_ReceiveByte                      0x08003a30   Section        0  mlx90614.o(i.SMBus_ReceiveByte)
    i.SMBus_SendBit                          0x08003a64   Section        0  mlx90614.o(i.SMBus_SendBit)
    i.SMBus_SendByte                         0x08003aa8   Section        0  mlx90614.o(i.SMBus_SendByte)
    i.SMBus_StartBit                         0x08003ad8   Section        0  mlx90614.o(i.SMBus_StartBit)
    i.SMBus_StopBit                          0x08003b1c   Section        0  mlx90614.o(i.SMBus_StopBit)
    i.SPI_Cmd                                0x08003b5c   Section        0  stm32f10x_spi.o(i.SPI_Cmd)
    i.SPI_FLASH_BufferRead                   0x08003b74   Section        0  bsp_spi_flash.o(i.SPI_FLASH_BufferRead)
    i.SPI_FLASH_BufferWrite                  0x08003bc4   Section        0  bsp_spi_flash.o(i.SPI_FLASH_BufferWrite)
    i.SPI_FLASH_Init                         0x08003ce8   Section        0  bsp_spi_flash.o(i.SPI_FLASH_Init)
    i.SPI_FLASH_PageWrite                    0x08003da4   Section        0  bsp_spi_flash.o(i.SPI_FLASH_PageWrite)
    i.SPI_FLASH_SectorErase                  0x08003e40   Section        0  bsp_spi_flash.o(i.SPI_FLASH_SectorErase)
    i.SPI_FLASH_SendByte                     0x08003e84   Section        0  bsp_spi_flash.o(i.SPI_FLASH_SendByte)
    i.SPI_FLASH_WaitForWriteEnd              0x08003efc   Section        0  bsp_spi_flash.o(i.SPI_FLASH_WaitForWriteEnd)
    i.SPI_FLASH_WriteEnable                  0x08003f30   Section        0  bsp_spi_flash.o(i.SPI_FLASH_WriteEnable)
    i.SPI_I2S_GetFlagStatus                  0x08003f50   Section        0  stm32f10x_spi.o(i.SPI_I2S_GetFlagStatus)
    i.SPI_I2S_ReceiveData                    0x08003f62   Section        0  stm32f10x_spi.o(i.SPI_I2S_ReceiveData)
    i.SPI_I2S_SendData                       0x08003f68   Section        0  stm32f10x_spi.o(i.SPI_I2S_SendData)
    i.SPI_Init                               0x08003f6c   Section        0  stm32f10x_spi.o(i.SPI_Init)
    i.SPI_RC522_ReadByte                     0x08003fa8   Section        0  rc522_function.o(i.SPI_RC522_ReadByte)
    i.SPI_RC522_SendByte                     0x08003ffc   Section        0  rc522_function.o(i.SPI_RC522_SendByte)
    i.SPI_TIMEOUT_UserCallback               0x08004058   Section        0  bsp_spi_flash.o(i.SPI_TIMEOUT_UserCallback)
    SPI_TIMEOUT_UserCallback                 0x08004059   Thumb Code    16  bsp_spi_flash.o(i.SPI_TIMEOUT_UserCallback)
    i.SVC_Handler                            0x08004098   Section        0  stm32f10x_it.o(i.SVC_Handler)
    i.Send_sno                               0x0800409c   Section        0  test.o(i.Send_sno)
    i.SetBitMask                             0x08004254   Section        0  rc522_function.o(i.SetBitMask)
    i.SetSysClock                            0x0800426e   Section        0  system_stm32f10x.o(i.SetSysClock)
    SetSysClock                              0x0800426f   Thumb Code     8  system_stm32f10x.o(i.SetSysClock)
    i.SetSysClockTo72                        0x08004278   Section        0  system_stm32f10x.o(i.SetSysClockTo72)
    SetSysClockTo72                          0x08004279   Thumb Code   214  system_stm32f10x.o(i.SetSysClockTo72)
    i.SysTick_Handler                        0x08004358   Section        0  stm32f10x_it.o(i.SysTick_Handler)
    i.SysTick_Init                           0x08004360   Section        0  bsp_systick.o(i.SysTick_Init)
    i.SystemInit                             0x080043dc   Section        0  system_stm32f10x.o(i.SystemInit)
    i.TIM2_IRQHandler                        0x0800443c   Section        0  stm32f10x_it.o(i.TIM2_IRQHandler)
    i.TIM3_IRQHandler                        0x080044ec   Section        0  stm32f10x_it.o(i.TIM3_IRQHandler)
    i.TIM_ClearFlag                          0x0800450c   Section        0  stm32f10x_tim.o(i.TIM_ClearFlag)
    i.TIM_ClearITPendingBit                  0x08004512   Section        0  stm32f10x_tim.o(i.TIM_ClearITPendingBit)
    i.TIM_Cmd                                0x08004518   Section        0  stm32f10x_tim.o(i.TIM_Cmd)
    i.TIM_GetITStatus                        0x08004530   Section        0  stm32f10x_tim.o(i.TIM_GetITStatus)
    i.TIM_ITConfig                           0x08004552   Section        0  stm32f10x_tim.o(i.TIM_ITConfig)
    i.TIM_TimeBaseInit                       0x08004564   Section        0  stm32f10x_tim.o(i.TIM_TimeBaseInit)
    i.TimingDelay_Decrement                  0x08004608   Section        0  bsp_systick.o(i.TimingDelay_Decrement)
    i.Touch_Button_Down                      0x08004620   Section        0  palette.o(i.Touch_Button_Down)
    i.Touch_Button_Init                      0x080046d8   Section        0  palette.o(i.Touch_Button_Init)
    i.Touch_Button_Up                        0x08004928   Section        0  palette.o(i.Touch_Button_Up)
    i.USART1_IRQHandler                      0x080049b8   Section        0  stm32f10x_it.o(i.USART1_IRQHandler)
    i.USART3_IRQHandler                      0x080049bc   Section        0  stm32f10x_it.o(i.USART3_IRQHandler)
    i.USART_Cmd                              0x08004a5c   Section        0  stm32f10x_usart.o(i.USART_Cmd)
    i.USART_Config                           0x08004a74   Section        0  bsp_usart.o(i.USART_Config)
    i.USART_GetFlagStatus                    0x08004af4   Section        0  stm32f10x_usart.o(i.USART_GetFlagStatus)
    i.USART_GetITStatus                      0x08004b0e   Section        0  stm32f10x_usart.o(i.USART_GetITStatus)
    i.USART_ITConfig                         0x08004b62   Section        0  stm32f10x_usart.o(i.USART_ITConfig)
    i.USART_Init                             0x08004bac   Section        0  stm32f10x_usart.o(i.USART_Init)
    i.USART_ReceiveData                      0x08004c84   Section        0  stm32f10x_usart.o(i.USART_ReceiveData)
    i.USART_SendData                         0x08004c8e   Section        0  stm32f10x_usart.o(i.USART_SendData)
    i.USART_printf                           0x08004c96   Section        0  common.o(i.USART_printf)
    i.UsageFault_Handler                     0x08004d9c   Section        0  stm32f10x_it.o(i.UsageFault_Handler)
    i.WriteAmount                            0x08004da0   Section        0  rc522_function.o(i.WriteAmount)
    i.WriteRawRC                             0x08004e20   Section        0  rc522_function.o(i.WriteRawRC)
    i.XPT2046_Calculate_CalibrationFactor    0x08004e50   Section        0  bsp_xpt2046_lcd.o(i.XPT2046_Calculate_CalibrationFactor)
    XPT2046_Calculate_CalibrationFactor      0x08004e51   Thumb Code   478  bsp_xpt2046_lcd.o(i.XPT2046_Calculate_CalibrationFactor)
    i.XPT2046_DelayUS                        0x0800502e   Section        0  bsp_xpt2046_lcd.o(i.XPT2046_DelayUS)
    XPT2046_DelayUS                          0x0800502f   Thumb Code    30  bsp_xpt2046_lcd.o(i.XPT2046_DelayUS)
    i.XPT2046_Get_TouchedPoint               0x0800504c   Section        0  bsp_xpt2046_lcd.o(i.XPT2046_Get_TouchedPoint)
    i.XPT2046_Init                           0x08005138   Section        0  bsp_xpt2046_lcd.o(i.XPT2046_Init)
    i.XPT2046_ReadAdc                        0x080051d0   Section        0  bsp_xpt2046_lcd.o(i.XPT2046_ReadAdc)
    XPT2046_ReadAdc                          0x080051d1   Thumb Code    16  bsp_xpt2046_lcd.o(i.XPT2046_ReadAdc)
    i.XPT2046_ReadAdc_Smooth_XY              0x080051e0   Section        0  bsp_xpt2046_lcd.o(i.XPT2046_ReadAdc_Smooth_XY)
    XPT2046_ReadAdc_Smooth_XY                0x080051e1   Thumb Code   340  bsp_xpt2046_lcd.o(i.XPT2046_ReadAdc_Smooth_XY)
    i.XPT2046_ReadAdc_XY                     0x0800533c   Section        0  bsp_xpt2046_lcd.o(i.XPT2046_ReadAdc_XY)
    XPT2046_ReadAdc_XY                       0x0800533d   Thumb Code    38  bsp_xpt2046_lcd.o(i.XPT2046_ReadAdc_XY)
    i.XPT2046_ReadCMD                        0x08005364   Section        0  bsp_xpt2046_lcd.o(i.XPT2046_ReadCMD)
    XPT2046_ReadCMD                          0x08005365   Thumb Code    76  bsp_xpt2046_lcd.o(i.XPT2046_ReadCMD)
    i.XPT2046_TouchDetect                    0x080053b8   Section        0  bsp_xpt2046_lcd.o(i.XPT2046_TouchDetect)
    i.XPT2046_TouchDown                      0x0800546c   Section        0  bsp_xpt2046_lcd.o(i.XPT2046_TouchDown)
    i.XPT2046_TouchEvenHandler               0x08005494   Section        0  bsp_xpt2046_lcd.o(i.XPT2046_TouchEvenHandler)
    i.XPT2046_TouchUp                        0x080054fc   Section        0  bsp_xpt2046_lcd.o(i.XPT2046_TouchUp)
    i.XPT2046_Touch_Calibrate                0x08005528   Section        0  bsp_xpt2046_lcd.o(i.XPT2046_Touch_Calibrate)
    i.XPT2046_WriteCMD                       0x08005a1c   Section        0  bsp_xpt2046_lcd.o(i.XPT2046_WriteCMD)
    XPT2046_WriteCMD                         0x08005a1d   Thumb Code   100  bsp_xpt2046_lcd.o(i.XPT2046_WriteCMD)
    i.__0printf$8                            0x08005a88   Section        0  printf8.o(i.__0printf$8)
    i.__0sprintf$8                           0x08005aa8   Section        0  printf8.o(i.__0sprintf$8)
    i.__scatterload_copy                     0x08005ad0   Section       14  handlers.o(i.__scatterload_copy)
    i.__scatterload_null                     0x08005ade   Section        2  handlers.o(i.__scatterload_null)
    i.__scatterload_zeroinit                 0x08005ae0   Section       14  handlers.o(i.__scatterload_zeroinit)
    i._printf_core                           0x08005af0   Section        0  printf8.o(i._printf_core)
    _printf_core                             0x08005af1   Thumb Code   996  printf8.o(i._printf_core)
    i._printf_post_padding                   0x08005f00   Section        0  printf8.o(i._printf_post_padding)
    _printf_post_padding                     0x08005f01   Thumb Code    36  printf8.o(i._printf_post_padding)
    i._printf_pre_padding                    0x08005f24   Section        0  printf8.o(i._printf_pre_padding)
    _printf_pre_padding                      0x08005f25   Thumb Code    46  printf8.o(i._printf_pre_padding)
    i._sputc                                 0x08005f52   Section        0  printf8.o(i._sputc)
    _sputc                                   0x08005f53   Thumb Code    10  printf8.o(i._sputc)
    i.fputc                                  0x08005f5c   Section        0  bsp_usart.o(i.fputc)
    i.itoa                                   0x08005f80   Section        0  common.o(i.itoa)
    itoa                                     0x08005f81   Thumb Code    98  common.o(i.itoa)
    i.main                                   0x08005fe4   Section        0  main.o(i.main)
    i.nopass                                 0x080060dc   Section        0  test.o(i.nopass)
    i.nopass2                                0x08006188   Section        0  test.o(i.nopass2)
    i.pass                                   0x08006298   Section        0  test.o(i.pass)
    .constdata                               0x080062b8   Section    15200  fonts.o(.constdata)
    .conststring                             0x08009e18   Section      149  test.o(.conststring)
    .data                                    0x20000000   Section       20  system_stm32f10x.o(.data)
    .data                                    0x20000014   Section       20  stm32f10x_rcc.o(.data)
    APBAHBPrescTable                         0x20000014   Data          16  stm32f10x_rcc.o(.data)
    ADCPrescTable                            0x20000024   Data           4  stm32f10x_rcc.o(.data)
    .data                                    0x20000028   Section        2  main.o(.data)
    TextColor                                0x20000028   Data           2  main.o(.data)
    .data                                    0x2000002a   Section        2  stm32f10x_it.o(.data)
    TextColor                                0x2000002a   Data           2  stm32f10x_it.o(.data)
    .data                                    0x2000002c   Section       16  bsp_ili9341_lcd.o(.data)
    LCD_Currentfonts                         0x20000034   Data           4  bsp_ili9341_lcd.o(.data)
    CurrentTextColor                         0x20000038   Data           2  bsp_ili9341_lcd.o(.data)
    CurrentBackColor                         0x2000003a   Data           2  bsp_ili9341_lcd.o(.data)
    .data                                    0x2000003c   Section       25  fonts.o(.data)
    everRead                                 0x20000054   Data           1  fonts.o(.data)
    .data                                    0x20000058   Section        4  bsp_spi_flash.o(.data)
    SPITimeout                               0x20000058   Data           4  bsp_spi_flash.o(.data)
    .data                                    0x2000005c   Section        4  bsp_systick.o(.data)
    TimingDelay                              0x2000005c   Data           4  bsp_systick.o(.data)
    .data                                    0x20000060   Section       53  test.o(.data)
    TextColor                                0x20000060   Data           2  test.o(.data)
    .data                                    0x20000096   Section        3  palette.o(.data)
    TextColor                                0x20000096   Data           2  palette.o(.data)
    .data                                    0x2000009c   Section      208  bsp_xpt2046_lcd.o(.data)
    touch_state                              0x2000015d   Data           1  bsp_xpt2046_lcd.o(.data)
    i                                        0x20000160   Data           4  bsp_xpt2046_lcd.o(.data)
    cinfo                                    0x20000164   Data           8  bsp_xpt2046_lcd.o(.data)
    .data                                    0x2000016c   Section        4  stdout.o(.data)
    .bss                                     0x20000170   Section    17408  bsp_ili9341_lcd.o(.bss)
    .bss                                     0x20004570   Section     2052  bsp_esp8266.o(.bss)
    .bss                                     0x20004d74   Section      303  palette.o(.bss)
    STACK                                    0x20004ea8   Section     1024  startup_stm32f10x_hd.o(STACK)

    Global Symbols

    Symbol Name                              Value     Ov Type        Size  Object(Section)

    BuildAttributes$$THM_ISAv4$P$D$K$B$S$PE$A:L22UL41UL21$X:L11$S22US41US21$IEEE1$IW$USESV6$~STKCKD$USESV7$~SHL$OTIME$ROPI$EBA8$MICROLIB$REQ8$PRES8$EABIv2 0x00000000   Number         0  anon$$obj.o ABSOLUTE
    __ARM_use_no_argv                        0x00000000   Number         0  main.o ABSOLUTE
    _printf_a                                0x00000000   Number         0  stubs.o ABSOLUTE
    _printf_c                                0x00000000   Number         0  stubs.o ABSOLUTE
    _printf_charcount                        0x00000000   Number         0  stubs.o ABSOLUTE
    _printf_d                                0x00000000   Number         0  stubs.o ABSOLUTE
    _printf_e                                0x00000000   Number         0  stubs.o ABSOLUTE
    _printf_f                                0x00000000   Number         0  stubs.o ABSOLUTE
    _printf_flags                            0x00000000   Number         0  stubs.o ABSOLUTE
    _printf_fp_dec                           0x00000000   Number         0  stubs.o ABSOLUTE
    _printf_fp_hex                           0x00000000   Number         0  stubs.o ABSOLUTE
    _printf_g                                0x00000000   Number         0  stubs.o ABSOLUTE
    _printf_i                                0x00000000   Number         0  stubs.o ABSOLUTE
    _printf_int_dec                          0x00000000   Number         0  stubs.o ABSOLUTE
    _printf_l                                0x00000000   Number         0  stubs.o ABSOLUTE
    _printf_lc                               0x00000000   Number         0  stubs.o ABSOLUTE
    _printf_ll                               0x00000000   Number         0  stubs.o ABSOLUTE
    _printf_lld                              0x00000000   Number         0  stubs.o ABSOLUTE
    _printf_lli                              0x00000000   Number         0  stubs.o ABSOLUTE
    _printf_llo                              0x00000000   Number         0  stubs.o ABSOLUTE
    _printf_llu                              0x00000000   Number         0  stubs.o ABSOLUTE
    _printf_llx                              0x00000000   Number         0  stubs.o ABSOLUTE
    _printf_longlong_dec                     0x00000000   Number         0  stubs.o ABSOLUTE
    _printf_longlong_hex                     0x00000000   Number         0  stubs.o ABSOLUTE
    _printf_longlong_oct                     0x00000000   Number         0  stubs.o ABSOLUTE
    _printf_ls                               0x00000000   Number         0  stubs.o ABSOLUTE
    _printf_mbtowc                           0x00000000   Number         0  stubs.o ABSOLUTE
    _printf_n                                0x00000000   Number         0  stubs.o ABSOLUTE
    _printf_o                                0x00000000   Number         0  stubs.o ABSOLUTE
    _printf_p                                0x00000000   Number         0  stubs.o ABSOLUTE
    _printf_percent                          0x00000000   Number         0  stubs.o ABSOLUTE
    _printf_pre_padding                      0x00000000   Number         0  stubs.o ABSOLUTE
    _printf_return_value                     0x00000000   Number         0  stubs.o ABSOLUTE
    _printf_s                                0x00000000   Number         0  stubs.o ABSOLUTE
    _printf_sizespec                         0x00000000   Number         0  stubs.o ABSOLUTE
    _printf_str                              0x00000000   Number         0  stubs.o ABSOLUTE
    _printf_truncate_signed                  0x00000000   Number         0  stubs.o ABSOLUTE
    _printf_truncate_unsigned                0x00000000   Number         0  stubs.o ABSOLUTE
    _printf_u                                0x00000000   Number         0  stubs.o ABSOLUTE
    _printf_wc                               0x00000000   Number         0  stubs.o ABSOLUTE
    _printf_wctomb                           0x00000000   Number         0  stubs.o ABSOLUTE
    _printf_widthprec                        0x00000000   Number         0  stubs.o ABSOLUTE
    _printf_x                                0x00000000   Number         0  stubs.o ABSOLUTE
    __cpp_initialize__aeabi_                  - Undefined Weak Reference
    __cxa_finalize                            - Undefined Weak Reference
    _clock_init                               - Undefined Weak Reference
    _microlib_exit                            - Undefined Weak Reference
    __Vectors_Size                           0x00000130   Number         0  startup_stm32f10x_hd.o ABSOLUTE
    __Vectors                                0x08000000   Data           4  startup_stm32f10x_hd.o(RESET)
    __Vectors_End                            0x08000130   Data           0  startup_stm32f10x_hd.o(RESET)
    __main                                   0x08000131   Thumb Code     0  entry.o(.ARM.Collect$$$$00000000)
    _main_stk                                0x08000131   Thumb Code     0  entry2.o(.ARM.Collect$$$$00000001)
    _main_scatterload                        0x08000135   Thumb Code     0  entry5.o(.ARM.Collect$$$$00000004)
    __main_after_scatterload                 0x08000139   Thumb Code     0  entry5.o(.ARM.Collect$$$$00000004)
    _main_clock                              0x08000139   Thumb Code     0  entry7b.o(.ARM.Collect$$$$00000008)
    _main_cpp_init                           0x08000139   Thumb Code     0  entry8b.o(.ARM.Collect$$$$0000000A)
    _main_init                               0x08000139   Thumb Code     0  entry9a.o(.ARM.Collect$$$$0000000B)
    __rt_final_cpp                           0x08000141   Thumb Code     0  entry10a.o(.ARM.Collect$$$$0000000D)
    __rt_final_exit                          0x08000141   Thumb Code     0  entry11a.o(.ARM.Collect$$$$0000000F)
    Reset_Handler                            0x08000145   Thumb Code     8  startup_stm32f10x_hd.o(.text)
    ADC1_2_IRQHandler                        0x0800015f   Thumb Code     0  startup_stm32f10x_hd.o(.text)
    ADC3_IRQHandler                          0x0800015f   Thumb Code     0  startup_stm32f10x_hd.o(.text)
    CAN1_RX1_IRQHandler                      0x0800015f   Thumb Code     0  startup_stm32f10x_hd.o(.text)
    CAN1_SCE_IRQHandler                      0x0800015f   Thumb Code     0  startup_stm32f10x_hd.o(.text)
    DMA1_Channel1_IRQHandler                 0x0800015f   Thumb Code     0  startup_stm32f10x_hd.o(.text)
    DMA1_Channel2_IRQHandler                 0x0800015f   Thumb Code     0  startup_stm32f10x_hd.o(.text)
    DMA1_Channel3_IRQHandler                 0x0800015f   Thumb Code     0  startup_stm32f10x_hd.o(.text)
    DMA1_Channel4_IRQHandler                 0x0800015f   Thumb Code     0  startup_stm32f10x_hd.o(.text)
    DMA1_Channel5_IRQHandler                 0x0800015f   Thumb Code     0  startup_stm32f10x_hd.o(.text)
    DMA1_Channel6_IRQHandler                 0x0800015f   Thumb Code     0  startup_stm32f10x_hd.o(.text)
    DMA1_Channel7_IRQHandler                 0x0800015f   Thumb Code     0  startup_stm32f10x_hd.o(.text)
    DMA2_Channel1_IRQHandler                 0x0800015f   Thumb Code     0  startup_stm32f10x_hd.o(.text)
    DMA2_Channel2_IRQHandler                 0x0800015f   Thumb Code     0  startup_stm32f10x_hd.o(.text)
    DMA2_Channel3_IRQHandler                 0x0800015f   Thumb Code     0  startup_stm32f10x_hd.o(.text)
    DMA2_Channel4_5_IRQHandler               0x0800015f   Thumb Code     0  startup_stm32f10x_hd.o(.text)
    EXTI1_IRQHandler                         0x0800015f   Thumb Code     0  startup_stm32f10x_hd.o(.text)
    EXTI2_IRQHandler                         0x0800015f   Thumb Code     0  startup_stm32f10x_hd.o(.text)
    EXTI3_IRQHandler                         0x0800015f   Thumb Code     0  startup_stm32f10x_hd.o(.text)
    EXTI4_IRQHandler                         0x0800015f   Thumb Code     0  startup_stm32f10x_hd.o(.text)
    EXTI9_5_IRQHandler                       0x0800015f   Thumb Code     0  startup_stm32f10x_hd.o(.text)
    FLASH_IRQHandler                         0x0800015f   Thumb Code     0  startup_stm32f10x_hd.o(.text)
    FSMC_IRQHandler                          0x0800015f   Thumb Code     0  startup_stm32f10x_hd.o(.text)
    I2C1_ER_IRQHandler                       0x0800015f   Thumb Code     0  startup_stm32f10x_hd.o(.text)
    I2C1_EV_IRQHandler                       0x0800015f   Thumb Code     0  startup_stm32f10x_hd.o(.text)
    I2C2_ER_IRQHandler                       0x0800015f   Thumb Code     0  startup_stm32f10x_hd.o(.text)
    I2C2_EV_IRQHandler                       0x0800015f   Thumb Code     0  startup_stm32f10x_hd.o(.text)
    PVD_IRQHandler                           0x0800015f   Thumb Code     0  startup_stm32f10x_hd.o(.text)
    RCC_IRQHandler                           0x0800015f   Thumb Code     0  startup_stm32f10x_hd.o(.text)
    RTCAlarm_IRQHandler                      0x0800015f   Thumb Code     0  startup_stm32f10x_hd.o(.text)
    RTC_IRQHandler                           0x0800015f   Thumb Code     0  startup_stm32f10x_hd.o(.text)
    SDIO_IRQHandler                          0x0800015f   Thumb Code     0  startup_stm32f10x_hd.o(.text)
    SPI1_IRQHandler                          0x0800015f   Thumb Code     0  startup_stm32f10x_hd.o(.text)
    SPI2_IRQHandler                          0x0800015f   Thumb Code     0  startup_stm32f10x_hd.o(.text)
    SPI3_IRQHandler                          0x0800015f   Thumb Code     0  startup_stm32f10x_hd.o(.text)
    TAMPER_IRQHandler                        0x0800015f   Thumb Code     0  startup_stm32f10x_hd.o(.text)
    TIM1_BRK_IRQHandler                      0x0800015f   Thumb Code     0  startup_stm32f10x_hd.o(.text)
    TIM1_CC_IRQHandler                       0x0800015f   Thumb Code     0  startup_stm32f10x_hd.o(.text)
    TIM1_TRG_COM_IRQHandler                  0x0800015f   Thumb Code     0  startup_stm32f10x_hd.o(.text)
    TIM1_UP_IRQHandler                       0x0800015f   Thumb Code     0  startup_stm32f10x_hd.o(.text)
    TIM4_IRQHandler                          0x0800015f   Thumb Code     0  startup_stm32f10x_hd.o(.text)
    TIM5_IRQHandler                          0x0800015f   Thumb Code     0  startup_stm32f10x_hd.o(.text)
    TIM6_IRQHandler                          0x0800015f   Thumb Code     0  startup_stm32f10x_hd.o(.text)
    TIM7_IRQHandler                          0x0800015f   Thumb Code     0  startup_stm32f10x_hd.o(.text)
    TIM8_BRK_IRQHandler                      0x0800015f   Thumb Code     0  startup_stm32f10x_hd.o(.text)
    TIM8_CC_IRQHandler                       0x0800015f   Thumb Code     0  startup_stm32f10x_hd.o(.text)
    TIM8_TRG_COM_IRQHandler                  0x0800015f   Thumb Code     0  startup_stm32f10x_hd.o(.text)
    TIM8_UP_IRQHandler                       0x0800015f   Thumb Code     0  startup_stm32f10x_hd.o(.text)
    UART4_IRQHandler                         0x0800015f   Thumb Code     0  startup_stm32f10x_hd.o(.text)
    UART5_IRQHandler                         0x0800015f   Thumb Code     0  startup_stm32f10x_hd.o(.text)
    USART2_IRQHandler                        0x0800015f   Thumb Code     0  startup_stm32f10x_hd.o(.text)
    USBWakeUp_IRQHandler                     0x0800015f   Thumb Code     0  startup_stm32f10x_hd.o(.text)
    USB_HP_CAN1_TX_IRQHandler                0x0800015f   Thumb Code     0  startup_stm32f10x_hd.o(.text)
    USB_LP_CAN1_RX0_IRQHandler               0x0800015f   Thumb Code     0  startup_stm32f10x_hd.o(.text)
    WWDG_IRQHandler                          0x0800015f   Thumb Code     0  startup_stm32f10x_hd.o(.text)
    __aeabi_memset                           0x08000169   Thumb Code    14  memseta.o(.text)
    __aeabi_memset4                          0x08000169   Thumb Code     0  memseta.o(.text)
    __aeabi_memset8                          0x08000169   Thumb Code     0  memseta.o(.text)
    __aeabi_memclr                           0x08000177   Thumb Code     4  memseta.o(.text)
    __aeabi_memclr4                          0x08000177   Thumb Code     0  memseta.o(.text)
    __aeabi_memclr8                          0x08000177   Thumb Code     0  memseta.o(.text)
    _memset$wrapper                          0x0800017b   Thumb Code    18  memseta.o(.text)
    strstr                                   0x0800018d   Thumb Code    36  strstr.o(.text)
    strlen                                   0x080001b1   Thumb Code    14  strlen.o(.text)
    __aeabi_fadd                             0x080001bf   Thumb Code   164  fadd.o(.text)
    __aeabi_fsub                             0x08000263   Thumb Code     6  fadd.o(.text)
    __aeabi_frsub                            0x08000269   Thumb Code     6  fadd.o(.text)
    __aeabi_fmul                             0x0800026f   Thumb Code   100  fmul.o(.text)
    __aeabi_fdiv                             0x080002d3   Thumb Code   124  fdiv.o(.text)
    __aeabi_dadd                             0x0800034f   Thumb Code   322  dadd.o(.text)
    __aeabi_dsub                             0x08000491   Thumb Code     6  dadd.o(.text)
    __aeabi_drsub                            0x08000497   Thumb Code     6  dadd.o(.text)
    __aeabi_dmul                             0x0800049d   Thumb Code   228  dmul.o(.text)
    __aeabi_ddiv                             0x08000581   Thumb Code   222  ddiv.o(.text)
    __aeabi_i2f                              0x0800065f   Thumb Code    18  fflti.o(.text)
    __aeabi_ui2d                             0x08000671   Thumb Code    26  dfltui.o(.text)
    __aeabi_f2iz                             0x0800068b   Thumb Code    50  ffixi.o(.text)
    __aeabi_f2uiz                            0x080006bd   Thumb Code    40  ffixui.o(.text)
    __aeabi_f2d                              0x080006e5   Thumb Code    38  f2d.o(.text)
    __aeabi_d2f                              0x0800070b   Thumb Code    56  d2f.o(.text)
    __aeabi_cfcmpeq                          0x08000745   Thumb Code     0  cfcmple.o(.text)
    __aeabi_cfcmple                          0x08000745   Thumb Code    20  cfcmple.o(.text)
    __aeabi_uldivmod                         0x08000759   Thumb Code    98  uldiv.o(.text)
    __aeabi_llsl                             0x080007bb   Thumb Code    30  llshl.o(.text)
    _ll_shift_l                              0x080007bb   Thumb Code     0  llshl.o(.text)
    __aeabi_lasr                             0x080007d9   Thumb Code    36  llsshr.o(.text)
    _ll_sshift_r                             0x080007d9   Thumb Code     0  llsshr.o(.text)
    __I$use$fp                               0x080007fd   Thumb Code     0  iusefp.o(.text)
    _float_round                             0x080007fd   Thumb Code    18  fepilogue.o(.text)
    _float_epilogue                          0x0800080f   Thumb Code    92  fepilogue.o(.text)
    _double_round                            0x0800086b   Thumb Code    30  depilogue.o(.text)
    _double_epilogue                         0x08000889   Thumb Code   156  depilogue.o(.text)
    __scatterload                            0x08000925   Thumb Code    28  init.o(.text)
    __scatterload_rt2                        0x08000925   Thumb Code     0  init.o(.text)
    __aeabi_llsr                             0x08000949   Thumb Code    32  llushr.o(.text)
    _ll_ushift_r                             0x08000949   Thumb Code     0  llushr.o(.text)
    __decompress                             0x08000969   Thumb Code     0  __dczerorl2.o(.text)
    __decompress1                            0x08000969   Thumb Code    86  __dczerorl2.o(.text)
    BusFault_Handler                         0x080009bf   Thumb Code     4  stm32f10x_it.o(i.BusFault_Handler)
    Calibrate_or_Get_TouchParaWithFlash      0x080009c5   Thumb Code   134  bsp_xpt2046_lcd.o(i.Calibrate_or_Get_TouchParaWithFlash)
    CalulateCRC                              0x08000a51   Thumb Code   108  rc522_function.o(i.CalulateCRC)
    ClearBitMask                             0x08000abd   Thumb Code    26  rc522_function.o(i.ClearBitMask)
    DebugMon_Handler                         0x08000ad7   Thumb Code     2  stm32f10x_it.o(i.DebugMon_Handler)
    Delay_us                                 0x08000ad9   Thumb Code    52  bsp_systick.o(i.Delay_us)
    ESP8266_AT_Test                          0x08000b11   Thumb Code    56  bsp_esp8266.o(i.ESP8266_AT_Test)
    ESP8266_Cmd                              0x08000b59   Thumb Code   200  bsp_esp8266.o(i.ESP8266_Cmd)
    ESP8266_Connect                          0x08000c35   Thumb Code    96  test.o(i.ESP8266_Connect)
    ESP8266_Enable_MultipleId                0x08000cfd   Thumb Code    42  bsp_esp8266.o(i.ESP8266_Enable_MultipleId)
    ESP8266_Init                             0x08000d81   Thumb Code    32  bsp_esp8266.o(i.ESP8266_Init)
    ESP8266_JoinAP                           0x08000da5   Thumb Code    38  bsp_esp8266.o(i.ESP8266_JoinAP)
    ESP8266_Link_Server                      0x08000de5   Thumb Code   110  bsp_esp8266.o(i.ESP8266_Link_Server)
    ESP8266_Net_Mode_Choose                  0x08000ea5   Thumb Code    68  bsp_esp8266.o(i.ESP8266_Net_Mode_Choose)
    ESP8266_Rst                              0x08000f1d   Thumb Code    30  bsp_esp8266.o(i.ESP8266_Rst)
    ESP8266_SendString                       0x08000f45   Thumb Code   102  bsp_esp8266.o(i.ESP8266_SendString)
    ESP8266_UnvarnishSend                    0x080010a9   Thumb Code    38  bsp_esp8266.o(i.ESP8266_UnvarnishSend)
    EXTI0_IRQHandler                         0x080010f5   Thumb Code   168  stm32f10x_it.o(i.EXTI0_IRQHandler)
    EXTI15_10_IRQHandler                     0x080011b1   Thumb Code   172  stm32f10x_it.o(i.EXTI15_10_IRQHandler)
    EXTI_ClearITPendingBit                   0x08001271   Thumb Code     6  stm32f10x_exti.o(i.EXTI_ClearITPendingBit)
    EXTI_GetITStatus                         0x0800127d   Thumb Code    34  stm32f10x_exti.o(i.EXTI_GetITStatus)
    EXTI_Init                                0x080012a5   Thumb Code   142  stm32f10x_exti.o(i.EXTI_Init)
    EXTI_Key_Config                          0x08001339   Thumb Code   132  bsp_exti.o(i.EXTI_Key_Config)
    FSMC_NORSRAMCmd                          0x080013c5   Thumb Code    46  stm32f10x_fsmc.o(i.FSMC_NORSRAMCmd)
    FSMC_NORSRAMInit                         0x080013f9   Thumb Code   230  stm32f10x_fsmc.o(i.FSMC_NORSRAMInit)
    GENERAL_TIM2_Init                        0x080014df   Thumb Code    12  timer2.o(i.GENERAL_TIM2_Init)
    GENERAL_TIM_Init                         0x08001557   Thumb Code    12  timer.o(i.GENERAL_TIM_Init)
    GPIO_EXTILineConfig                      0x080015c9   Thumb Code    60  stm32f10x_gpio.o(i.GPIO_EXTILineConfig)
    GPIO_Init                                0x08001609   Thumb Code   278  stm32f10x_gpio.o(i.GPIO_Init)
    GPIO_ReadInputDataBit                    0x0800171f   Thumb Code    18  stm32f10x_gpio.o(i.GPIO_ReadInputDataBit)
    GPIO_ResetBits                           0x08001731   Thumb Code     4  stm32f10x_gpio.o(i.GPIO_ResetBits)
    GPIO_SetBits                             0x08001735   Thumb Code     4  stm32f10x_gpio.o(i.GPIO_SetBits)
    GetGBKCode_from_EXFlash                  0x08001739   Thumb Code    74  fonts.o(i.GetGBKCode_from_EXFlash)
    Get_ESP82666_Cmd                         0x0800178d   Thumb Code   130  test.o(i.Get_ESP82666_Cmd)
    HardFault_Handler                        0x0800181d   Thumb Code     4  stm32f10x_it.o(i.HardFault_Handler)
    IC_test                                  0x08001821   Thumb Code  1272  test.o(i.IC_test)
    ILI9341_BackLed_Control                  0x08001d3d   Thumb Code    26  bsp_ili9341_lcd.o(i.ILI9341_BackLed_Control)
    ILI9341_Clear                            0x08001d5d   Thumb Code    40  bsp_ili9341_lcd.o(i.ILI9341_Clear)
    ILI9341_DispChar_EN                      0x08001d9d   Thumb Code   138  bsp_ili9341_lcd.o(i.ILI9341_DispChar_EN)
    ILI9341_DispStringLine_EN                0x08001e35   Thumb Code    92  bsp_ili9341_lcd.o(i.ILI9341_DispStringLine_EN)
    ILI9341_DisplayStringEx                  0x08001e9d   Thumb Code   246  bsp_ili9341_lcd.o(i.ILI9341_DisplayStringEx)
    ILI9341_DrawChar_Ex                      0x08001fa5   Thumb Code    92  bsp_ili9341_lcd.o(i.ILI9341_DrawChar_Ex)
    ILI9341_DrawLine                         0x08002035   Thumb Code   160  bsp_ili9341_lcd.o(i.ILI9341_DrawLine)
    ILI9341_DrawRectangle                    0x080020d5   Thumb Code   132  bsp_ili9341_lcd.o(i.ILI9341_DrawRectangle)
    ILI9341_GramScan                         0x0800237d   Thumb Code   172  bsp_ili9341_lcd.o(i.ILI9341_GramScan)
    ILI9341_Init                             0x08002435   Thumb Code    34  bsp_ili9341_lcd.o(i.ILI9341_Init)
    ILI9341_OpenWindow                       0x0800245d   Thumb Code    96  bsp_ili9341_lcd.o(i.ILI9341_OpenWindow)
    ILI9341_Rst                              0x080026ed   Thumb Code    40  bsp_ili9341_lcd.o(i.ILI9341_Rst)
    ILI9341_SetPointPixel                    0x0800272d   Thumb Code    42  bsp_ili9341_lcd.o(i.ILI9341_SetPointPixel)
    ILI9341_Write_Cmd                        0x08002765   Thumb Code     8  bsp_ili9341_lcd.o(i.ILI9341_Write_Cmd)
    ILI9341_Write_Data                       0x0800276d   Thumb Code     8  bsp_ili9341_lcd.o(i.ILI9341_Write_Data)
    ILI9341_zoomChar                         0x08002775   Thumb Code   378  bsp_ili9341_lcd.o(i.ILI9341_zoomChar)
    LCD_ClearLine                            0x080028f9   Thumb Code    26  bsp_ili9341_lcd.o(i.LCD_ClearLine)
    LCD_GetFont                              0x08002919   Thumb Code     6  bsp_ili9341_lcd.o(i.LCD_GetFont)
    LCD_SetBackColor                         0x08002925   Thumb Code     6  bsp_ili9341_lcd.o(i.LCD_SetBackColor)
    LCD_SetColors                            0x08002931   Thumb Code    10  bsp_ili9341_lcd.o(i.LCD_SetColors)
    LCD_SetFont                              0x08002945   Thumb Code     6  bsp_ili9341_lcd.o(i.LCD_SetFont)
    LCD_SetTextColor                         0x08002951   Thumb Code     6  bsp_ili9341_lcd.o(i.LCD_SetTextColor)
    LED_GPIO_Config                          0x0800295d   Thumb Code    90  bsp_led.o(i.LED_GPIO_Config)
    M500PcdConfigISOType                     0x080029bd   Thumb Code    84  rc522_function.o(i.M500PcdConfigISOType)
    MYLED_GPIO_Config                        0x08002a11   Thumb Code    90  my_led.o(i.MYLED_GPIO_Config)
    MemManage_Handler                        0x08002a71   Thumb Code     4  stm32f10x_it.o(i.MemManage_Handler)
    My_Face                                  0x08002ef1   Thumb Code    52  palette.o(i.My_Face)
    NMI_Handler                              0x08002f35   Thumb Code     2  stm32f10x_it.o(i.NMI_Handler)
    NVIC_Init                                0x08002f65   Thumb Code   100  misc.o(i.NVIC_Init)
    NVIC_PriorityGroupConfig                 0x08002fd5   Thumb Code    10  misc.o(i.NVIC_PriorityGroupConfig)
    PEC_Calculation                          0x08002fe9   Thumb Code   186  mlx90614.o(i.PEC_Calculation)
    Palette_Init                             0x080030a5   Thumb Code   104  palette.o(i.Palette_Init)
    PcdAntennaOn                             0x08003125   Thumb Code    26  rc522_function.o(i.PcdAntennaOn)
    PcdAnticoll                              0x0800313f   Thumb Code   114  rc522_function.o(i.PcdAnticoll)
    PcdAuthState                             0x080031b1   Thumb Code   112  rc522_function.o(i.PcdAuthState)
    PcdComMF522                              0x08003221   Thumb Code   306  rc522_function.o(i.PcdComMF522)
    PcdHalt                                  0x08003353   Thumb Code    50  rc522_function.o(i.PcdHalt)
    PcdRead                                  0x08003385   Thumb Code    86  rc522_function.o(i.PcdRead)
    PcdRequest                               0x080033db   Thumb Code    86  rc522_function.o(i.PcdRequest)
    PcdReset                                 0x08003431   Thumb Code   130  rc522_function.o(i.PcdReset)
    PcdSelect                                0x080034b9   Thumb Code   114  rc522_function.o(i.PcdSelect)
    PcdWrite                                 0x0800352b   Thumb Code   152  rc522_function.o(i.PcdWrite)
    PendSV_Handler                           0x080035c3   Thumb Code     2  stm32f10x_it.o(i.PendSV_Handler)
    Pow                                      0x080035c5   Thumb Code    26  palette.o(i.Pow)
    RC522_Init                               0x080035e1   Thumb Code    26  rc522_config.o(i.RC522_Init)
    RCC_AHBPeriphClockCmd                    0x080036c1   Thumb Code    26  stm32f10x_rcc.o(i.RCC_AHBPeriphClockCmd)
    RCC_APB1PeriphClockCmd                   0x080036e1   Thumb Code    26  stm32f10x_rcc.o(i.RCC_APB1PeriphClockCmd)
    RCC_APB2PeriphClockCmd                   0x08003701   Thumb Code    26  stm32f10x_rcc.o(i.RCC_APB2PeriphClockCmd)
    RCC_GetClocksFreq                        0x08003721   Thumb Code   192  stm32f10x_rcc.o(i.RCC_GetClocksFreq)
    ReadAmount                               0x080037f5   Thumb Code   128  rc522_function.o(i.ReadAmount)
    ReadRawRC                                0x08003875   Thumb Code    46  rc522_function.o(i.ReadRawRC)
    SMBus_Delay                              0x080038a9   Thumb Code    26  mlx90614.o(i.SMBus_Delay)
    SMBus_Init                               0x080038c5   Thumb Code    54  mlx90614.o(i.SMBus_Init)
    SMBus_ReadMemory                         0x08003901   Thumb Code   166  mlx90614.o(i.SMBus_ReadMemory)
    SMBus_ReadTemp                           0x080039a9   Thumb Code    50  mlx90614.o(i.SMBus_ReadTemp)
    SMBus_ReceiveBit                         0x080039e9   Thumb Code    68  mlx90614.o(i.SMBus_ReceiveBit)
    SMBus_ReceiveByte                        0x08003a31   Thumb Code    50  mlx90614.o(i.SMBus_ReceiveByte)
    SMBus_SendBit                            0x08003a65   Thumb Code    64  mlx90614.o(i.SMBus_SendBit)
    SMBus_SendByte                           0x08003aa9   Thumb Code    48  mlx90614.o(i.SMBus_SendByte)
    SMBus_StartBit                           0x08003ad9   Thumb Code    64  mlx90614.o(i.SMBus_StartBit)
    SMBus_StopBit                            0x08003b1d   Thumb Code    58  mlx90614.o(i.SMBus_StopBit)
    SPI_Cmd                                  0x08003b5d   Thumb Code    24  stm32f10x_spi.o(i.SPI_Cmd)
    SPI_FLASH_BufferRead                     0x08003b75   Thumb Code    76  bsp_spi_flash.o(i.SPI_FLASH_BufferRead)
    SPI_FLASH_BufferWrite                    0x08003bc5   Thumb Code   290  bsp_spi_flash.o(i.SPI_FLASH_BufferWrite)
    SPI_FLASH_Init                           0x08003ce9   Thumb Code   178  bsp_spi_flash.o(i.SPI_FLASH_Init)
    SPI_FLASH_PageWrite                      0x08003da5   Thumb Code    98  bsp_spi_flash.o(i.SPI_FLASH_PageWrite)
    SPI_FLASH_SectorErase                    0x08003e41   Thumb Code    62  bsp_spi_flash.o(i.SPI_FLASH_SectorErase)
    SPI_FLASH_SendByte                       0x08003e85   Thumb Code   110  bsp_spi_flash.o(i.SPI_FLASH_SendByte)
    SPI_FLASH_WaitForWriteEnd                0x08003efd   Thumb Code    46  bsp_spi_flash.o(i.SPI_FLASH_WaitForWriteEnd)
    SPI_FLASH_WriteEnable                    0x08003f31   Thumb Code    26  bsp_spi_flash.o(i.SPI_FLASH_WriteEnable)
    SPI_I2S_GetFlagStatus                    0x08003f51   Thumb Code    18  stm32f10x_spi.o(i.SPI_I2S_GetFlagStatus)
    SPI_I2S_ReceiveData                      0x08003f63   Thumb Code     6  stm32f10x_spi.o(i.SPI_I2S_ReceiveData)
    SPI_I2S_SendData                         0x08003f69   Thumb Code     4  stm32f10x_spi.o(i.SPI_I2S_SendData)
    SPI_Init                                 0x08003f6d   Thumb Code    60  stm32f10x_spi.o(i.SPI_Init)
    SPI_RC522_ReadByte                       0x08003fa9   Thumb Code    74  rc522_function.o(i.SPI_RC522_ReadByte)
    SPI_RC522_SendByte                       0x08003ffd   Thumb Code    84  rc522_function.o(i.SPI_RC522_SendByte)
    SVC_Handler                              0x08004099   Thumb Code     2  stm32f10x_it.o(i.SVC_Handler)
    Send_sno                                 0x0800409d   Thumb Code   306  test.o(i.Send_sno)
    SetBitMask                               0x08004255   Thumb Code    26  rc522_function.o(i.SetBitMask)
    SysTick_Handler                          0x08004359   Thumb Code     8  stm32f10x_it.o(i.SysTick_Handler)
    SysTick_Init                             0x08004361   Thumb Code   106  bsp_systick.o(i.SysTick_Init)
    SystemInit                               0x080043dd   Thumb Code    78  system_stm32f10x.o(i.SystemInit)
    TIM2_IRQHandler                          0x0800443d   Thumb Code   150  stm32f10x_it.o(i.TIM2_IRQHandler)
    TIM3_IRQHandler                          0x080044ed   Thumb Code    28  stm32f10x_it.o(i.TIM3_IRQHandler)
    TIM_ClearFlag                            0x0800450d   Thumb Code     6  stm32f10x_tim.o(i.TIM_ClearFlag)
    TIM_ClearITPendingBit                    0x08004513   Thumb Code     6  stm32f10x_tim.o(i.TIM_ClearITPendingBit)
    TIM_Cmd                                  0x08004519   Thumb Code    24  stm32f10x_tim.o(i.TIM_Cmd)
    TIM_GetITStatus                          0x08004531   Thumb Code    34  stm32f10x_tim.o(i.TIM_GetITStatus)
    TIM_ITConfig                             0x08004553   Thumb Code    18  stm32f10x_tim.o(i.TIM_ITConfig)
    TIM_TimeBaseInit                         0x08004565   Thumb Code   122  stm32f10x_tim.o(i.TIM_TimeBaseInit)
    TimingDelay_Decrement                    0x08004609   Thumb Code    18  bsp_systick.o(i.TimingDelay_Decrement)
    Touch_Button_Down                        0x08004621   Thumb Code   178  palette.o(i.Touch_Button_Down)
    Touch_Button_Init                        0x080046d9   Thumb Code   572  palette.o(i.Touch_Button_Init)
    Touch_Button_Up                          0x08004929   Thumb Code   138  palette.o(i.Touch_Button_Up)
    USART1_IRQHandler                        0x080049b9   Thumb Code     2  stm32f10x_it.o(i.USART1_IRQHandler)
    USART3_IRQHandler                        0x080049bd   Thumb Code   134  stm32f10x_it.o(i.USART3_IRQHandler)
    USART_Cmd                                0x08004a5d   Thumb Code    24  stm32f10x_usart.o(i.USART_Cmd)
    USART_Config                             0x08004a75   Thumb Code   120  bsp_usart.o(i.USART_Config)
    USART_GetFlagStatus                      0x08004af5   Thumb Code    26  stm32f10x_usart.o(i.USART_GetFlagStatus)
    USART_GetITStatus                        0x08004b0f   Thumb Code    84  stm32f10x_usart.o(i.USART_GetITStatus)
    USART_ITConfig                           0x08004b63   Thumb Code    74  stm32f10x_usart.o(i.USART_ITConfig)
    USART_Init                               0x08004bad   Thumb Code   210  stm32f10x_usart.o(i.USART_Init)
    USART_ReceiveData                        0x08004c85   Thumb Code    10  stm32f10x_usart.o(i.USART_ReceiveData)
    USART_SendData                           0x08004c8f   Thumb Code     8  stm32f10x_usart.o(i.USART_SendData)
    USART_printf                             0x08004c97   Thumb Code   262  common.o(i.USART_printf)
    UsageFault_Handler                       0x08004d9d   Thumb Code     4  stm32f10x_it.o(i.UsageFault_Handler)
    WriteAmount                              0x08004da1   Thumb Code   126  rc522_function.o(i.WriteAmount)
    WriteRawRC                               0x08004e21   Thumb Code    42  rc522_function.o(i.WriteRawRC)
    XPT2046_Get_TouchedPoint                 0x0800504d   Thumb Code   232  bsp_xpt2046_lcd.o(i.XPT2046_Get_TouchedPoint)
    XPT2046_Init                             0x08005139   Thumb Code   142  bsp_xpt2046_lcd.o(i.XPT2046_Init)
    XPT2046_TouchDetect                      0x080053b9   Thumb Code   168  bsp_xpt2046_lcd.o(i.XPT2046_TouchDetect)
    XPT2046_TouchDown                        0x0800546d   Thumb Code    38  bsp_xpt2046_lcd.o(i.XPT2046_TouchDown)
    XPT2046_TouchEvenHandler                 0x08005495   Thumb Code    90  bsp_xpt2046_lcd.o(i.XPT2046_TouchEvenHandler)
    XPT2046_TouchUp                          0x080054fd   Thumb Code    42  bsp_xpt2046_lcd.o(i.XPT2046_TouchUp)
    XPT2046_Touch_Calibrate                  0x08005529   Thumb Code  1242  bsp_xpt2046_lcd.o(i.XPT2046_Touch_Calibrate)
    __0printf$8                              0x08005a89   Thumb Code    22  printf8.o(i.__0printf$8)
    __1printf$8                              0x08005a89   Thumb Code     0  printf8.o(i.__0printf$8)
    __2printf                                0x08005a89   Thumb Code     0  printf8.o(i.__0printf$8)
    __0sprintf$8                             0x08005aa9   Thumb Code    34  printf8.o(i.__0sprintf$8)
    __1sprintf$8                             0x08005aa9   Thumb Code     0  printf8.o(i.__0sprintf$8)
    __2sprintf                               0x08005aa9   Thumb Code     0  printf8.o(i.__0sprintf$8)
    __scatterload_copy                       0x08005ad1   Thumb Code    14  handlers.o(i.__scatterload_copy)
    __scatterload_null                       0x08005adf   Thumb Code     2  handlers.o(i.__scatterload_null)
    __scatterload_zeroinit                   0x08005ae1   Thumb Code    14  handlers.o(i.__scatterload_zeroinit)
    fputc                                    0x08005f5d   Thumb Code    32  bsp_usart.o(i.fputc)
    main                                     0x08005fe5   Thumb Code   182  main.o(i.main)
    nopass                                   0x080060dd   Thumb Code   136  test.o(i.nopass)
    nopass2                                  0x08006189   Thumb Code   228  test.o(i.nopass2)
    pass                                     0x08006299   Thumb Code    24  test.o(i.pass)
    ASCII8x16_Table                          0x080062b8   Data        1520  fonts.o(.constdata)
    ASCII16x24_Table                         0x080068a8   Data        4560  fonts.o(.constdata)
    ASCII24x32_Table                         0x08007a78   Data        9120  fonts.o(.constdata)
    Region$$Table$$Base                      0x08009eb0   Number         0  anon$$obj.o(Region$$Table)
    Region$$Table$$Limit                     0x08009ed0   Number         0  anon$$obj.o(Region$$Table)
    SystemCoreClock                          0x20000000   Data           4  system_stm32f10x.o(.data)
    AHBPrescTable                            0x20000004   Data          16  system_stm32f10x.o(.data)
    LCD_X_LENGTH                             0x2000002c   Data           2  bsp_ili9341_lcd.o(.data)
    LCD_Y_LENGTH                             0x2000002e   Data           2  bsp_ili9341_lcd.o(.data)
    LCD_SCAN_MODE                            0x20000030   Data           1  bsp_ili9341_lcd.o(.data)
    Font8x16                                 0x2000003c   Data           8  fonts.o(.data)
    Font16x24                                0x20000044   Data           8  fonts.o(.data)
    Font24x32                                0x2000004c   Data           8  fonts.o(.data)
    time                                     0x20000064   Data           4  test.o(.data)
    mode                                     0x20000068   Data           1  test.o(.data)
    DHT11_Data                               0x20000069   Data           5  test.o(.data)
    inputsno                                 0x20000070   Data           4  test.o(.data)
    KeyValue                                 0x20000074   Data           6  test.o(.data)
    ledCmd                                   0x2000007c   Data          24  test.o(.data)
    ucTcpClosedFlag                          0x20000094   Data           1  test.o(.data)
    PASSWORD_NUM                             0x20000098   Data           1  palette.o(.data)
    strXPT2046_TouchPara                     0x2000009c   Data         192  bsp_xpt2046_lcd.o(.data)
    ucXPT2046_TouchFlag                      0x2000015c   Data           1  bsp_xpt2046_lcd.o(.data)
    __stdout                                 0x2000016c   Data           4  stdout.o(.data)
    zoomBuff                                 0x20000170   Data       16384  bsp_ili9341_lcd.o(.bss)
    zoomTempBuff                             0x20004170   Data        1024  bsp_ili9341_lcd.o(.bss)
    strEsp8266_Fram_Record                   0x20004570   Data        1026  bsp_esp8266.o(.bss)
    strUSART_Fram_Record                     0x20004972   Data        1026  bsp_esp8266.o(.bss)
    button                                   0x20004d74   Data         288  palette.o(.bss)
    password                                 0x20004e94   Data          15  palette.o(.bss)
    __initial_sp                             0x200052a8   Data           0  startup_stm32f10x_hd.o(STACK)



==============================================================================

Memory Map of the image

  Image Entry point : 0x08000131

  Load Region LR_IROM1 (Base: 0x08000000, Size: 0x0000a040, Max: 0x00080000, ABSOLUTE, COMPRESSED[0x00009ff4])

    Execution Region ER_IROM1 (Base: 0x08000000, Size: 0x00009ed0, Max: 0x00080000, ABSOLUTE)

    Base Addr    Size         Type   Attr      Idx    E Section Name        Object

    0x08000000   0x00000130   Data   RO            3    RESET               startup_stm32f10x_hd.o
    0x08000130   0x00000000   Code   RO         4531  * .ARM.Collect$$$$00000000  mc_w.l(entry.o)
    0x08000130   0x00000004   Code   RO         4827    .ARM.Collect$$$$00000001  mc_w.l(entry2.o)
    0x08000134   0x00000004   Code   RO         4830    .ARM.Collect$$$$00000004  mc_w.l(entry5.o)
    0x08000138   0x00000000   Code   RO         4832    .ARM.Collect$$$$00000008  mc_w.l(entry7b.o)
    0x08000138   0x00000000   Code   RO         4834    .ARM.Collect$$$$0000000A  mc_w.l(entry8b.o)
    0x08000138   0x00000008   Code   RO         4835    .ARM.Collect$$$$0000000B  mc_w.l(entry9a.o)
    0x08000140   0x00000000   Code   RO         4837    .ARM.Collect$$$$0000000D  mc_w.l(entry10a.o)
    0x08000140   0x00000000   Code   RO         4839    .ARM.Collect$$$$0000000F  mc_w.l(entry11a.o)
    0x08000140   0x00000004   Code   RO         4828    .ARM.Collect$$$$00002712  mc_w.l(entry2.o)
    0x08000144   0x00000024   Code   RO            4    .text               startup_stm32f10x_hd.o
    0x08000168   0x00000024   Code   RO         4534    .text               mc_w.l(memseta.o)
    0x0800018c   0x00000024   Code   RO         4536    .text               mc_w.l(strstr.o)
    0x080001b0   0x0000000e   Code   RO         4538    .text               mc_w.l(strlen.o)
    0x080001be   0x000000b0   Code   RO         4801    .text               mf_w.l(fadd.o)
    0x0800026e   0x00000064   Code   RO         4803    .text               mf_w.l(fmul.o)
    0x080002d2   0x0000007c   Code   RO         4805    .text               mf_w.l(fdiv.o)
    0x0800034e   0x0000014e   Code   RO         4807    .text               mf_w.l(dadd.o)
    0x0800049c   0x000000e4   Code   RO         4809    .text               mf_w.l(dmul.o)
    0x08000580   0x000000de   Code   RO         4811    .text               mf_w.l(ddiv.o)
    0x0800065e   0x00000012   Code   RO         4813    .text               mf_w.l(fflti.o)
    0x08000670   0x0000001a   Code   RO         4815    .text               mf_w.l(dfltui.o)
    0x0800068a   0x00000032   Code   RO         4817    .text               mf_w.l(ffixi.o)
    0x080006bc   0x00000028   Code   RO         4819    .text               mf_w.l(ffixui.o)
    0x080006e4   0x00000026   Code   RO         4821    .text               mf_w.l(f2d.o)
    0x0800070a   0x00000038   Code   RO         4823    .text               mf_w.l(d2f.o)
    0x08000742   0x00000002   PAD
    0x08000744   0x00000014   Code   RO         4825    .text               mf_w.l(cfcmple.o)
    0x08000758   0x00000062   Code   RO         4844    .text               mc_w.l(uldiv.o)
    0x080007ba   0x0000001e   Code   RO         4846    .text               mc_w.l(llshl.o)
    0x080007d8   0x00000024   Code   RO         4848    .text               mc_w.l(llsshr.o)
    0x080007fc   0x00000000   Code   RO         4850    .text               mc_w.l(iusefp.o)
    0x080007fc   0x0000006e   Code   RO         4851    .text               mf_w.l(fepilogue.o)
    0x0800086a   0x000000ba   Code   RO         4853    .text               mf_w.l(depilogue.o)
    0x08000924   0x00000024   Code   RO         4859    .text               mc_w.l(init.o)
    0x08000948   0x00000020   Code   RO         4861    .text               mc_w.l(llushr.o)
    0x08000968   0x00000056   Code   RO         4871    .text               mc_w.l(__dczerorl2.o)
    0x080009be   0x00000004   Code   RO         3197    i.BusFault_Handler  stm32f10x_it.o
    0x080009c2   0x00000002   PAD
    0x080009c4   0x0000008c   Code   RO         4428    i.Calibrate_or_Get_TouchParaWithFlash  bsp_xpt2046_lcd.o
    0x08000a50   0x0000006c   Code   RO         3750    i.CalulateCRC       rc522_function.o
    0x08000abc   0x0000001a   Code   RO         3751    i.ClearBitMask      rc522_function.o
    0x08000ad6   0x00000002   Code   RO         3198    i.DebugMon_Handler  stm32f10x_it.o
    0x08000ad8   0x00000038   Code   RO         3885    i.Delay_us          bsp_systick.o
    0x08000b10   0x00000048   Code   RO         4169    i.ESP8266_AT_Test   bsp_esp8266.o
    0x08000b58   0x000000dc   Code   RO         4171    i.ESP8266_Cmd       bsp_esp8266.o
    0x08000c34   0x000000c8   Code   RO         4298    i.ESP8266_Connect   test.o
    0x08000cfc   0x00000040   Code   RO         4172    i.ESP8266_Enable_MultipleId  bsp_esp8266.o
    0x08000d3c   0x00000044   Code   RO         4174    i.ESP8266_GPIO_Config  bsp_esp8266.o
    0x08000d80   0x00000024   Code   RO         4177    i.ESP8266_Init      bsp_esp8266.o
    0x08000da4   0x00000040   Code   RO         4179    i.ESP8266_JoinAP    bsp_esp8266.o
    0x08000de4   0x000000c0   Code   RO         4180    i.ESP8266_Link_Server  bsp_esp8266.o
    0x08000ea4   0x00000078   Code   RO         4181    i.ESP8266_Net_Mode_Choose  bsp_esp8266.o
    0x08000f1c   0x00000028   Code   RO         4183    i.ESP8266_Rst       bsp_esp8266.o
    0x08000f44   0x000000a0   Code   RO         4184    i.ESP8266_SendString  bsp_esp8266.o
    0x08000fe4   0x0000009c   Code   RO         4186    i.ESP8266_USART_Config  bsp_esp8266.o
    0x08001080   0x00000028   Code   RO         4187    i.ESP8266_USART_NVIC_Configuration  bsp_esp8266.o
    0x080010a8   0x0000004c   Code   RO         4188    i.ESP8266_UnvarnishSend  bsp_esp8266.o
    0x080010f4   0x000000bc   Code   RO         3199    i.EXTI0_IRQHandler  stm32f10x_it.o
    0x080011b0   0x000000c0   Code   RO         3200    i.EXTI15_10_IRQHandler  stm32f10x_it.o
    0x08001270   0x0000000c   Code   RO          939    i.EXTI_ClearITPendingBit  stm32f10x_exti.o
    0x0800127c   0x00000028   Code   RO          943    i.EXTI_GetITStatus  stm32f10x_exti.o
    0x080012a4   0x00000094   Code   RO          944    i.EXTI_Init         stm32f10x_exti.o
    0x08001338   0x0000008c   Code   RO         3937    i.EXTI_Key_Config   bsp_exti.o
    0x080013c4   0x00000034   Code   RO         1177    i.FSMC_NORSRAMCmd   stm32f10x_fsmc.o
    0x080013f8   0x000000e6   Code   RO         1179    i.FSMC_NORSRAMInit  stm32f10x_fsmc.o
    0x080014de   0x0000000c   Code   RO         3957    i.GENERAL_TIM2_Init  timer2.o
    0x080014ea   0x00000002   PAD
    0x080014ec   0x00000048   Code   RO         3958    i.GENERAL_TIM2_Mode_Config  timer2.o
    0x08001534   0x00000022   Code   RO         3959    i.GENERAL_TIM2_NVIC_Config  timer2.o
    0x08001556   0x0000000c   Code   RO         3915    i.GENERAL_TIM_Init  timer.o
    0x08001562   0x00000046   Code   RO         3916    i.GENERAL_TIM_Mode_Config  timer.o
    0x080015a8   0x00000020   Code   RO         3917    i.GENERAL_TIM_NVIC_Config  timer.o
    0x080015c8   0x00000040   Code   RO         1289    i.GPIO_EXTILineConfig  stm32f10x_gpio.o
    0x08001608   0x00000116   Code   RO         1292    i.GPIO_Init         stm32f10x_gpio.o
    0x0800171e   0x00000012   Code   RO         1296    i.GPIO_ReadInputDataBit  stm32f10x_gpio.o
    0x08001730   0x00000004   Code   RO         1299    i.GPIO_ResetBits    stm32f10x_gpio.o
    0x08001734   0x00000004   Code   RO         1300    i.GPIO_SetBits      stm32f10x_gpio.o
    0x08001738   0x00000054   Code   RO         3605    i.GetGBKCode_from_EXFlash  fonts.o
    0x0800178c   0x00000090   Code   RO         4300    i.Get_ESP82666_Cmd  test.o
    0x0800181c   0x00000004   Code   RO         3201    i.HardFault_Handler  stm32f10x_it.o
    0x08001820   0x0000051c   Code   RO         4301    i.IC_test           test.o
    0x08001d3c   0x00000020   Code   RO         3305    i.ILI9341_BackLed_Control  bsp_ili9341_lcd.o
    0x08001d5c   0x0000002c   Code   RO         3306    i.ILI9341_Clear     bsp_ili9341_lcd.o
    0x08001d88   0x00000012   Code   RO         3307    i.ILI9341_Delay     bsp_ili9341_lcd.o
    0x08001d9a   0x00000002   PAD
    0x08001d9c   0x00000098   Code   RO         3309    i.ILI9341_DispChar_EN  bsp_ili9341_lcd.o
    0x08001e34   0x00000068   Code   RO         3311    i.ILI9341_DispStringLine_EN  bsp_ili9341_lcd.o
    0x08001e9c   0x00000108   Code   RO         3319    i.ILI9341_DisplayStringEx  bsp_ili9341_lcd.o
    0x08001fa4   0x00000064   Code   RO         3321    i.ILI9341_DrawChar_Ex  bsp_ili9341_lcd.o
    0x08002008   0x0000002c   Code   RO         4429    i.ILI9341_DrawCross  bsp_xpt2046_lcd.o
    0x08002034   0x000000a0   Code   RO         3323    i.ILI9341_DrawLine  bsp_ili9341_lcd.o
    0x080020d4   0x00000088   Code   RO         3324    i.ILI9341_DrawRectangle  bsp_ili9341_lcd.o
    0x0800215c   0x00000062   Code   RO         3325    i.ILI9341_FSMC_Config  bsp_ili9341_lcd.o
    0x080021be   0x00000020   Code   RO         3326    i.ILI9341_FillColor  bsp_ili9341_lcd.o
    0x080021de   0x00000002   PAD
    0x080021e0   0x0000019c   Code   RO         3327    i.ILI9341_GPIO_Config  bsp_ili9341_lcd.o
    0x0800237c   0x000000b8   Code   RO         3329    i.ILI9341_GramScan  bsp_ili9341_lcd.o
    0x08002434   0x00000028   Code   RO         3330    i.ILI9341_Init      bsp_ili9341_lcd.o
    0x0800245c   0x00000060   Code   RO         3331    i.ILI9341_OpenWindow  bsp_ili9341_lcd.o
    0x080024bc   0x00000230   Code   RO         3332    i.ILI9341_REG_Config  bsp_ili9341_lcd.o
    0x080026ec   0x0000002c   Code   RO         3334    i.ILI9341_Rst       bsp_ili9341_lcd.o
    0x08002718   0x00000014   Code   RO         3335    i.ILI9341_SetCursor  bsp_ili9341_lcd.o
    0x0800272c   0x00000038   Code   RO         3336    i.ILI9341_SetPointPixel  bsp_ili9341_lcd.o
    0x08002764   0x00000008   Code   RO         3551    i.ILI9341_Write_Cmd  bsp_ili9341_lcd.o
    0x0800276c   0x00000008   Code   RO         3556    i.ILI9341_Write_Data  bsp_ili9341_lcd.o
    0x08002774   0x00000184   Code   RO         3337    i.ILI9341_zoomChar  bsp_ili9341_lcd.o
    0x080028f8   0x00000020   Code   RO         3338    i.LCD_ClearLine     bsp_ili9341_lcd.o
    0x08002918   0x0000000c   Code   RO         3340    i.LCD_GetFont       bsp_ili9341_lcd.o
    0x08002924   0x0000000c   Code   RO         3342    i.LCD_SetBackColor  bsp_ili9341_lcd.o
    0x08002930   0x00000014   Code   RO         3343    i.LCD_SetColors     bsp_ili9341_lcd.o
    0x08002944   0x0000000c   Code   RO         3344    i.LCD_SetFont       bsp_ili9341_lcd.o
    0x08002950   0x0000000c   Code   RO         3345    i.LCD_SetTextColor  bsp_ili9341_lcd.o
    0x0800295c   0x00000060   Code   RO         4119    i.LED_GPIO_Config   bsp_led.o
    0x080029bc   0x00000054   Code   RO         3752    i.M500PcdConfigISOType  rc522_function.o
    0x08002a10   0x00000060   Code   RO         4137    i.MYLED_GPIO_Config  my_led.o
    0x08002a70   0x00000004   Code   RO         3202    i.MemManage_Handler  stm32f10x_it.o
    0x08002a74   0x00000030   Code   RO         4359    i.My_Command_Clear  palette.o
    0x08002aa4   0x0000010c   Code   RO         4360    i.My_Command_Num    palette.o
    0x08002bb0   0x00000060   Code   RO         4361    i.My_Command_Sure   palette.o
    0x08002c10   0x000002e0   Code   RO         4362    i.My_Draw_Button    palette.o
    0x08002ef0   0x00000044   Code   RO         4363    i.My_Face           palette.o
    0x08002f34   0x00000002   Code   RO         3203    i.NMI_Handler       stm32f10x_it.o
    0x08002f36   0x0000002e   Code   RO         3938    i.NVIC_Configuration  bsp_exti.o
    0x08002f64   0x00000070   Code   RO          137    i.NVIC_Init         misc.o
    0x08002fd4   0x00000014   Code   RO          138    i.NVIC_PriorityGroupConfig  misc.o
    0x08002fe8   0x000000ba   Code   RO         4044    i.PEC_Calculation   mlx90614.o
    0x080030a2   0x00000002   PAD
    0x080030a4   0x00000080   Code   RO         4364    i.Palette_Init      palette.o
    0x08003124   0x0000001a   Code   RO         3754    i.PcdAntennaOn      rc522_function.o
    0x0800313e   0x00000072   Code   RO         3755    i.PcdAnticoll       rc522_function.o
    0x080031b0   0x00000070   Code   RO         3756    i.PcdAuthState      rc522_function.o
    0x08003220   0x00000132   Code   RO         3757    i.PcdComMF522       rc522_function.o
    0x08003352   0x00000032   Code   RO         3758    i.PcdHalt           rc522_function.o
    0x08003384   0x00000056   Code   RO         3759    i.PcdRead           rc522_function.o
    0x080033da   0x00000056   Code   RO         3760    i.PcdRequest        rc522_function.o
    0x08003430   0x00000088   Code   RO         3761    i.PcdReset          rc522_function.o
    0x080034b8   0x00000072   Code   RO         3762    i.PcdSelect         rc522_function.o
    0x0800352a   0x00000098   Code   RO         3763    i.PcdWrite          rc522_function.o
    0x080035c2   0x00000002   Code   RO         3204    i.PendSV_Handler    stm32f10x_it.o
    0x080035c4   0x0000001a   Code   RO         4365    i.Pow               palette.o
    0x080035de   0x00000002   PAD
    0x080035e0   0x00000024   Code   RO         3733    i.RC522_Init        rc522_config.o
    0x08003604   0x000000bc   Code   RO         3734    i.RC522_SPI_Config  rc522_config.o
    0x080036c0   0x00000020   Code   RO         1707    i.RCC_AHBPeriphClockCmd  stm32f10x_rcc.o
    0x080036e0   0x00000020   Code   RO         1708    i.RCC_APB1PeriphClockCmd  stm32f10x_rcc.o
    0x08003700   0x00000020   Code   RO         1710    i.RCC_APB2PeriphClockCmd  stm32f10x_rcc.o
    0x08003720   0x000000d4   Code   RO         1718    i.RCC_GetClocksFreq  stm32f10x_rcc.o
    0x080037f4   0x00000080   Code   RO         3764    i.ReadAmount        rc522_function.o
    0x08003874   0x00000034   Code   RO         3765    i.ReadRawRC         rc522_function.o
    0x080038a8   0x0000001a   Code   RO         4045    i.SMBus_Delay       mlx90614.o
    0x080038c2   0x00000002   PAD
    0x080038c4   0x0000003c   Code   RO         4046    i.SMBus_Init        mlx90614.o
    0x08003900   0x000000a6   Code   RO         4047    i.SMBus_ReadMemory  mlx90614.o
    0x080039a6   0x00000002   PAD
    0x080039a8   0x00000040   Code   RO         4048    i.SMBus_ReadTemp    mlx90614.o
    0x080039e8   0x00000048   Code   RO         4049    i.SMBus_ReceiveBit  mlx90614.o
    0x08003a30   0x00000032   Code   RO         4050    i.SMBus_ReceiveByte  mlx90614.o
    0x08003a62   0x00000002   PAD
    0x08003a64   0x00000044   Code   RO         4051    i.SMBus_SendBit     mlx90614.o
    0x08003aa8   0x00000030   Code   RO         4052    i.SMBus_SendByte    mlx90614.o
    0x08003ad8   0x00000044   Code   RO         4053    i.SMBus_StartBit    mlx90614.o
    0x08003b1c   0x00000040   Code   RO         4054    i.SMBus_StopBit     mlx90614.o
    0x08003b5c   0x00000018   Code   RO         2187    i.SPI_Cmd           stm32f10x_spi.o
    0x08003b74   0x00000050   Code   RO         3624    i.SPI_FLASH_BufferRead  bsp_spi_flash.o
    0x08003bc4   0x00000122   Code   RO         3625    i.SPI_FLASH_BufferWrite  bsp_spi_flash.o
    0x08003ce6   0x00000002   PAD
    0x08003ce8   0x000000bc   Code   RO         3627    i.SPI_FLASH_Init    bsp_spi_flash.o
    0x08003da4   0x0000009c   Code   RO         3628    i.SPI_FLASH_PageWrite  bsp_spi_flash.o
    0x08003e40   0x00000044   Code   RO         3632    i.SPI_FLASH_SectorErase  bsp_spi_flash.o
    0x08003e84   0x00000078   Code   RO         3633    i.SPI_FLASH_SendByte  bsp_spi_flash.o
    0x08003efc   0x00000034   Code   RO         3636    i.SPI_FLASH_WaitForWriteEnd  bsp_spi_flash.o
    0x08003f30   0x00000020   Code   RO         3637    i.SPI_FLASH_WriteEnable  bsp_spi_flash.o
    0x08003f50   0x00000012   Code   RO         2195    i.SPI_I2S_GetFlagStatus  stm32f10x_spi.o
    0x08003f62   0x00000006   Code   RO         2198    i.SPI_I2S_ReceiveData  stm32f10x_spi.o
    0x08003f68   0x00000004   Code   RO         2199    i.SPI_I2S_SendData  stm32f10x_spi.o
    0x08003f6c   0x0000003c   Code   RO         2200    i.SPI_Init          stm32f10x_spi.o
    0x08003fa8   0x00000054   Code   RO         3766    i.SPI_RC522_ReadByte  rc522_function.o
    0x08003ffc   0x0000005c   Code   RO         3767    i.SPI_RC522_SendByte  rc522_function.o
    0x08004058   0x00000040   Code   RO         3640    i.SPI_TIMEOUT_UserCallback  bsp_spi_flash.o
    0x08004098   0x00000002   Code   RO         3205    i.SVC_Handler       stm32f10x_it.o
    0x0800409a   0x00000002   PAD
    0x0800409c   0x000001b8   Code   RO         4302    i.Send_sno          test.o
    0x08004254   0x0000001a   Code   RO         3768    i.SetBitMask        rc522_function.o
    0x0800426e   0x00000008   Code   RO           24    i.SetSysClock       system_stm32f10x.o
    0x08004276   0x00000002   PAD
    0x08004278   0x000000e0   Code   RO           25    i.SetSysClockTo72   system_stm32f10x.o
    0x08004358   0x00000008   Code   RO         3206    i.SysTick_Handler   stm32f10x_it.o
    0x08004360   0x0000007c   Code   RO         3886    i.SysTick_Init      bsp_systick.o
    0x080043dc   0x00000060   Code   RO           27    i.SystemInit        system_stm32f10x.o
    0x0800443c   0x000000b0   Code   RO         3207    i.TIM2_IRQHandler   stm32f10x_it.o
    0x080044ec   0x00000020   Code   RO         3208    i.TIM3_IRQHandler   stm32f10x_it.o
    0x0800450c   0x00000006   Code   RO         2336    i.TIM_ClearFlag     stm32f10x_tim.o
    0x08004512   0x00000006   Code   RO         2337    i.TIM_ClearITPendingBit  stm32f10x_tim.o
    0x08004518   0x00000018   Code   RO         2342    i.TIM_Cmd           stm32f10x_tim.o
    0x08004530   0x00000022   Code   RO         2363    i.TIM_GetITStatus   stm32f10x_tim.o
    0x08004552   0x00000012   Code   RO         2367    i.TIM_ITConfig      stm32f10x_tim.o
    0x08004564   0x000000a4   Code   RO         2413    i.TIM_TimeBaseInit  stm32f10x_tim.o
    0x08004608   0x00000018   Code   RO         3887    i.TimingDelay_Decrement  bsp_systick.o
    0x08004620   0x000000b8   Code   RO         4366    i.Touch_Button_Down  palette.o
    0x080046d8   0x00000250   Code   RO         4367    i.Touch_Button_Init  palette.o
    0x08004928   0x00000090   Code   RO         4368    i.Touch_Button_Up   palette.o
    0x080049b8   0x00000002   Code   RO         3209    i.USART1_IRQHandler  stm32f10x_it.o
    0x080049ba   0x00000002   PAD
    0x080049bc   0x000000a0   Code   RO         3210    i.USART3_IRQHandler  stm32f10x_it.o
    0x08004a5c   0x00000018   Code   RO         2878    i.USART_Cmd         stm32f10x_usart.o
    0x08004a74   0x00000080   Code   RO         3581    i.USART_Config      bsp_usart.o
    0x08004af4   0x0000001a   Code   RO         2881    i.USART_GetFlagStatus  stm32f10x_usart.o
    0x08004b0e   0x00000054   Code   RO         2882    i.USART_GetITStatus  stm32f10x_usart.o
    0x08004b62   0x0000004a   Code   RO         2884    i.USART_ITConfig    stm32f10x_usart.o
    0x08004bac   0x000000d8   Code   RO         2885    i.USART_Init        stm32f10x_usart.o
    0x08004c84   0x0000000a   Code   RO         2892    i.USART_ReceiveData  stm32f10x_usart.o
    0x08004c8e   0x00000008   Code   RO         2895    i.USART_SendData    stm32f10x_usart.o
    0x08004c96   0x00000106   Code   RO         4149    i.USART_printf      common.o
    0x08004d9c   0x00000004   Code   RO         3211    i.UsageFault_Handler  stm32f10x_it.o
    0x08004da0   0x0000007e   Code   RO         3769    i.WriteAmount       rc522_function.o
    0x08004e1e   0x00000002   PAD
    0x08004e20   0x00000030   Code   RO         3770    i.WriteRawRC        rc522_function.o
    0x08004e50   0x000001de   Code   RO         4430    i.XPT2046_Calculate_CalibrationFactor  bsp_xpt2046_lcd.o
    0x0800502e   0x0000001e   Code   RO         4431    i.XPT2046_DelayUS   bsp_xpt2046_lcd.o
    0x0800504c   0x000000ec   Code   RO         4432    i.XPT2046_Get_TouchedPoint  bsp_xpt2046_lcd.o
    0x08005138   0x00000098   Code   RO         4433    i.XPT2046_Init      bsp_xpt2046_lcd.o
    0x080051d0   0x00000010   Code   RO         4434    i.XPT2046_ReadAdc   bsp_xpt2046_lcd.o
    0x080051e0   0x0000015c   Code   RO         4435    i.XPT2046_ReadAdc_Smooth_XY  bsp_xpt2046_lcd.o
    0x0800533c   0x00000026   Code   RO         4436    i.XPT2046_ReadAdc_XY  bsp_xpt2046_lcd.o
    0x08005362   0x00000002   PAD
    0x08005364   0x00000054   Code   RO         4437    i.XPT2046_ReadCMD   bsp_xpt2046_lcd.o
    0x080053b8   0x000000b4   Code   RO         4438    i.XPT2046_TouchDetect  bsp_xpt2046_lcd.o
    0x0800546c   0x00000026   Code   RO         4439    i.XPT2046_TouchDown  bsp_xpt2046_lcd.o
    0x08005492   0x00000002   PAD
    0x08005494   0x00000068   Code   RO         4440    i.XPT2046_TouchEvenHandler  bsp_xpt2046_lcd.o
    0x080054fc   0x0000002a   Code   RO         4441    i.XPT2046_TouchUp   bsp_xpt2046_lcd.o
    0x08005526   0x00000002   PAD
    0x08005528   0x000004f4   Code   RO         4442    i.XPT2046_Touch_Calibrate  bsp_xpt2046_lcd.o
    0x08005a1c   0x0000006c   Code   RO         4443    i.XPT2046_WriteCMD  bsp_xpt2046_lcd.o
    0x08005a88   0x00000020   Code   RO         4747    i.__0printf$8       mc_w.l(printf8.o)
    0x08005aa8   0x00000028   Code   RO         4749    i.__0sprintf$8      mc_w.l(printf8.o)
    0x08005ad0   0x0000000e   Code   RO         4865    i.__scatterload_copy  mc_w.l(handlers.o)
    0x08005ade   0x00000002   Code   RO         4866    i.__scatterload_null  mc_w.l(handlers.o)
    0x08005ae0   0x0000000e   Code   RO         4867    i.__scatterload_zeroinit  mc_w.l(handlers.o)
    0x08005aee   0x00000002   PAD
    0x08005af0   0x00000410   Code   RO         4754    i._printf_core      mc_w.l(printf8.o)
    0x08005f00   0x00000024   Code   RO         4755    i._printf_post_padding  mc_w.l(printf8.o)
    0x08005f24   0x0000002e   Code   RO         4756    i._printf_pre_padding  mc_w.l(printf8.o)
    0x08005f52   0x0000000a   Code   RO         4758    i._sputc            mc_w.l(printf8.o)
    0x08005f5c   0x00000024   Code   RO         3583    i.fputc             bsp_usart.o
    0x08005f80   0x00000062   Code   RO         4150    i.itoa              common.o
    0x08005fe2   0x00000002   PAD
    0x08005fe4   0x000000f8   Code   RO         3108    i.main              main.o
    0x080060dc   0x000000ac   Code   RO         4303    i.nopass            test.o
    0x08006188   0x00000110   Code   RO         4304    i.nopass2           test.o
    0x08006298   0x00000020   Code   RO         4305    i.pass              test.o
    0x080062b8   0x00003b60   Data   RO         3606    .constdata          fonts.o
    0x08009e18   0x00000095   Data   RO         4306    .conststring        test.o
    0x08009ead   0x00000003   PAD
    0x08009eb0   0x00000020   Data   RO         4863    Region$$Table       anon$$obj.o


    Execution Region RW_IRAM1 (Base: 0x20000000, Size: 0x000052a8, Max: 0x00010000, ABSOLUTE, COMPRESSED[0x00000124])

    Base Addr    Size         Type   Attr      Idx    E Section Name        Object

    0x20000000   0x00000014   Data   RW           28    .data               system_stm32f10x.o
    0x20000014   0x00000014   Data   RW         1738    .data               stm32f10x_rcc.o
    0x20000028   0x00000002   Data   RW         3109    .data               main.o
    0x2000002a   0x00000002   Data   RW         3212    .data               stm32f10x_it.o
    0x2000002c   0x00000010   Data   RW         3347    .data               bsp_ili9341_lcd.o
    0x2000003c   0x00000019   Data   RW         3607    .data               fonts.o
    0x20000055   0x00000003   PAD
    0x20000058   0x00000004   Data   RW         3641    .data               bsp_spi_flash.o
    0x2000005c   0x00000004   Data   RW         3888    .data               bsp_systick.o
    0x20000060   0x00000035   Data   RW         4307    .data               test.o
    0x20000095   0x00000001   PAD
    0x20000096   0x00000003   Data   RW         4370    .data               palette.o
    0x20000099   0x00000003   PAD
    0x2000009c   0x000000d0   Data   RW         4444    .data               bsp_xpt2046_lcd.o
    0x2000016c   0x00000004   Data   RW         4841    .data               mc_w.l(stdout.o)
    0x20000170   0x00004400   Zero   RW         3346    .bss                bsp_ili9341_lcd.o
    0x20004570   0x00000804   Zero   RW         4189    .bss                bsp_esp8266.o
    0x20004d74   0x0000012f   Zero   RW         4369    .bss                palette.o
    0x20004ea3   0x00000005   PAD
    0x20004ea8   0x00000400   Zero   RW            1    STACK               startup_stm32f10x_hd.o


==============================================================================

Image component sizes


      Code (inc. data)   RO Data    RW Data    ZI Data      Debug   Object Name

      1308        340          0          0       2052      10389   bsp_esp8266.o
       186          8          0          0          0       1058   bsp_exti.o
      3056        168          0         16      17408      19178   bsp_ili9341_lcd.o
        96          6          0          0          0        522   bsp_led.o
      1050        148          0          4          0       6167   bsp_spi_flash.o
       204         28          0          4          0      17237   bsp_systick.o
       164         12          0          0          0       1143   bsp_usart.o
      3306        200          0        208          0      13780   bsp_xpt2046_lcd.o
       360          0          0          0          0       2591   common.o
         0          0          0          0          0       4496   core_cm3.o
        84         10      15200         25          0       2163   fonts.o
       248         66          0          2          0       3558   main.o
       132         22          0          0          0       1519   misc.o
       872         38          0          0          0       7206   mlx90614.o
        96          6          0          0          0        528   my_led.o
      2290        186          0          3        303       8332   palette.o
       224         24          0          0          0       1021   rc522_config.o
      1956         36          0          0          0      13756   rc522_function.o
        36          8        304          0       1024        856   startup_stm32f10x_hd.o
       200         18          0          0          0       2076   stm32f10x_exti.o
       282          6          0          0          0       1797   stm32f10x_fsmc.o
       368          4          0          0          0       4222   stm32f10x_gpio.o
       782         96          0          2          0       7060   stm32f10x_it.o
       308         38          0         20          0       4970   stm32f10x_rcc.o
       112          0          0          0          0       3778   stm32f10x_spi.o
       252         42          0          0          0       4042   stm32f10x_tim.o
       442          6          0          0          0       6065   stm32f10x_usart.o
       328         28          0         20          0     267645   system_stm32f10x.o
      2568        592        149         53          0       5688   test.o
       114          0          0          0          0       1403   timer.o
       118          6          0          0          0       1416   timer2.o

    ----------------------------------------------------------------------
     21578       2142      15688        364      20792     425662   Object Totals
         0          0         32          0          0          0   (incl. Generated)
        36          0          3          7          5          0   (incl. Padding)

    ----------------------------------------------------------------------

      Code (inc. data)   RO Data    RW Data    ZI Data      Debug   Library Member Name

        86          0          0          0          0          0   __dczerorl2.o
         0          0          0          0          0          0   entry.o
         0          0          0          0          0          0   entry10a.o
         0          0          0          0          0          0   entry11a.o
         8          4          0          0          0          0   entry2.o
         4          0          0          0          0          0   entry5.o
         0          0          0          0          0          0   entry7b.o
         0          0          0          0          0          0   entry8b.o
         8          4          0          0          0          0   entry9a.o
        30          0          0          0          0          0   handlers.o
        36          8          0          0          0         68   init.o
         0          0          0          0          0          0   iusefp.o
        30          0          0          0          0         68   llshl.o
        36          0          0          0          0         68   llsshr.o
        32          0          0          0          0         68   llushr.o
        36          0          0          0          0        108   memseta.o
      1204         60          0          0          0        504   printf8.o
         0          0          0          4          0          0   stdout.o
        14          0          0          0          0         68   strlen.o
        36          0          0          0          0         80   strstr.o
        98          0          0          0          0         92   uldiv.o
        20          0          0          0          0         68   cfcmple.o
        56          0          0          0          0         88   d2f.o
       334          0          0          0          0        148   dadd.o
       222          0          0          0          0        100   ddiv.o
       186          0          0          0          0        176   depilogue.o
        26          0          0          0          0         76   dfltui.o
       228          0          0          0          0         96   dmul.o
        38          0          0          0          0         68   f2d.o
       176          0          0          0          0        140   fadd.o
       124          0          0          0          0         88   fdiv.o
       110          0          0          0          0        168   fepilogue.o
        50          0          0          0          0         68   ffixi.o
        40          0          0          0          0         68   ffixui.o
        18          0          0          0          0         68   fflti.o
       100          0          0          0          0         76   fmul.o

    ----------------------------------------------------------------------
      3390         76          0          4          0       2620   Library Totals
         4          0          0          0          0          0   (incl. Padding)

    ----------------------------------------------------------------------

      Code (inc. data)   RO Data    RW Data    ZI Data      Debug   Library Name

      1658         76          0          4          0       1124   mc_w.l
      1728          0          0          0          0       1496   mf_w.l

    ----------------------------------------------------------------------
      3390         76          0          4          0       2620   Library Totals

    ----------------------------------------------------------------------

==============================================================================


      Code (inc. data)   RO Data    RW Data    ZI Data      Debug   

     24968       2218      15688        368      20792     417698   Grand Totals
     24968       2218      15688        292      20792     417698   ELF Image Totals (compressed)
     24968       2218      15688        292          0          0   ROM Totals

==============================================================================

    Total RO  Size (Code + RO Data)                40656 (  39.70kB)
    Total RW  Size (RW Data + ZI Data)             21160 (  20.66kB)
    Total ROM Size (Code + RO Data + RW Data)      40948 (  39.99kB)

==============================================================================

