Component: ARM Compiler 5.05 update 1 (build 106) Tool: armlink [4d0efa]

==============================================================================

Section Cross References

    startup_stm32f10x_hd.o(RESET) refers to startup_stm32f10x_hd.o(STACK) for __initial_sp
    startup_stm32f10x_hd.o(RESET) refers to startup_stm32f10x_hd.o(.text) for Reset_Handler
    startup_stm32f10x_hd.o(RESET) refers to stm32f10x_it.o(i.NMI_Handler) for NMI_Handler
    startup_stm32f10x_hd.o(RESET) refers to stm32f10x_it.o(i.HardFault_Handler) for HardFault_Handler
    startup_stm32f10x_hd.o(RESET) refers to stm32f10x_it.o(i.MemManage_Handler) for MemManage_Handler
    startup_stm32f10x_hd.o(RESET) refers to stm32f10x_it.o(i.BusFault_Handler) for BusFault_Handler
    startup_stm32f10x_hd.o(RESET) refers to stm32f10x_it.o(i.UsageFault_Handler) for UsageFault_Handler
    startup_stm32f10x_hd.o(RESET) refers to stm32f10x_it.o(i.SVC_Handler) for SVC_Handler
    startup_stm32f10x_hd.o(RESET) refers to stm32f10x_it.o(i.DebugMon_Handler) for DebugMon_Handler
    startup_stm32f10x_hd.o(RESET) refers to stm32f10x_it.o(i.PendSV_Handler) for PendSV_Handler
    startup_stm32f10x_hd.o(RESET) refers to stm32f10x_it.o(i.SysTick_Handler) for SysTick_Handler
    startup_stm32f10x_hd.o(RESET) refers to stm32f10x_it.o(i.EXTI0_IRQHandler) for EXTI0_IRQHandler
    startup_stm32f10x_hd.o(RESET) refers to stm32f10x_it.o(i.TIM2_IRQHandler) for TIM2_IRQHandler
    startup_stm32f10x_hd.o(RESET) refers to stm32f10x_it.o(i.TIM3_IRQHandler) for TIM3_IRQHandler
    startup_stm32f10x_hd.o(RESET) refers to stm32f10x_it.o(i.USART1_IRQHandler) for USART1_IRQHandler
    startup_stm32f10x_hd.o(RESET) refers to stm32f10x_it.o(i.EXTI15_10_IRQHandler) for EXTI15_10_IRQHandler
    startup_stm32f10x_hd.o(.text) refers to system_stm32f10x.o(i.SystemInit) for SystemInit
    startup_stm32f10x_hd.o(.text) refers to entry.o(.ARM.Collect$$$$00000000) for __main
    system_stm32f10x.o(i.SetSysClock) refers to system_stm32f10x.o(i.SetSysClockTo72) for SetSysClockTo72
    system_stm32f10x.o(i.SystemCoreClockUpdate) refers to system_stm32f10x.o(.data) for SystemCoreClock
    system_stm32f10x.o(i.SystemInit) refers to system_stm32f10x.o(i.SetSysClock) for SetSysClock
    stm32f10x_adc.o(i.ADC_DeInit) refers to stm32f10x_rcc.o(i.RCC_APB2PeriphResetCmd) for RCC_APB2PeriphResetCmd
    stm32f10x_bkp.o(i.BKP_DeInit) refers to stm32f10x_rcc.o(i.RCC_BackupResetCmd) for RCC_BackupResetCmd
    stm32f10x_can.o(i.CAN_DeInit) refers to stm32f10x_rcc.o(i.RCC_APB1PeriphResetCmd) for RCC_APB1PeriphResetCmd
    stm32f10x_can.o(i.CAN_GetITStatus) refers to stm32f10x_can.o(i.CheckITStatus) for CheckITStatus
    stm32f10x_cec.o(i.CEC_DeInit) refers to stm32f10x_rcc.o(i.RCC_APB1PeriphResetCmd) for RCC_APB1PeriphResetCmd
    stm32f10x_dac.o(i.DAC_DeInit) refers to stm32f10x_rcc.o(i.RCC_APB1PeriphResetCmd) for RCC_APB1PeriphResetCmd
    stm32f10x_flash.o(i.FLASH_EnableWriteProtection) refers to stm32f10x_flash.o(i.FLASH_WaitForLastOperation) for FLASH_WaitForLastOperation
    stm32f10x_flash.o(i.FLASH_EraseAllBank1Pages) refers to stm32f10x_flash.o(i.FLASH_WaitForLastBank1Operation) for FLASH_WaitForLastBank1Operation
    stm32f10x_flash.o(i.FLASH_EraseAllPages) refers to stm32f10x_flash.o(i.FLASH_WaitForLastOperation) for FLASH_WaitForLastOperation
    stm32f10x_flash.o(i.FLASH_EraseOptionBytes) refers to stm32f10x_flash.o(i.FLASH_GetReadOutProtectionStatus) for FLASH_GetReadOutProtectionStatus
    stm32f10x_flash.o(i.FLASH_EraseOptionBytes) refers to stm32f10x_flash.o(i.FLASH_WaitForLastOperation) for FLASH_WaitForLastOperation
    stm32f10x_flash.o(i.FLASH_ErasePage) refers to stm32f10x_flash.o(i.FLASH_WaitForLastOperation) for FLASH_WaitForLastOperation
    stm32f10x_flash.o(i.FLASH_ProgramHalfWord) refers to stm32f10x_flash.o(i.FLASH_WaitForLastOperation) for FLASH_WaitForLastOperation
    stm32f10x_flash.o(i.FLASH_ProgramOptionByteData) refers to stm32f10x_flash.o(i.FLASH_WaitForLastOperation) for FLASH_WaitForLastOperation
    stm32f10x_flash.o(i.FLASH_ProgramWord) refers to stm32f10x_flash.o(i.FLASH_WaitForLastOperation) for FLASH_WaitForLastOperation
    stm32f10x_flash.o(i.FLASH_ReadOutProtection) refers to stm32f10x_flash.o(i.FLASH_WaitForLastOperation) for FLASH_WaitForLastOperation
    stm32f10x_flash.o(i.FLASH_UserOptionByteConfig) refers to stm32f10x_flash.o(i.FLASH_WaitForLastOperation) for FLASH_WaitForLastOperation
    stm32f10x_flash.o(i.FLASH_WaitForLastBank1Operation) refers to stm32f10x_flash.o(i.FLASH_GetBank1Status) for FLASH_GetBank1Status
    stm32f10x_flash.o(i.FLASH_WaitForLastOperation) refers to stm32f10x_flash.o(i.FLASH_GetBank1Status) for FLASH_GetBank1Status
    stm32f10x_gpio.o(i.GPIO_AFIODeInit) refers to stm32f10x_rcc.o(i.RCC_APB2PeriphResetCmd) for RCC_APB2PeriphResetCmd
    stm32f10x_gpio.o(i.GPIO_DeInit) refers to stm32f10x_rcc.o(i.RCC_APB2PeriphResetCmd) for RCC_APB2PeriphResetCmd
[...]
    Removing stm32f10x_tim.o(i.TIM_SelectOCxM), (82 bytes).
    Removing stm32f10x_tim.o(i.TIM_SelectOnePulseMode), (18 bytes).
    Removing stm32f10x_tim.o(i.TIM_SelectOutputTrigger), (18 bytes).
    Removing stm32f10x_tim.o(i.TIM_SelectSlaveMode), (18 bytes).
    Removing stm32f10x_tim.o(i.TIM_SetAutoreload), (4 bytes).
    Removing stm32f10x_tim.o(i.TIM_SetClockDivision), (18 bytes).
    Removing stm32f10x_tim.o(i.TIM_SetCompare1), (4 bytes).
    Removing stm32f10x_tim.o(i.TIM_SetCompare2), (4 bytes).
    Removing stm32f10x_tim.o(i.TIM_SetCompare3), (4 bytes).
    Removing stm32f10x_tim.o(i.TIM_SetCompare4), (6 bytes).
    Removing stm32f10x_tim.o(i.TIM_SetCounter), (4 bytes).
    Removing stm32f10x_tim.o(i.TIM_SetIC1Prescaler), (18 bytes).
    Removing stm32f10x_tim.o(i.TIM_SetIC2Prescaler), (26 bytes).
    Removing stm32f10x_tim.o(i.TIM_SetIC3Prescaler), (18 bytes).
    Removing stm32f10x_tim.o(i.TIM_SetIC4Prescaler), (26 bytes).
    Removing stm32f10x_tim.o(i.TIM_TIxExternalClockConfig), (62 bytes).
    Removing stm32f10x_tim.o(i.TIM_TimeBaseStructInit), (18 bytes).
    Removing stm32f10x_tim.o(i.TIM_UpdateDisableConfig), (24 bytes).
    Removing stm32f10x_tim.o(i.TIM_UpdateRequestConfig), (24 bytes).
    Removing stm32f10x_usart.o(i.USART_ClearFlag), (18 bytes).
    Removing stm32f10x_usart.o(i.USART_ClearITPendingBit), (30 bytes).
    Removing stm32f10x_usart.o(i.USART_ClockInit), (34 bytes).
    Removing stm32f10x_usart.o(i.USART_ClockStructInit), (12 bytes).
    Removing stm32f10x_usart.o(i.USART_DMACmd), (18 bytes).
    Removing stm32f10x_usart.o(i.USART_DeInit), (156 bytes).
    Removing stm32f10x_usart.o(i.USART_GetITStatus), (84 bytes).
    Removing stm32f10x_usart.o(i.USART_HalfDuplexCmd), (24 bytes).
    Removing stm32f10x_usart.o(i.USART_ITConfig), (74 bytes).
    Removing stm32f10x_usart.o(i.USART_IrDACmd), (24 bytes).
    Removing stm32f10x_usart.o(i.USART_IrDAConfig), (18 bytes).
    Removing stm32f10x_usart.o(i.USART_LINBreakDetectLengthConfig), (18 bytes).
    Removing stm32f10x_usart.o(i.USART_LINCmd), (24 bytes).
    Removing stm32f10x_usart.o(i.USART_OneBitMethodCmd), (24 bytes).
    Removing stm32f10x_usart.o(i.USART_OverSampling8Cmd), (22 bytes).
    Removing stm32f10x_usart.o(i.USART_ReceiveData), (10 bytes).
    Removing stm32f10x_usart.o(i.USART_ReceiverWakeUpCmd), (24 bytes).
    Removing stm32f10x_usart.o(i.USART_SendBreak), (10 bytes).
    Removing stm32f10x_usart.o(i.USART_SetAddress), (18 bytes).
    Removing stm32f10x_usart.o(i.USART_SetGuardTime), (16 bytes).
    Removing stm32f10x_usart.o(i.USART_SetPrescaler), (16 bytes).
    Removing stm32f10x_usart.o(i.USART_SmartCardCmd), (24 bytes).
    Removing stm32f10x_usart.o(i.USART_SmartCardNACKCmd), (24 bytes).
    Removing stm32f10x_usart.o(i.USART_StructInit), (24 bytes).
    Removing stm32f10x_usart.o(i.USART_WakeUpConfig), (18 bytes).
    Removing stm32f10x_wwdg.o(i.WWDG_ClearFlag), (12 bytes).
    Removing stm32f10x_wwdg.o(i.WWDG_DeInit), (22 bytes).
    Removing stm32f10x_wwdg.o(i.WWDG_Enable), (16 bytes).
    Removing stm32f10x_wwdg.o(i.WWDG_EnableIT), (12 bytes).
    Removing stm32f10x_wwdg.o(i.WWDG_GetFlagStatus), (12 bytes).
    Removing stm32f10x_wwdg.o(i.WWDG_SetCounter), (16 bytes).
    Removing stm32f10x_wwdg.o(i.WWDG_SetPrescaler), (24 bytes).
    Removing stm32f10x_wwdg.o(i.WWDG_SetWindowValue), (40 bytes).
    Removing bsp_ili9341_lcd.o(i.ILI9341_DispChar_CH), (132 bytes).
    Removing bsp_ili9341_lcd.o(i.ILI9341_DispStringLine_EN_CH), (180 bytes).
    Removing bsp_ili9341_lcd.o(i.ILI9341_DispStringLine_EN_CH_GP2Y), (180 bytes).
    Removing bsp_ili9341_lcd.o(i.ILI9341_DispString_CH), (96 bytes).
    Removing bsp_ili9341_lcd.o(i.ILI9341_DispString_EN), (104 bytes).
    Removing bsp_ili9341_lcd.o(i.ILI9341_DispString_EN_CH), (180 bytes).
    Removing bsp_ili9341_lcd.o(i.ILI9341_DispString_EN_CH_YDir), (120 bytes).
    Removing bsp_ili9341_lcd.o(i.ILI9341_DispString_EN_YDir), (104 bytes).
    Removing bsp_ili9341_lcd.o(i.ILI9341_DisplayStringEx_YDir), (268 bytes).
    Removing bsp_ili9341_lcd.o(i.ILI9341_DrawCircle), (312 bytes).
    Removing bsp_ili9341_lcd.o(i.ILI9341_DrawLine), (160 bytes).
    Removing bsp_ili9341_lcd.o(i.ILI9341_DrawRectangle), (136 bytes).
    Removing bsp_ili9341_lcd.o(i.ILI9341_GetPointPixel), (24 bytes).
    Removing bsp_ili9341_lcd.o(i.ILI9341_Read_PixelData), (54 bytes).
    Removing bsp_ili9341_lcd.o(i.ILI9341_SetCursor), (20 bytes).
    Removing bsp_ili9341_lcd.o(i.ILI9341_SetPointPixel), (56 bytes).
    Removing bsp_ili9341_lcd.o(i.LCD_GetColors), (24 bytes).
    Removing bsp_ili9341_lcd.o(i.LCD_SetBackColor), (12 bytes).
    Removing bsp_usart.o(i.fgetc), (32 bytes).
    Removing bsp_spi_flash.o(i.SPI_FLASH_BufferWrite), (290 bytes).
    Removing bsp_spi_flash.o(i.SPI_FLASH_BulkErase), (40 bytes).
    Removing bsp_spi_flash.o(i.SPI_FLASH_PageWrite), (156 bytes).
    Removing bsp_spi_flash.o(i.SPI_FLASH_ReadByte), (10 bytes).
    Removing bsp_spi_flash.o(i.SPI_FLASH_ReadDeviceID), (60 bytes).
    Removing bsp_spi_flash.o(i.SPI_FLASH_ReadID), (80 bytes).
    Removing bsp_spi_flash.o(i.SPI_FLASH_SectorErase), (68 bytes).
    Removing bsp_spi_flash.o(i.SPI_FLASH_SendHalfWord), (112 bytes).
    Removing bsp_spi_flash.o(i.SPI_FLASH_StartReadSequence), (48 bytes).
    Removing bsp_spi_flash.o(i.SPI_FLASH_WaitForWriteEnd), (52 bytes).
    Removing bsp_spi_flash.o(i.SPI_FLASH_WriteEnable), (32 bytes).
    Removing bsp_spi_flash.o(i.SPI_Flash_PowerDown), (32 bytes).
    Removing bsp_spi_flash.o(i.SPI_Flash_WAKEUP), (32 bytes).
    Removing rc522_function.o(i.PcdAntennaOff), (12 bytes).
    Removing bsp_led.o(i.assert_failed), (12 bytes).
    Removing bsp_ili9341_lcd.o(i.ILI9341_Read_Data), (8 bytes).

479 unused section(s) (total 21194 bytes) removed from the image.

==============================================================================

Image Symbol Table

    Local Symbols

    Symbol Name                              Value     Ov Type        Size  Object(Section)

    ../clib/microlib/division.c              0x00000000   Number         0  uldiv.o ABSOLUTE
    ../clib/microlib/division.c              0x00000000   Number         0  uidiv.o ABSOLUTE
    ../clib/microlib/init/entry.s            0x00000000   Number         0  entry10a.o ABSOLUTE
    ../clib/microlib/init/entry.s            0x00000000   Number         0  entry.o ABSOLUTE
    ../clib/microlib/init/entry.s            0x00000000   Number         0  entry9b.o ABSOLUTE
    ../clib/microlib/init/entry.s            0x00000000   Number         0  entry10b.o ABSOLUTE
    ../clib/microlib/init/entry.s            0x00000000   Number         0  entry11a.o ABSOLUTE
    ../clib/microlib/init/entry.s            0x00000000   Number         0  entry11b.o ABSOLUTE
    ../clib/microlib/init/entry.s            0x00000000   Number         0  entry2.o ABSOLUTE
    ../clib/microlib/init/entry.s            0x00000000   Number         0  entry5.o ABSOLUTE
    ../clib/microlib/init/entry.s            0x00000000   Number         0  entry9a.o ABSOLUTE
    ../clib/microlib/init/entry.s            0x00000000   Number         0  entry7a.o ABSOLUTE
    ../clib/microlib/init/entry.s            0x00000000   Number         0  entry7b.o ABSOLUTE
    ../clib/microlib/init/entry.s            0x00000000   Number         0  entry8a.o ABSOLUTE
    ../clib/microlib/init/entry.s            0x00000000   Number         0  entry8b.o ABSOLUTE
    ../clib/microlib/longlong.c              0x00000000   Number         0  llsshr.o ABSOLUTE
    ../clib/microlib/longlong.c              0x00000000   Number         0  llushr.o ABSOLUTE
    ../clib/microlib/longlong.c              0x00000000   Number         0  llshl.o ABSOLUTE
    ../clib/microlib/printf/printf.c         0x00000000   Number         0  printfa.o ABSOLUTE
    ../clib/microlib/printf/printf.c         0x00000000   Number         0  printf4.o ABSOLUTE
    ../clib/microlib/printf/printf.c         0x00000000   Number         0  printfb.o ABSOLUTE
    ../clib/microlib/printf/printf.c         0x00000000   Number         0  printf0.o ABSOLUTE
    ../clib/microlib/printf/printf.c         0x00000000   Number         0  printf3.o ABSOLUTE
    ../clib/microlib/printf/printf.c         0x00000000   Number         0  printf2.o ABSOLUTE
    ../clib/microlib/printf/printf.c         0x00000000   Number         0  printf1.o ABSOLUTE
    ../clib/microlib/printf/printf.c         0x00000000   Number         0  printf6.o ABSOLUTE
    ../clib/microlib/printf/printf.c         0x00000000   Number         0  printf7.o ABSOLUTE
    ../clib/microlib/printf/printf.c         0x00000000   Number         0  printf8.o ABSOLUTE
    ../clib/microlib/printf/printf.c         0x00000000   Number         0  printf5.o ABSOLUTE
    ../clib/microlib/printf/stubs.s          0x00000000   Number         0  stubs.o ABSOLUTE
    ../clib/microlib/stdio/streams.c         0x00000000   Number         0  stdout.o ABSOLUTE
    ../clib/microlib/stubs.s                 0x00000000   Number         0  iusefp.o ABSOLUTE
    ../fplib/microlib/d2f.c                  0x00000000   Number         0  d2f.o ABSOLUTE
    ../fplib/microlib/f2d.c                  0x00000000   Number         0  f2d.o ABSOLUTE
    ../fplib/microlib/fpadd.c                0x00000000   Number         0  dadd.o ABSOLUTE
    ../fplib/microlib/fpdiv.c                0x00000000   Number         0  ddiv.o ABSOLUTE
    ../fplib/microlib/fpepilogue.c           0x00000000   Number         0  depilogue.o ABSOLUTE
    ../fplib/microlib/fpepilogue.c           0x00000000   Number         0  fepilogue.o ABSOLUTE
    ../fplib/microlib/fpfix.c                0x00000000   Number         0  dfixul.o ABSOLUTE
    ../fplib/microlib/fpflt.c                0x00000000   Number         0  dfltui.o ABSOLUTE
    ../fplib/microlib/fpmul.c                0x00000000   Number         0  dmul.o ABSOLUTE
    ..\..\Libraries\CMSIS\core_cm3.c         0x00000000   Number         0  core_cm3.o ABSOLUTE
    ..\..\Libraries\CMSIS\startup\startup_stm32f10x_hd.s 0x00000000   Number         0  startup_stm32f10x_hd.o ABSOLUTE
    ..\..\Libraries\CMSIS\system_stm32f10x.c 0x00000000   Number         0  system_stm32f10x.o ABSOLUTE
    ..\..\Libraries\FWlib\src\misc.c         0x00000000   Number         0  misc.o ABSOLUTE
    ..\..\Libraries\FWlib\src\stm32f10x_adc.c 0x00000000   Number         0  stm32f10x_adc.o ABSOLUTE
    ..\..\Libraries\FWlib\src\stm32f10x_bkp.c 0x00000000   Number         0  stm32f10x_bkp.o ABSOLUTE
    ..\..\Libraries\FWlib\src\stm32f10x_can.c 0x00000000   Number         0  stm32f10x_can.o ABSOLUTE
    ..\..\Libraries\FWlib\src\stm32f10x_cec.c 0x00000000   Number         0  stm32f10x_cec.o ABSOLUTE
    ..\..\Libraries\FWlib\src\stm32f10x_crc.c 0x00000000   Number         0  stm32f10x_crc.o ABSOLUTE
    ..\..\Libraries\FWlib\src\stm32f10x_dac.c 0x00000000   Number         0  stm32f10x_dac.o ABSOLUTE
    ..\..\Libraries\FWlib\src\stm32f10x_dbgmcu.c 0x00000000   Number         0  stm32f10x_dbgmcu.o ABSOLUTE
    ..\..\Libraries\FWlib\src\stm32f10x_dma.c 0x00000000   Number         0  stm32f10x_dma.o ABSOLUTE
    ..\..\Libraries\FWlib\src\stm32f10x_exti.c 0x00000000   Number         0  stm32f10x_exti.o ABSOLUTE
    ..\..\Libraries\FWlib\src\stm32f10x_flash.c 0x00000000   Number         0  stm32f10x_flash.o ABSOLUTE
    ..\..\Libraries\FWlib\src\stm32f10x_fsmc.c 0x00000000   Number         0  stm32f10x_fsmc.o ABSOLUTE
    ..\..\Libraries\FWlib\src\stm32f10x_gpio.c 0x00000000   Number         0  stm32f10x_gpio.o ABSOLUTE
    ..\..\Libraries\FWlib\src\stm32f10x_i2c.c 0x00000000   Number         0  stm32f10x_i2c.o ABSOLUTE
    ..\..\Libraries\FWlib\src\stm32f10x_iwdg.c 0x00000000   Number         0  stm32f10x_iwdg.o ABSOLUTE
    ..\..\Libraries\FWlib\src\stm32f10x_pwr.c 0x00000000   Number         0  stm32f10x_pwr.o ABSOLUTE
    ..\..\Libraries\FWlib\src\stm32f10x_rcc.c 0x00000000   Number         0  stm32f10x_rcc.o ABSOLUTE
    ..\..\Libraries\FWlib\src\stm32f10x_rtc.c 0x00000000   Number         0  stm32f10x_rtc.o ABSOLUTE
    ..\..\Libraries\FWlib\src\stm32f10x_sdio.c 0x00000000   Number         0  stm32f10x_sdio.o ABSOLUTE
    ..\..\Libraries\FWlib\src\stm32f10x_spi.c 0x00000000   Number         0  stm32f10x_spi.o ABSOLUTE
    ..\..\Libraries\FWlib\src\stm32f10x_tim.c 0x00000000   Number         0  stm32f10x_tim.o ABSOLUTE
    ..\..\Libraries\FWlib\src\stm32f10x_usart.c 0x00000000   Number         0  stm32f10x_usart.o ABSOLUTE
    ..\..\Libraries\FWlib\src\stm32f10x_wwdg.c 0x00000000   Number         0  stm32f10x_wwdg.o ABSOLUTE
    ..\..\User\Lcd\bsp_ili9341_lcd.c         0x00000000   Number         0  bsp_ili9341_lcd.o ABSOLUTE
    ..\..\User\Led\bsp_led.c                 0x00000000   Number         0  bsp_led.o ABSOLUTE
    ..\..\User\MLX90614\mlx90614.c           0x00000000   Number         0  mlx90614.o ABSOLUTE
    ..\..\User\RC522\rc522_config.c          0x00000000   Number         0  rc522_config.o ABSOLUTE
    ..\..\User\RC522\rc522_function.c        0x00000000   Number         0  rc522_function.o ABSOLUTE
    ..\..\User\SysTick\bsp_SysTick.c         0x00000000   Number         0  bsp_systick.o ABSOLUTE
    ..\..\User\dht11\bsp_dht11.c             0x00000000   Number         0  bsp_dht11.o ABSOLUTE
    ..\..\User\dwt_delay\core_delay.c        0x00000000   Number         0  core_delay.o ABSOLUTE
    ..\..\User\exti\bsp_exti.c               0x00000000   Number         0  bsp_exti.o ABSOLUTE
    ..\..\User\flash\bsp_spi_flash.c         0x00000000   Number         0  bsp_spi_flash.o ABSOLUTE
    ..\..\User\font\fonts.c                  0x00000000   Number         0  fonts.o ABSOLUTE
    ..\..\User\main.c                        0x00000000   Number         0  main.o ABSOLUTE
    ..\..\User\myled\my_led.c                0x00000000   Number         0  my_led.o ABSOLUTE
    ..\..\User\stm32f10x_it.c                0x00000000   Number         0  stm32f10x_it.o ABSOLUTE
    ..\..\User\timer2\timer2.c               0x00000000   Number         0  timer2.o ABSOLUTE
    ..\..\User\timer\timer.c                 0x00000000   Number         0  timer.o ABSOLUTE
    ..\..\User\usart\bsp_usart.c             0x00000000   Number         0  bsp_usart.o ABSOLUTE
    ..\\..\\Libraries\\CMSIS\\core_cm3.c     0x00000000   Number         0  core_cm3.o ABSOLUTE
    cdrcmple.s                               0x00000000   Number         0  cdrcmple.o ABSOLUTE
    cfrcmple.s                               0x00000000   Number         0  cfrcmple.o ABSOLUTE
    dc.s                                     0x00000000   Number         0  dc.o ABSOLUTE
    handlers.s                               0x00000000   Number         0  handlers.o ABSOLUTE
    init.s                                   0x00000000   Number         0  init.o ABSOLUTE
    RESET                                    0x08000000   Section      304  startup_stm32f10x_hd.o(RESET)
    .ARM.Collect$$$$00000000                 0x08000130   Section        0  entry.o(.ARM.Collect$$$$00000000)
    .ARM.Collect$$$$00000001                 0x08000130   Section        4  entry2.o(.ARM.Collect$$$$00000001)
    .ARM.Collect$$$$00000004                 0x08000134   Section        4  entry5.o(.ARM.Collect$$$$00000004)
    .ARM.Collect$$$$00000008                 0x08000138   Section        0  entry7b.o(.ARM.Collect$$$$00000008)
    .ARM.Collect$$$$0000000A                 0x08000138   Section        0  entry8b.o(.ARM.Collect$$$$0000000A)
    .ARM.Collect$$$$0000000B                 0x08000138   Section        8  entry9a.o(.ARM.Collect$$$$0000000B)
    .ARM.Collect$$$$0000000D                 0x08000140   Section        0  entry10a.o(.ARM.Collect$$$$0000000D)
    .ARM.Collect$$$$0000000F                 0x08000140   Section        0  entry11a.o(.ARM.Collect$$$$0000000F)
    .ARM.Collect$$$$00002712                 0x08000140   Section        4  entry2.o(.ARM.Collect$$$$00002712)
    __lit__00000000                          0x08000140   Data           4  entry2.o(.ARM.Collect$$$$00002712)
    .text                                    0x08000144   Section       36  startup_stm32f10x_hd.o(.text)
    .text                                    0x08000168   Section        0  dadd.o(.text)
    .text                                    0x080002b6   Section        0  dmul.o(.text)
    .text                                    0x0800039a   Section        0  dfltui.o(.text)
    .text                                    0x080003b4   Section        0  f2d.o(.text)
    .text                                    0x080003da   Section        0  d2f.o(.text)
    .text                                    0x08000414   Section       20  cfrcmple.o(.text)
    .text                                    0x08000428   Section        0  uidiv.o(.text)
    .text                                    0x08000454   Section        0  uldiv.o(.text)
    .text                                    0x080004b6   Section        0  llshl.o(.text)
    .text                                    0x080004d4   Section        0  llsshr.o(.text)
    .text                                    0x080004f8   Section        0  fepilogue.o(.text)
    .text                                    0x080004f8   Section        0  iusefp.o(.text)
    .text                                    0x08000566   Section        0  depilogue.o(.text)
    .text                                    0x08000620   Section        0  ddiv.o(.text)
    .text                                    0x080006fe   Section        0  dfixul.o(.text)
    .text                                    0x08000730   Section       48  cdrcmple.o(.text)
    .text                                    0x08000760   Section       36  init.o(.text)
    .text                                    0x08000784   Section        0  llushr.o(.text)
    i.BusFault_Handler                       0x080007a4   Section        0  stm32f10x_it.o(i.BusFault_Handler)
    i.CPU_TS_TmrInit                         0x080007a8   Section        0  core_delay.o(i.CPU_TS_TmrInit)
    i.CPU_TS_TmrRd                           0x080007d0   Section        0  core_delay.o(i.CPU_TS_TmrRd)
    i.CPU_TS_Tmr_Delay_US                    0x080007dc   Section        0  core_delay.o(i.CPU_TS_Tmr_Delay_US)
    i.CalulateCRC                            0x08000830   Section        0  rc522_function.o(i.CalulateCRC)
    i.ClearBitMask                           0x0800089c   Section        0  rc522_function.o(i.ClearBitMask)
    i.DHT11_GPIO_Config                      0x080008b8   Section        0  bsp_dht11.o(i.DHT11_GPIO_Config)
    DHT11_GPIO_Config                        0x080008b9   Thumb Code    40  bsp_dht11.o(i.DHT11_GPIO_Config)
    i.DHT11_Init                             0x080008e4   Section        0  bsp_dht11.o(i.DHT11_Init)
    i.DHT11_Mode_IPU                         0x080008fc   Section        0  bsp_dht11.o(i.DHT11_Mode_IPU)
    DHT11_Mode_IPU                           0x080008fd   Thumb Code    26  bsp_dht11.o(i.DHT11_Mode_IPU)
    i.DHT11_Mode_Out_PP                      0x0800091c   Section        0  bsp_dht11.o(i.DHT11_Mode_Out_PP)
    DHT11_Mode_Out_PP                        0x0800091d   Thumb Code    32  bsp_dht11.o(i.DHT11_Mode_Out_PP)
    i.DHT11_ReadByte                         0x08000940   Section        0  bsp_dht11.o(i.DHT11_ReadByte)
    DHT11_ReadByte                           0x08000941   Thumb Code    96  bsp_dht11.o(i.DHT11_ReadByte)
    i.DHT11_Read_TempAndHumidity             0x080009a4   Section        0  bsp_dht11.o(i.DHT11_Read_TempAndHumidity)
    i.DebugMon_Handler                       0x08000a50   Section        0  stm32f10x_it.o(i.DebugMon_Handler)
    i.Delay_us                               0x08000a54   Section        0  bsp_systick.o(i.Delay_us)
    i.EXTI0_IRQHandler                       0x08000a8c   Section        0  stm32f10x_it.o(i.EXTI0_IRQHandler)
    i.EXTI15_10_IRQHandler                   0x08000ae0   Section        0  stm32f10x_it.o(i.EXTI15_10_IRQHandler)
    i.EXTI_ClearITPendingBit                 0x08000b3c   Section        0  stm32f10x_exti.o(i.EXTI_ClearITPendingBit)
    i.EXTI_GetITStatus                       0x08000b48   Section        0  stm32f10x_exti.o(i.EXTI_GetITStatus)
    i.EXTI_Init                              0x08000b70   Section        0  stm32f10x_exti.o(i.EXTI_Init)
    i.EXTI_Key_Config                        0x08000c04   Section        0  bsp_exti.o(i.EXTI_Key_Config)
    i.FSMC_NORSRAMCmd                        0x08000c90   Section        0  stm32f10x_fsmc.o(i.FSMC_NORSRAMCmd)
    i.FSMC_NORSRAMInit                       0x08000cc4   Section        0  stm32f10x_fsmc.o(i.FSMC_NORSRAMInit)
    i.GENERAL_TIM2_Init                      0x08000daa   Section        0  timer2.o(i.GENERAL_TIM2_Init)
    i.GENERAL_TIM2_Mode_Config               0x08000db8   Section        0  timer2.o(i.GENERAL_TIM2_Mode_Config)
    GENERAL_TIM2_Mode_Config                 0x08000db9   Thumb Code    68  timer2.o(i.GENERAL_TIM2_Mode_Config)
    i.GENERAL_TIM2_NVIC_Config               0x08000e00   Section        0  timer2.o(i.GENERAL_TIM2_NVIC_Config)
    GENERAL_TIM2_NVIC_Config                 0x08000e01   Thumb Code    34  timer2.o(i.GENERAL_TIM2_NVIC_Config)
    i.GENERAL_TIM_Init                       0x08000e22   Section        0  timer.o(i.GENERAL_TIM_Init)
    i.GENERAL_TIM_Mode_Config                0x08000e2e   Section        0  timer.o(i.GENERAL_TIM_Mode_Config)
    GENERAL_TIM_Mode_Config                  0x08000e2f   Thumb Code    70  timer.o(i.GENERAL_TIM_Mode_Config)
    i.GENERAL_TIM_NVIC_Config                0x08000e74   Section        0  timer.o(i.GENERAL_TIM_NVIC_Config)
    GENERAL_TIM_NVIC_Config                  0x08000e75   Thumb Code    32  timer.o(i.GENERAL_TIM_NVIC_Config)
    i.GPIO_EXTILineConfig                    0x08000e94   Section        0  stm32f10x_gpio.o(i.GPIO_EXTILineConfig)
    i.GPIO_Init                              0x08000ed4   Section        0  stm32f10x_gpio.o(i.GPIO_Init)
    i.GPIO_ReadInputDataBit                  0x08000fea   Section        0  stm32f10x_gpio.o(i.GPIO_ReadInputDataBit)
    i.GPIO_ResetBits                         0x08000ffc   Section        0  stm32f10x_gpio.o(i.GPIO_ResetBits)
    i.GPIO_SetBits                           0x08001000   Section        0  stm32f10x_gpio.o(i.GPIO_SetBits)
    i.GetGBKCode_from_EXFlash                0x08001004   Section        0  fonts.o(i.GetGBKCode_from_EXFlash)
    i.HardFault_Handler                      0x08001058   Section        0  stm32f10x_it.o(i.HardFault_Handler)
    i.IC_test                                0x0800105c   Section        0  main.o(i.IC_test)
    i.ILI9341_BackLed_Control                0x08001358   Section        0  bsp_ili9341_lcd.o(i.ILI9341_BackLed_Control)
    i.ILI9341_Clear                          0x08001378   Section        0  bsp_ili9341_lcd.o(i.ILI9341_Clear)
    i.ILI9341_Delay                          0x080013a4   Section        0  bsp_ili9341_lcd.o(i.ILI9341_Delay)
    ILI9341_Delay                            0x080013a5   Thumb Code    18  bsp_ili9341_lcd.o(i.ILI9341_Delay)
    i.ILI9341_DispChar_EN                    0x080013b8   Section        0  bsp_ili9341_lcd.o(i.ILI9341_DispChar_EN)
    i.ILI9341_DispNum                        0x08001450   Section        0  bsp_ili9341_lcd.o(i.ILI9341_DispNum)
    i.ILI9341_DispStringLine_EN              0x080014d4   Section        0  bsp_ili9341_lcd.o(i.ILI9341_DispStringLine_EN)
    i.ILI9341_DisplayStringEx                0x0800153c   Section        0  bsp_ili9341_lcd.o(i.ILI9341_DisplayStringEx)
    i.ILI9341_DrawChar_Ex                    0x08001644   Section        0  bsp_ili9341_lcd.o(i.ILI9341_DrawChar_Ex)
    i.ILI9341_FSMC_Config                    0x080016a8   Section        0  bsp_ili9341_lcd.o(i.ILI9341_FSMC_Config)
    ILI9341_FSMC_Config                      0x080016a9   Thumb Code    98  bsp_ili9341_lcd.o(i.ILI9341_FSMC_Config)
    i.ILI9341_FillColor                      0x0800170a   Section        0  bsp_ili9341_lcd.o(i.ILI9341_FillColor)
    ILI9341_FillColor                        0x0800170b   Thumb Code    32  bsp_ili9341_lcd.o(i.ILI9341_FillColor)
    i.ILI9341_GPIO_Config                    0x0800172c   Section        0  bsp_ili9341_lcd.o(i.ILI9341_GPIO_Config)
    ILI9341_GPIO_Config                      0x0800172d   Thumb Code   400  bsp_ili9341_lcd.o(i.ILI9341_GPIO_Config)
    i.ILI9341_GramScan                       0x080018c8   Section        0  bsp_ili9341_lcd.o(i.ILI9341_GramScan)
    i.ILI9341_Init                           0x08001980   Section        0  bsp_ili9341_lcd.o(i.ILI9341_Init)
    i.ILI9341_OpenWindow                     0x080019a8   Section        0  bsp_ili9341_lcd.o(i.ILI9341_OpenWindow)
    i.ILI9341_REG_Config                     0x08001a08   Section        0  bsp_ili9341_lcd.o(i.ILI9341_REG_Config)
    ILI9341_REG_Config                       0x08001a09   Thumb Code   556  bsp_ili9341_lcd.o(i.ILI9341_REG_Config)
    i.ILI9341_Rst                            0x08001c38   Section        0  bsp_ili9341_lcd.o(i.ILI9341_Rst)
    i.ILI9341_Write_Cmd                      0x08001c64   Section        0  bsp_ili9341_lcd.o(i.ILI9341_Write_Cmd)
    i.ILI9341_Write_Data                     0x08001c6c   Section        0  bsp_ili9341_lcd.o(i.ILI9341_Write_Data)
    i.ILI9341_zoomChar                       0x08001c74   Section        0  bsp_ili9341_lcd.o(i.ILI9341_zoomChar)
    i.LCD_ClearLine                          0x08001df8   Section        0  bsp_ili9341_lcd.o(i.LCD_ClearLine)
    i.LCD_GetFont                            0x08001e18   Section        0  bsp_ili9341_lcd.o(i.LCD_GetFont)
    i.LCD_Pow                                0x08001e24   Section        0  bsp_ili9341_lcd.o(i.LCD_Pow)
    i.LCD_SetColors                          0x08001e3c   Section        0  bsp_ili9341_lcd.o(i.LCD_SetColors)
    i.LCD_SetFont                            0x08001e50   Section        0  bsp_ili9341_lcd.o(i.LCD_SetFont)
    i.LCD_SetTextColor                       0x08001e5c   Section        0  bsp_ili9341_lcd.o(i.LCD_SetTextColor)
    i.LED_GPIO_Config                        0x08001e68   Section        0  bsp_led.o(i.LED_GPIO_Config)
    i.M500PcdConfigISOType                   0x08001ec8   Section        0  rc522_function.o(i.M500PcdConfigISOType)
    i.MYLED_GPIO_Config                      0x08001f1c   Section        0  my_led.o(i.MYLED_GPIO_Config)
    i.MemManage_Handler                      0x08001f7c   Section        0  stm32f10x_it.o(i.MemManage_Handler)
    i.NMI_Handler                            0x08001f80   Section        0  stm32f10x_it.o(i.NMI_Handler)
    i.NVIC_Configuration                     0x08001f82   Section        0  bsp_exti.o(i.NVIC_Configuration)
    NVIC_Configuration                       0x08001f83   Thumb Code    46  bsp_exti.o(i.NVIC_Configuration)
    i.NVIC_Init                              0x08001fb0   Section        0  misc.o(i.NVIC_Init)
    i.NVIC_PriorityGroupConfig               0x08002020   Section        0  misc.o(i.NVIC_PriorityGroupConfig)
    i.PEC_Calculation                        0x08002034   Section        0  mlx90614.o(i.PEC_Calculation)
    i.PcdAntennaOn                           0x080020ee   Section        0  rc522_function.o(i.PcdAntennaOn)
    i.PcdAnticoll                            0x08002108   Section        0  rc522_function.o(i.PcdAnticoll)
    i.PcdAuthState                           0x0800217a   Section        0  rc522_function.o(i.PcdAuthState)
    i.PcdComMF522                            0x080021ea   Section        0  rc522_function.o(i.PcdComMF522)
    i.PcdHalt                                0x0800231c   Section        0  rc522_function.o(i.PcdHalt)
    i.PcdRead                                0x0800234e   Section        0  rc522_function.o(i.PcdRead)
    i.PcdRequest                             0x080023a4   Section        0  rc522_function.o(i.PcdRequest)
    i.PcdReset                               0x080023fc   Section        0  rc522_function.o(i.PcdReset)
    i.PcdSelect                              0x0800247c   Section        0  rc522_function.o(i.PcdSelect)
    i.PcdWrite                               0x080024ee   Section        0  rc522_function.o(i.PcdWrite)
    i.PendSV_Handler                         0x08002586   Section        0  stm32f10x_it.o(i.PendSV_Handler)
    i.RC522_Init                             0x08002588   Section        0  rc522_config.o(i.RC522_Init)
    i.RC522_SPI_Config                       0x080025a8   Section        0  rc522_config.o(i.RC522_SPI_Config)
    RC522_SPI_Config                         0x080025a9   Thumb Code   168  rc522_config.o(i.RC522_SPI_Config)
    i.RCC_AHBPeriphClockCmd                  0x08002658   Section        0  stm32f10x_rcc.o(i.RCC_AHBPeriphClockCmd)
    i.RCC_APB1PeriphClockCmd                 0x08002678   Section        0  stm32f10x_rcc.o(i.RCC_APB1PeriphClockCmd)
    i.RCC_APB2PeriphClockCmd                 0x08002698   Section        0  stm32f10x_rcc.o(i.RCC_APB2PeriphClockCmd)
    i.RCC_GetClocksFreq                      0x080026b8   Section        0  stm32f10x_rcc.o(i.RCC_GetClocksFreq)
    i.ReadAmount                             0x0800278c   Section        0  rc522_function.o(i.ReadAmount)
    i.ReadRawRC                              0x0800280c   Section        0  rc522_function.o(i.ReadRawRC)
    i.SMBus_Delay                            0x08002840   Section        0  mlx90614.o(i.SMBus_Delay)
    i.SMBus_Init                             0x0800285c   Section        0  mlx90614.o(i.SMBus_Init)
    i.SMBus_ReadMemory                       0x08002898   Section        0  mlx90614.o(i.SMBus_ReadMemory)
    i.SMBus_ReadTemp                         0x08002940   Section        0  mlx90614.o(i.SMBus_ReadTemp)
    i.SMBus_ReceiveBit                       0x08002980   Section        0  mlx90614.o(i.SMBus_ReceiveBit)
    i.SMBus_ReceiveByte                      0x080029c8   Section        0  mlx90614.o(i.SMBus_ReceiveByte)
    i.SMBus_SendBit                          0x080029fc   Section        0  mlx90614.o(i.SMBus_SendBit)
    i.SMBus_SendByte                         0x08002a40   Section        0  mlx90614.o(i.SMBus_SendByte)
    i.SMBus_StartBit                         0x08002a70   Section        0  mlx90614.o(i.SMBus_StartBit)
    i.SMBus_StopBit                          0x08002ab4   Section        0  mlx90614.o(i.SMBus_StopBit)
    i.SPI_Cmd                                0x08002af4   Section        0  stm32f10x_spi.o(i.SPI_Cmd)
    i.SPI_FLASH_BufferRead                   0x08002b0c   Section        0  bsp_spi_flash.o(i.SPI_FLASH_BufferRead)
    i.SPI_FLASH_Init                         0x08002b5c   Section        0  bsp_spi_flash.o(i.SPI_FLASH_Init)
    i.SPI_FLASH_SendByte                     0x08002c18   Section        0  bsp_spi_flash.o(i.SPI_FLASH_SendByte)
    i.SPI_I2S_GetFlagStatus                  0x08002c90   Section        0  stm32f10x_spi.o(i.SPI_I2S_GetFlagStatus)
    i.SPI_I2S_ReceiveData                    0x08002ca2   Section        0  stm32f10x_spi.o(i.SPI_I2S_ReceiveData)
    i.SPI_I2S_SendData                       0x08002ca8   Section        0  stm32f10x_spi.o(i.SPI_I2S_SendData)
    i.SPI_Init                               0x08002cac   Section        0  stm32f10x_spi.o(i.SPI_Init)
    i.SPI_RC522_ReadByte                     0x08002ce8   Section        0  rc522_function.o(i.SPI_RC522_ReadByte)
    i.SPI_RC522_SendByte                     0x08002d34   Section        0  rc522_function.o(i.SPI_RC522_SendByte)
    i.SPI_TIMEOUT_UserCallback               0x08002d88   Section        0  bsp_spi_flash.o(i.SPI_TIMEOUT_UserCallback)
    SPI_TIMEOUT_UserCallback                 0x08002d89   Thumb Code    16  bsp_spi_flash.o(i.SPI_TIMEOUT_UserCallback)
    i.SVC_Handler                            0x08002dc8   Section        0  stm32f10x_it.o(i.SVC_Handler)
    i.SetBitMask                             0x08002dca   Section        0  rc522_function.o(i.SetBitMask)
    i.SetSysClock                            0x08002de4   Section        0  system_stm32f10x.o(i.SetSysClock)
    SetSysClock                              0x08002de5   Thumb Code     8  system_stm32f10x.o(i.SetSysClock)
    i.SetSysClockTo72                        0x08002dec   Section        0  system_stm32f10x.o(i.SetSysClockTo72)
    SetSysClockTo72                          0x08002ded   Thumb Code   214  system_stm32f10x.o(i.SetSysClockTo72)
    i.SysTick_Handler                        0x08002ecc   Section        0  stm32f10x_it.o(i.SysTick_Handler)
    i.SysTick_Init                           0x08002ed4   Section        0  bsp_systick.o(i.SysTick_Init)
    i.SystemInit                             0x08002f50   Section        0  system_stm32f10x.o(i.SystemInit)
    i.TIM2_IRQHandler                        0x08002fb0   Section        0  stm32f10x_it.o(i.TIM2_IRQHandler)
    i.TIM3_IRQHandler                        0x08003180   Section        0  stm32f10x_it.o(i.TIM3_IRQHandler)
    i.TIM_ClearFlag                          0x08003182   Section        0  stm32f10x_tim.o(i.TIM_ClearFlag)
    i.TIM_ClearITPendingBit                  0x08003188   Section        0  stm32f10x_tim.o(i.TIM_ClearITPendingBit)
    i.TIM_Cmd                                0x0800318e   Section        0  stm32f10x_tim.o(i.TIM_Cmd)
    i.TIM_GetITStatus                        0x080031a6   Section        0  stm32f10x_tim.o(i.TIM_GetITStatus)
    i.TIM_ITConfig                           0x080031c8   Section        0  stm32f10x_tim.o(i.TIM_ITConfig)
    i.TIM_TimeBaseInit                       0x080031dc   Section        0  stm32f10x_tim.o(i.TIM_TimeBaseInit)
    i.TimingDelay_Decrement                  0x08003280   Section        0  bsp_systick.o(i.TimingDelay_Decrement)
    i.USART1_IRQHandler                      0x08003298   Section        0  stm32f10x_it.o(i.USART1_IRQHandler)
    i.USART_Cmd                              0x0800329a   Section        0  stm32f10x_usart.o(i.USART_Cmd)
    i.USART_Config                           0x080032b4   Section        0  bsp_usart.o(i.USART_Config)
    i.USART_GetFlagStatus                    0x08003334   Section        0  stm32f10x_usart.o(i.USART_GetFlagStatus)
    i.USART_Init                             0x08003350   Section        0  stm32f10x_usart.o(i.USART_Init)
    i.USART_SendData                         0x08003428   Section        0  stm32f10x_usart.o(i.USART_SendData)
    i.UsageFault_Handler                     0x08003430   Section        0  stm32f10x_it.o(i.UsageFault_Handler)
    i.WriteAmount                            0x08003434   Section        0  rc522_function.o(i.WriteAmount)
    i.WriteRawRC                             0x080034b4   Section        0  rc522_function.o(i.WriteRawRC)
    i.__0printf                              0x080034e4   Section        0  printfa.o(i.__0printf)
    i.__0sprintf                             0x08003504   Section        0  printfa.o(i.__0sprintf)
    i.__scatterload_copy                     0x0800352c   Section       14  handlers.o(i.__scatterload_copy)
    i.__scatterload_null                     0x0800353a   Section        2  handlers.o(i.__scatterload_null)
    i.__scatterload_zeroinit                 0x0800353c   Section       14  handlers.o(i.__scatterload_zeroinit)
    i._fp_digits                             0x0800354c   Section        0  printfa.o(i._fp_digits)
    _fp_digits                               0x0800354d   Thumb Code   334  printfa.o(i._fp_digits)
    i._printf_core                           0x080036b0   Section        0  printfa.o(i._printf_core)
    _printf_core                             0x080036b1   Thumb Code  1744  printfa.o(i._printf_core)
    i._printf_post_padding                   0x08003d8c   Section        0  printfa.o(i._printf_post_padding)
    _printf_post_padding                     0x08003d8d   Thumb Code    36  printfa.o(i._printf_post_padding)
    i._printf_pre_padding                    0x08003db0   Section        0  printfa.o(i._printf_pre_padding)
    _printf_pre_padding                      0x08003db1   Thumb Code    46  printfa.o(i._printf_pre_padding)
    i._sputc                                 0x08003dde   Section        0  printfa.o(i._sputc)
    _sputc                                   0x08003ddf   Thumb Code    10  printfa.o(i._sputc)
    i.fputc                                  0x08003de8   Section        0  bsp_usart.o(i.fputc)
    i.main                                   0x08003e0c   Section        0  main.o(i.main)
    i.nopass                                 0x08003ed4   Section        0  main.o(i.nopass)
    i.pass                                   0x08003fa0   Section        0  main.o(i.pass)
    .constdata                               0x08003fc0   Section    15200  fonts.o(.constdata)
    .data                                    0x20000000   Section       20  system_stm32f10x.o(.data)
    .data                                    0x20000014   Section       20  stm32f10x_rcc.o(.data)
    APBAHBPrescTable                         0x20000014   Data          16  stm32f10x_rcc.o(.data)
    ADCPrescTable                            0x20000024   Data           4  stm32f10x_rcc.o(.data)
    .data                                    0x20000028   Section       16  main.o(.data)
    .data                                    0x20000038   Section       16  bsp_ili9341_lcd.o(.data)
    LCD_Currentfonts                         0x20000040   Data           4  bsp_ili9341_lcd.o(.data)
    CurrentTextColor                         0x20000044   Data           2  bsp_ili9341_lcd.o(.data)
    CurrentBackColor                         0x20000046   Data           2  bsp_ili9341_lcd.o(.data)
    .data                                    0x20000048   Section       25  fonts.o(.data)
    everRead                                 0x20000060   Data           1  fonts.o(.data)
    .data                                    0x20000064   Section        4  bsp_spi_flash.o(.data)
    SPITimeout                               0x20000064   Data           4  bsp_spi_flash.o(.data)
    .data                                    0x20000068   Section        4  bsp_systick.o(.data)
    TimingDelay                              0x20000068   Data           4  bsp_systick.o(.data)
    .data                                    0x2000006c   Section        4  stdout.o(.data)
    .bss                                     0x20000070   Section    17408  bsp_ili9341_lcd.o(.bss)
    STACK                                    0x20004470   Section     1024  startup_stm32f10x_hd.o(STACK)

    Global Symbols

    Symbol Name                              Value     Ov Type        Size  Object(Section)

    BuildAttributes$$THM_ISAv4$P$D$K$B$S$PE$A:L22UL41UL21$X:L11$S22US41US21$IEEE1$IW$USESV6$~STKCKD$USESV7$~SHL$OTIME$ROPI$EBA8$MICROLIB$REQ8$PRES8$EABIv2 0x00000000   Number         0  anon$$obj.o ABSOLUTE
    __ARM_use_no_argv                        0x00000000   Number         0  main.o ABSOLUTE
    _printf_a                                0x00000000   Number         0  stubs.o ABSOLUTE
    _printf_c                                0x00000000   Number         0  stubs.o ABSOLUTE
    _printf_charcount                        0x00000000   Number         0  stubs.o ABSOLUTE
    _printf_d                                0x00000000   Number         0  stubs.o ABSOLUTE
    _printf_e                                0x00000000   Number         0  stubs.o ABSOLUTE
    _printf_f                                0x00000000   Number         0  stubs.o ABSOLUTE
    _printf_flags                            0x00000000   Number         0  stubs.o ABSOLUTE
    _printf_fp_dec                           0x00000000   Number         0  stubs.o ABSOLUTE
    _printf_fp_hex                           0x00000000   Number         0  stubs.o ABSOLUTE
    _printf_g                                0x00000000   Number         0  stubs.o ABSOLUTE
    _printf_i                                0x00000000   Number         0  stubs.o ABSOLUTE
    _printf_int_dec                          0x00000000   Number         0  stubs.o ABSOLUTE
    _printf_l                                0x00000000   Number         0  stubs.o ABSOLUTE
    _printf_lc                               0x00000000   Number         0  stubs.o ABSOLUTE
    _printf_ll                               0x00000000   Number         0  stubs.o ABSOLUTE
    _printf_lld                              0x00000000   Number         0  stubs.o ABSOLUTE
    _printf_lli                              0x00000000   Number         0  stubs.o ABSOLUTE
    _printf_llo                              0x00000000   Number         0  stubs.o ABSOLUTE
    _printf_llu                              0x00000000   Number         0  stubs.o ABSOLUTE
    _printf_llx                              0x00000000   Number         0  stubs.o ABSOLUTE
    _printf_longlong_dec                     0x00000000   Number         0  stubs.o ABSOLUTE
    _printf_longlong_hex                     0x00000000   Number         0  stubs.o ABSOLUTE
    _printf_longlong_oct                     0x00000000   Number         0  stubs.o ABSOLUTE
    _printf_ls                               0x00000000   Number         0  stubs.o ABSOLUTE
    _printf_mbtowc                           0x00000000   Number         0  stubs.o ABSOLUTE
    _printf_n                                0x00000000   Number         0  stubs.o ABSOLUTE
    _printf_o                                0x00000000   Number         0  stubs.o ABSOLUTE
    _printf_p                                0x00000000   Number         0  stubs.o ABSOLUTE
    _printf_percent                          0x00000000   Number         0  stubs.o ABSOLUTE
    _printf_pre_padding                      0x00000000   Number         0  stubs.o ABSOLUTE
    _printf_return_value                     0x00000000   Number         0  stubs.o ABSOLUTE
    _printf_s                                0x00000000   Number         0  stubs.o ABSOLUTE
    _printf_sizespec                         0x00000000   Number         0  stubs.o ABSOLUTE
    _printf_str                              0x00000000   Number         0  stubs.o ABSOLUTE
    _printf_truncate_signed                  0x00000000   Number         0  stubs.o ABSOLUTE
    _printf_truncate_unsigned                0x00000000   Number         0  stubs.o ABSOLUTE
    _printf_u                                0x00000000   Number         0  stubs.o ABSOLUTE
    _printf_wc                               0x00000000   Number         0  stubs.o ABSOLUTE
    _printf_wctomb                           0x00000000   Number         0  stubs.o ABSOLUTE
    _printf_widthprec                        0x00000000   Number         0  stubs.o ABSOLUTE
    _printf_x                                0x00000000   Number         0  stubs.o ABSOLUTE
    __cpp_initialize__aeabi_                  - Undefined Weak Reference
    __cxa_finalize                            - Undefined Weak Reference
    __decompress                              - Undefined Weak Reference
    _clock_init                               - Undefined Weak Reference
    _microlib_exit                            - Undefined Weak Reference
    __Vectors_Size                           0x00000130   Number         0  startup_stm32f10x_hd.o ABSOLUTE
    __Vectors                                0x08000000   Data           4  startup_stm32f10x_hd.o(RESET)
    __Vectors_End                            0x08000130   Data           0  startup_stm32f10x_hd.o(RESET)
    __main                                   0x08000131   Thumb Code     0  entry.o(.ARM.Collect$$$$00000000)
    _main_stk                                0x08000131   Thumb Code     0  entry2.o(.ARM.Collect$$$$00000001)
    _main_scatterload                        0x08000135   Thumb Code     0  entry5.o(.ARM.Collect$$$$00000004)
    __main_after_scatterload                 0x08000139   Thumb Code     0  entry5.o(.ARM.Collect$$$$00000004)
    _main_clock                              0x08000139   Thumb Code     0  entry7b.o(.ARM.Collect$$$$00000008)
    _main_cpp_init                           0x08000139   Thumb Code     0  entry8b.o(.ARM.Collect$$$$0000000A)
    _main_init                               0x08000139   Thumb Code     0  entry9a.o(.ARM.Collect$$$$0000000B)
    __rt_final_cpp                           0x08000141   Thumb Code     0  entry10a.o(.ARM.Collect$$$$0000000D)
    __rt_final_exit                          0x08000141   Thumb Code     0  entry11a.o(.ARM.Collect$$$$0000000F)
    Reset_Handler                            0x08000145   Thumb Code     8  startup_stm32f10x_hd.o(.text)
    ADC1_2_IRQHandler                        0x0800015f   Thumb Code     0  startup_stm32f10x_hd.o(.text)
    ADC3_IRQHandler                          0x0800015f   Thumb Code     0  startup_stm32f10x_hd.o(.text)
    CAN1_RX1_IRQHandler                      0x0800015f   Thumb Code     0  startup_stm32f10x_hd.o(.text)
    CAN1_SCE_IRQHandler                      0x0800015f   Thumb Code     0  startup_stm32f10x_hd.o(.text)
    DMA1_Channel1_IRQHandler                 0x0800015f   Thumb Code     0  startup_stm32f10x_hd.o(.text)
    DMA1_Channel2_IRQHandler                 0x0800015f   Thumb Code     0  startup_stm32f10x_hd.o(.text)
    DMA1_Channel3_IRQHandler                 0x0800015f   Thumb Code     0  startup_stm32f10x_hd.o(.text)
    DMA1_Channel4_IRQHandler                 0x0800015f   Thumb Code     0  startup_stm32f10x_hd.o(.text)
    DMA1_Channel5_IRQHandler                 0x0800015f   Thumb Code     0  startup_stm32f10x_hd.o(.text)
    DMA1_Channel6_IRQHandler                 0x0800015f   Thumb Code     0  startup_stm32f10x_hd.o(.text)
    DMA1_Channel7_IRQHandler                 0x0800015f   Thumb Code     0  startup_stm32f10x_hd.o(.text)
    DMA2_Channel1_IRQHandler                 0x0800015f   Thumb Code     0  startup_stm32f10x_hd.o(.text)
    DMA2_Channel2_IRQHandler                 0x0800015f   Thumb Code     0  startup_stm32f10x_hd.o(.text)
    DMA2_Channel3_IRQHandler                 0x0800015f   Thumb Code     0  startup_stm32f10x_hd.o(.text)
    DMA2_Channel4_5_IRQHandler               0x0800015f   Thumb Code     0  startup_stm32f10x_hd.o(.text)
    EXTI1_IRQHandler                         0x0800015f   Thumb Code     0  startup_stm32f10x_hd.o(.text)
    EXTI2_IRQHandler                         0x0800015f   Thumb Code     0  startup_stm32f10x_hd.o(.text)
    EXTI3_IRQHandler                         0x0800015f   Thumb Code     0  startup_stm32f10x_hd.o(.text)
    EXTI4_IRQHandler                         0x0800015f   Thumb Code     0  startup_stm32f10x_hd.o(.text)
    EXTI9_5_IRQHandler                       0x0800015f   Thumb Code     0  startup_stm32f10x_hd.o(.text)
    FLASH_IRQHandler                         0x0800015f   Thumb Code     0  startup_stm32f10x_hd.o(.text)
    FSMC_IRQHandler                          0x0800015f   Thumb Code     0  startup_stm32f10x_hd.o(.text)
    I2C1_ER_IRQHandler                       0x0800015f   Thumb Code     0  startup_stm32f10x_hd.o(.text)
    I2C1_EV_IRQHandler                       0x0800015f   Thumb Code     0  startup_stm32f10x_hd.o(.text)
    I2C2_ER_IRQHandler                       0x0800015f   Thumb Code     0  startup_stm32f10x_hd.o(.text)
    I2C2_EV_IRQHandler                       0x0800015f   Thumb Code     0  startup_stm32f10x_hd.o(.text)
    PVD_IRQHandler                           0x0800015f   Thumb Code     0  startup_stm32f10x_hd.o(.text)
    RCC_IRQHandler                           0x0800015f   Thumb Code     0  startup_stm32f10x_hd.o(.text)
    RTCAlarm_IRQHandler                      0x0800015f   Thumb Code     0  startup_stm32f10x_hd.o(.text)
    RTC_IRQHandler                           0x0800015f   Thumb Code     0  startup_stm32f10x_hd.o(.text)
    SDIO_IRQHandler                          0x0800015f   Thumb Code     0  startup_stm32f10x_hd.o(.text)
    SPI1_IRQHandler                          0x0800015f   Thumb Code     0  startup_stm32f10x_hd.o(.text)
    SPI2_IRQHandler                          0x0800015f   Thumb Code     0  startup_stm32f10x_hd.o(.text)
    SPI3_IRQHandler                          0x0800015f   Thumb Code     0  startup_stm32f10x_hd.o(.text)
    TAMPER_IRQHandler                        0x0800015f   Thumb Code     0  startup_stm32f10x_hd.o(.text)
    TIM1_BRK_IRQHandler                      0x0800015f   Thumb Code     0  startup_stm32f10x_hd.o(.text)
    TIM1_CC_IRQHandler                       0x0800015f   Thumb Code     0  startup_stm32f10x_hd.o(.text)
    TIM1_TRG_COM_IRQHandler                  0x0800015f   Thumb Code     0  startup_stm32f10x_hd.o(.text)
    TIM1_UP_IRQHandler                       0x0800015f   Thumb Code     0  startup_stm32f10x_hd.o(.text)
    TIM4_IRQHandler                          0x0800015f   Thumb Code     0  startup_stm32f10x_hd.o(.text)
    TIM5_IRQHandler                          0x0800015f   Thumb Code     0  startup_stm32f10x_hd.o(.text)
    TIM6_IRQHandler                          0x0800015f   Thumb Code     0  startup_stm32f10x_hd.o(.text)
    TIM7_IRQHandler                          0x0800015f   Thumb Code     0  startup_stm32f10x_hd.o(.text)
    TIM8_BRK_IRQHandler                      0x0800015f   Thumb Code     0  startup_stm32f10x_hd.o(.text)
    TIM8_CC_IRQHandler                       0x0800015f   Thumb Code     0  startup_stm32f10x_hd.o(.text)
    TIM8_TRG_COM_IRQHandler                  0x0800015f   Thumb Code     0  startup_stm32f10x_hd.o(.text)
    TIM8_UP_IRQHandler                       0x0800015f   Thumb Code     0  startup_stm32f10x_hd.o(.text)
    UART4_IRQHandler                         0x0800015f   Thumb Code     0  startup_stm32f10x_hd.o(.text)
    UART5_IRQHandler                         0x0800015f   Thumb Code     0  startup_stm32f10x_hd.o(.text)
    USART2_IRQHandler                        0x0800015f   Thumb Code     0  startup_stm32f10x_hd.o(.text)
    USART3_IRQHandler                        0x0800015f   Thumb Code     0  startup_stm32f10x_hd.o(.text)
    USBWakeUp_IRQHandler                     0x0800015f   Thumb Code     0  startup_stm32f10x_hd.o(.text)
    USB_HP_CAN1_TX_IRQHandler                0x0800015f   Thumb Code     0  startup_stm32f10x_hd.o(.text)
    USB_LP_CAN1_RX0_IRQHandler               0x0800015f   Thumb Code     0  startup_stm32f10x_hd.o(.text)
    WWDG_IRQHandler                          0x0800015f   Thumb Code     0  startup_stm32f10x_hd.o(.text)
    __aeabi_dadd                             0x08000169   Thumb Code   322  dadd.o(.text)
    __aeabi_dsub                             0x080002ab   Thumb Code     6  dadd.o(.text)
    __aeabi_drsub                            0x080002b1   Thumb Code     6  dadd.o(.text)
    __aeabi_dmul                             0x080002b7   Thumb Code   228  dmul.o(.text)
    __aeabi_ui2d                             0x0800039b   Thumb Code    26  dfltui.o(.text)
    __aeabi_f2d                              0x080003b5   Thumb Code    38  f2d.o(.text)
    __aeabi_d2f                              0x080003db   Thumb Code    56  d2f.o(.text)
    __aeabi_cfrcmple                         0x08000415   Thumb Code    20  cfrcmple.o(.text)
    __aeabi_uidiv                            0x08000429   Thumb Code     0  uidiv.o(.text)
    __aeabi_uidivmod                         0x08000429   Thumb Code    44  uidiv.o(.text)
    __aeabi_uldivmod                         0x08000455   Thumb Code    98  uldiv.o(.text)
    __aeabi_llsl                             0x080004b7   Thumb Code    30  llshl.o(.text)
    _ll_shift_l                              0x080004b7   Thumb Code     0  llshl.o(.text)
    __aeabi_lasr                             0x080004d5   Thumb Code    36  llsshr.o(.text)
    _ll_sshift_r                             0x080004d5   Thumb Code     0  llsshr.o(.text)
    __I$use$fp                               0x080004f9   Thumb Code     0  iusefp.o(.text)
    _float_round                             0x080004f9   Thumb Code    18  fepilogue.o(.text)
    _float_epilogue                          0x0800050b   Thumb Code    92  fepilogue.o(.text)
    _double_round                            0x08000567   Thumb Code    30  depilogue.o(.text)
    _double_epilogue                         0x08000585   Thumb Code   156  depilogue.o(.text)
    __aeabi_ddiv                             0x08000621   Thumb Code   222  ddiv.o(.text)
    __aeabi_d2ulz                            0x080006ff   Thumb Code    48  dfixul.o(.text)
    __aeabi_cdrcmple                         0x08000731   Thumb Code    48  cdrcmple.o(.text)
    __scatterload                            0x08000761   Thumb Code    28  init.o(.text)
    __scatterload_rt2                        0x08000761   Thumb Code     0  init.o(.text)
    __aeabi_llsr                             0x08000785   Thumb Code    32  llushr.o(.text)
    _ll_ushift_r                             0x08000785   Thumb Code     0  llushr.o(.text)
    BusFault_Handler                         0x080007a5   Thumb Code     4  stm32f10x_it.o(i.BusFault_Handler)
    CPU_TS_TmrInit                           0x080007a9   Thumb Code    30  core_delay.o(i.CPU_TS_TmrInit)
    CPU_TS_TmrRd                             0x080007d1   Thumb Code     6  core_delay.o(i.CPU_TS_TmrRd)
    CPU_TS_Tmr_Delay_US                      0x080007dd   Thumb Code    76  core_delay.o(i.CPU_TS_Tmr_Delay_US)
    CalulateCRC                              0x08000831   Thumb Code   108  rc522_function.o(i.CalulateCRC)
    ClearBitMask                             0x0800089d   Thumb Code    26  rc522_function.o(i.ClearBitMask)
    DHT11_Init                               0x080008e5   Thumb Code    18  bsp_dht11.o(i.DHT11_Init)
    DHT11_Read_TempAndHumidity               0x080009a5   Thumb Code   168  bsp_dht11.o(i.DHT11_Read_TempAndHumidity)
    DebugMon_Handler                         0x08000a51   Thumb Code     2  stm32f10x_it.o(i.DebugMon_Handler)
    Delay_us                                 0x08000a55   Thumb Code    52  bsp_systick.o(i.Delay_us)
    EXTI0_IRQHandler                         0x08000a8d   Thumb Code    76  stm32f10x_it.o(i.EXTI0_IRQHandler)
    EXTI15_10_IRQHandler                     0x08000ae1   Thumb Code    82  stm32f10x_it.o(i.EXTI15_10_IRQHandler)
    EXTI_ClearITPendingBit                   0x08000b3d   Thumb Code     6  stm32f10x_exti.o(i.EXTI_ClearITPendingBit)
    EXTI_GetITStatus                         0x08000b49   Thumb Code    34  stm32f10x_exti.o(i.EXTI_GetITStatus)
    EXTI_Init                                0x08000b71   Thumb Code   142  stm32f10x_exti.o(i.EXTI_Init)
    EXTI_Key_Config                          0x08000c05   Thumb Code   132  bsp_exti.o(i.EXTI_Key_Config)
    FSMC_NORSRAMCmd                          0x08000c91   Thumb Code    46  stm32f10x_fsmc.o(i.FSMC_NORSRAMCmd)
    FSMC_NORSRAMInit                         0x08000cc5   Thumb Code   230  stm32f10x_fsmc.o(i.FSMC_NORSRAMInit)
    GENERAL_TIM2_Init                        0x08000dab   Thumb Code    12  timer2.o(i.GENERAL_TIM2_Init)
    GENERAL_TIM_Init                         0x08000e23   Thumb Code    12  timer.o(i.GENERAL_TIM_Init)
    GPIO_EXTILineConfig                      0x08000e95   Thumb Code    60  stm32f10x_gpio.o(i.GPIO_EXTILineConfig)
    GPIO_Init                                0x08000ed5   Thumb Code   278  stm32f10x_gpio.o(i.GPIO_Init)
    GPIO_ReadInputDataBit                    0x08000feb   Thumb Code    18  stm32f10x_gpio.o(i.GPIO_ReadInputDataBit)
    GPIO_ResetBits                           0x08000ffd   Thumb Code     4  stm32f10x_gpio.o(i.GPIO_ResetBits)
    GPIO_SetBits                             0x08001001   Thumb Code     4  stm32f10x_gpio.o(i.GPIO_SetBits)
    GetGBKCode_from_EXFlash                  0x08001005   Thumb Code    74  fonts.o(i.GetGBKCode_from_EXFlash)
    HardFault_Handler                        0x08001059   Thumb Code     4  stm32f10x_it.o(i.HardFault_Handler)
    IC_test                                  0x0800105d   Thumb Code   638  main.o(i.IC_test)
    ILI9341_BackLed_Control                  0x08001359   Thumb Code    26  bsp_ili9341_lcd.o(i.ILI9341_BackLed_Control)
    ILI9341_Clear                            0x08001379   Thumb Code    40  bsp_ili9341_lcd.o(i.ILI9341_Clear)
    ILI9341_DispChar_EN                      0x080013b9   Thumb Code   138  bsp_ili9341_lcd.o(i.ILI9341_DispChar_EN)
    ILI9341_DispNum                          0x08001451   Thumb Code   132  bsp_ili9341_lcd.o(i.ILI9341_DispNum)
    ILI9341_DispStringLine_EN                0x080014d5   Thumb Code    92  bsp_ili9341_lcd.o(i.ILI9341_DispStringLine_EN)
    ILI9341_DisplayStringEx                  0x0800153d   Thumb Code   246  bsp_ili9341_lcd.o(i.ILI9341_DisplayStringEx)
    ILI9341_DrawChar_Ex                      0x08001645   Thumb Code    92  bsp_ili9341_lcd.o(i.ILI9341_DrawChar_Ex)
    ILI9341_GramScan                         0x080018c9   Thumb Code   172  bsp_ili9341_lcd.o(i.ILI9341_GramScan)
    ILI9341_Init                             0x08001981   Thumb Code    34  bsp_ili9341_lcd.o(i.ILI9341_Init)
    ILI9341_OpenWindow                       0x080019a9   Thumb Code    96  bsp_ili9341_lcd.o(i.ILI9341_OpenWindow)
    ILI9341_Rst                              0x08001c39   Thumb Code    40  bsp_ili9341_lcd.o(i.ILI9341_Rst)
    ILI9341_Write_Cmd                        0x08001c65   Thumb Code     8  bsp_ili9341_lcd.o(i.ILI9341_Write_Cmd)
    ILI9341_Write_Data                       0x08001c6d   Thumb Code     8  bsp_ili9341_lcd.o(i.ILI9341_Write_Data)
    ILI9341_zoomChar                         0x08001c75   Thumb Code   378  bsp_ili9341_lcd.o(i.ILI9341_zoomChar)
    LCD_ClearLine                            0x08001df9   Thumb Code    26  bsp_ili9341_lcd.o(i.LCD_ClearLine)
    LCD_GetFont                              0x08001e19   Thumb Code     6  bsp_ili9341_lcd.o(i.LCD_GetFont)
    LCD_Pow                                  0x08001e25   Thumb Code    22  bsp_ili9341_lcd.o(i.LCD_Pow)
    LCD_SetColors                            0x08001e3d   Thumb Code    10  bsp_ili9341_lcd.o(i.LCD_SetColors)
    LCD_SetFont                              0x08001e51   Thumb Code     6  bsp_ili9341_lcd.o(i.LCD_SetFont)
    LCD_SetTextColor                         0x08001e5d   Thumb Code     6  bsp_ili9341_lcd.o(i.LCD_SetTextColor)
    LED_GPIO_Config                          0x08001e69   Thumb Code    90  bsp_led.o(i.LED_GPIO_Config)
    M500PcdConfigISOType                     0x08001ec9   Thumb Code    84  rc522_function.o(i.M500PcdConfigISOType)
    MYLED_GPIO_Config                        0x08001f1d   Thumb Code    90  my_led.o(i.MYLED_GPIO_Config)
    MemManage_Handler                        0x08001f7d   Thumb Code     4  stm32f10x_it.o(i.MemManage_Handler)
    NMI_Handler                              0x08001f81   Thumb Code     2  stm32f10x_it.o(i.NMI_Handler)
    NVIC_Init                                0x08001fb1   Thumb Code   100  misc.o(i.NVIC_Init)
    NVIC_PriorityGroupConfig                 0x08002021   Thumb Code    10  misc.o(i.NVIC_PriorityGroupConfig)
    PEC_Calculation                          0x08002035   Thumb Code   186  mlx90614.o(i.PEC_Calculation)
    PcdAntennaOn                             0x080020ef   Thumb Code    26  rc522_function.o(i.PcdAntennaOn)
    PcdAnticoll                              0x08002109   Thumb Code   114  rc522_function.o(i.PcdAnticoll)
    PcdAuthState                             0x0800217b   Thumb Code   112  rc522_function.o(i.PcdAuthState)
    PcdComMF522                              0x080021eb   Thumb Code   306  rc522_function.o(i.PcdComMF522)
    PcdHalt                                  0x0800231d   Thumb Code    50  rc522_function.o(i.PcdHalt)
    PcdRead                                  0x0800234f   Thumb Code    86  rc522_function.o(i.PcdRead)
    PcdRequest                               0x080023a5   Thumb Code    86  rc522_function.o(i.PcdRequest)
    PcdReset                                 0x080023fd   Thumb Code   124  rc522_function.o(i.PcdReset)
    PcdSelect                                0x0800247d   Thumb Code   114  rc522_function.o(i.PcdSelect)
    PcdWrite                                 0x080024ef   Thumb Code   152  rc522_function.o(i.PcdWrite)
    PendSV_Handler                           0x08002587   Thumb Code     2  stm32f10x_it.o(i.PendSV_Handler)
    RC522_Init                               0x08002589   Thumb Code    24  rc522_config.o(i.RC522_Init)
    RCC_AHBPeriphClockCmd                    0x08002659   Thumb Code    26  stm32f10x_rcc.o(i.RCC_AHBPeriphClockCmd)
    RCC_APB1PeriphClockCmd                   0x08002679   Thumb Code    26  stm32f10x_rcc.o(i.RCC_APB1PeriphClockCmd)
    RCC_APB2PeriphClockCmd                   0x08002699   Thumb Code    26  stm32f10x_rcc.o(i.RCC_APB2PeriphClockCmd)
    RCC_GetClocksFreq                        0x080026b9   Thumb Code   192  stm32f10x_rcc.o(i.RCC_GetClocksFreq)
    ReadAmount                               0x0800278d   Thumb Code   128  rc522_function.o(i.ReadAmount)
    ReadRawRC                                0x0800280d   Thumb Code    46  rc522_function.o(i.ReadRawRC)
    SMBus_Delay                              0x08002841   Thumb Code    26  mlx90614.o(i.SMBus_Delay)
    SMBus_Init                               0x0800285d   Thumb Code    54  mlx90614.o(i.SMBus_Init)
    SMBus_ReadMemory                         0x08002899   Thumb Code   166  mlx90614.o(i.SMBus_ReadMemory)
    SMBus_ReadTemp                           0x08002941   Thumb Code    50  mlx90614.o(i.SMBus_ReadTemp)
    SMBus_ReceiveBit                         0x08002981   Thumb Code    68  mlx90614.o(i.SMBus_ReceiveBit)
    SMBus_ReceiveByte                        0x080029c9   Thumb Code    50  mlx90614.o(i.SMBus_ReceiveByte)
    SMBus_SendBit                            0x080029fd   Thumb Code    64  mlx90614.o(i.SMBus_SendBit)
    SMBus_SendByte                           0x08002a41   Thumb Code    48  mlx90614.o(i.SMBus_SendByte)
    SMBus_StartBit                           0x08002a71   Thumb Code    64  mlx90614.o(i.SMBus_StartBit)
    SMBus_StopBit                            0x08002ab5   Thumb Code    58  mlx90614.o(i.SMBus_StopBit)
    SPI_Cmd                                  0x08002af5   Thumb Code    24  stm32f10x_spi.o(i.SPI_Cmd)
    SPI_FLASH_BufferRead                     0x08002b0d   Thumb Code    76  bsp_spi_flash.o(i.SPI_FLASH_BufferRead)
    SPI_FLASH_Init                           0x08002b5d   Thumb Code   178  bsp_spi_flash.o(i.SPI_FLASH_Init)
    SPI_FLASH_SendByte                       0x08002c19   Thumb Code   110  bsp_spi_flash.o(i.SPI_FLASH_SendByte)
    SPI_I2S_GetFlagStatus                    0x08002c91   Thumb Code    18  stm32f10x_spi.o(i.SPI_I2S_GetFlagStatus)
    SPI_I2S_ReceiveData                      0x08002ca3   Thumb Code     6  stm32f10x_spi.o(i.SPI_I2S_ReceiveData)
    SPI_I2S_SendData                         0x08002ca9   Thumb Code     4  stm32f10x_spi.o(i.SPI_I2S_SendData)
    SPI_Init                                 0x08002cad   Thumb Code    60  stm32f10x_spi.o(i.SPI_Init)
    SPI_RC522_ReadByte                       0x08002ce9   Thumb Code    72  rc522_function.o(i.SPI_RC522_ReadByte)
    SPI_RC522_SendByte                       0x08002d35   Thumb Code    80  rc522_function.o(i.SPI_RC522_SendByte)
    SVC_Handler                              0x08002dc9   Thumb Code     2  stm32f10x_it.o(i.SVC_Handler)
    SetBitMask                               0x08002dcb   Thumb Code    26  rc522_function.o(i.SetBitMask)
    SysTick_Handler                          0x08002ecd   Thumb Code     8  stm32f10x_it.o(i.SysTick_Handler)
    SysTick_Init                             0x08002ed5   Thumb Code   106  bsp_systick.o(i.SysTick_Init)
    SystemInit                               0x08002f51   Thumb Code    78  system_stm32f10x.o(i.SystemInit)
    TIM2_IRQHandler                          0x08002fb1   Thumb Code   374  stm32f10x_it.o(i.TIM2_IRQHandler)
    TIM3_IRQHandler                          0x08003181   Thumb Code     2  stm32f10x_it.o(i.TIM3_IRQHandler)
    TIM_ClearFlag                            0x08003183   Thumb Code     6  stm32f10x_tim.o(i.TIM_ClearFlag)
    TIM_ClearITPendingBit                    0x08003189   Thumb Code     6  stm32f10x_tim.o(i.TIM_ClearITPendingBit)
    TIM_Cmd                                  0x0800318f   Thumb Code    24  stm32f10x_tim.o(i.TIM_Cmd)
    TIM_GetITStatus                          0x080031a7   Thumb Code    34  stm32f10x_tim.o(i.TIM_GetITStatus)
    TIM_ITConfig                             0x080031c9   Thumb Code    18  stm32f10x_tim.o(i.TIM_ITConfig)
    TIM_TimeBaseInit                         0x080031dd   Thumb Code   122  stm32f10x_tim.o(i.TIM_TimeBaseInit)
    TimingDelay_Decrement                    0x08003281   Thumb Code    18  bsp_systick.o(i.TimingDelay_Decrement)
    USART1_IRQHandler                        0x08003299   Thumb Code     2  stm32f10x_it.o(i.USART1_IRQHandler)
    USART_Cmd                                0x0800329b   Thumb Code    24  stm32f10x_usart.o(i.USART_Cmd)
    USART_Config                             0x080032b5   Thumb Code   120  bsp_usart.o(i.USART_Config)
    USART_GetFlagStatus                      0x08003335   Thumb Code    26  stm32f10x_usart.o(i.USART_GetFlagStatus)
    USART_Init                               0x08003351   Thumb Code   210  stm32f10x_usart.o(i.USART_Init)
    USART_SendData                           0x08003429   Thumb Code     8  stm32f10x_usart.o(i.USART_SendData)
    UsageFault_Handler                       0x08003431   Thumb Code     4  stm32f10x_it.o(i.UsageFault_Handler)
    WriteAmount                              0x08003435   Thumb Code   126  rc522_function.o(i.WriteAmount)
    WriteRawRC                               0x080034b5   Thumb Code    42  rc522_function.o(i.WriteRawRC)
    __0printf                                0x080034e5   Thumb Code    22  printfa.o(i.__0printf)
    __1printf                                0x080034e5   Thumb Code     0  printfa.o(i.__0printf)
    __2printf                                0x080034e5   Thumb Code     0  printfa.o(i.__0printf)
    __c89printf                              0x080034e5   Thumb Code     0  printfa.o(i.__0printf)
    printf                                   0x080034e5   Thumb Code     0  printfa.o(i.__0printf)
    __0sprintf                               0x08003505   Thumb Code    34  printfa.o(i.__0sprintf)
    __1sprintf                               0x08003505   Thumb Code     0  printfa.o(i.__0sprintf)
    __2sprintf                               0x08003505   Thumb Code     0  printfa.o(i.__0sprintf)
    __c89sprintf                             0x08003505   Thumb Code     0  printfa.o(i.__0sprintf)
    sprintf                                  0x08003505   Thumb Code     0  printfa.o(i.__0sprintf)
    __scatterload_copy                       0x0800352d   Thumb Code    14  handlers.o(i.__scatterload_copy)
    __scatterload_null                       0x0800353b   Thumb Code     2  handlers.o(i.__scatterload_null)
    __scatterload_zeroinit                   0x0800353d   Thumb Code    14  handlers.o(i.__scatterload_zeroinit)
    fputc                                    0x08003de9   Thumb Code    32  bsp_usart.o(i.fputc)
    main                                     0x08003e0d   Thumb Code   148  main.o(i.main)
    nopass                                   0x08003ed5   Thumb Code   168  main.o(i.nopass)
    pass                                     0x08003fa1   Thumb Code    24  main.o(i.pass)
    ASCII8x16_Table                          0x08003fc0   Data        1520  fonts.o(.constdata)
    ASCII16x24_Table                         0x080045b0   Data        4560  fonts.o(.constdata)
    ASCII24x32_Table                         0x08005780   Data        9120  fonts.o(.constdata)
    Region$$Table$$Base                      0x08007b20   Number         0  anon$$obj.o(Region$$Table)
    Region$$Table$$Limit                     0x08007b40   Number         0  anon$$obj.o(Region$$Table)
    SystemCoreClock                          0x20000000   Data           4  system_stm32f10x.o(.data)
    AHBPrescTable                            0x20000004   Data          16  system_stm32f10x.o(.data)
    time                                     0x20000028   Data           4  main.o(.data)
    mode                                     0x2000002c   Data           1  main.o(.data)
    DHT11_Data                               0x2000002d   Data           5  main.o(.data)
    KeyValue                                 0x20000032   Data           6  main.o(.data)
    LCD_X_LENGTH                             0x20000038   Data           2  bsp_ili9341_lcd.o(.data)
    LCD_Y_LENGTH                             0x2000003a   Data           2  bsp_ili9341_lcd.o(.data)
    LCD_SCAN_MODE                            0x2000003c   Data           1  bsp_ili9341_lcd.o(.data)
    Font8x16                                 0x20000048   Data           8  fonts.o(.data)
    Font16x24                                0x20000050   Data           8  fonts.o(.data)
    Font24x32                                0x20000058   Data           8  fonts.o(.data)
    __stdout                                 0x2000006c   Data           4  stdout.o(.data)
    zoomBuff                                 0x20000070   Data       16384  bsp_ili9341_lcd.o(.bss)
    zoomTempBuff                             0x20004070   Data        1024  bsp_ili9341_lcd.o(.bss)
    __initial_sp                             0x20004870   Data           0  startup_stm32f10x_hd.o(STACK)



==============================================================================

Memory Map of the image

  Image Entry point : 0x08000131

  Load Region LR_IROM1 (Base: 0x08000000, Size: 0x00007bb0, Max: 0x00080000, ABSOLUTE)

    Execution Region ER_IROM1 (Base: 0x08000000, Size: 0x00007b40, Max: 0x00080000, ABSOLUTE)

    Base Addr    Size         Type   Attr      Idx    E Section Name        Object

    0x08000000   0x00000130   Data   RO            3    RESET               startup_stm32f10x_hd.o
    0x08000130   0x00000000   Code   RO         4143  * .ARM.Collect$$$$00000000  mc_w.l(entry.o)
    0x08000130   0x00000004   Code   RO         4419    .ARM.Collect$$$$00000001  mc_w.l(entry2.o)
    0x08000134   0x00000004   Code   RO         4422    .ARM.Collect$$$$00000004  mc_w.l(entry5.o)
    0x08000138   0x00000000   Code   RO         4424    .ARM.Collect$$$$00000008  mc_w.l(entry7b.o)
    0x08000138   0x00000000   Code   RO         4426    .ARM.Collect$$$$0000000A  mc_w.l(entry8b.o)
    0x08000138   0x00000008   Code   RO         4427    .ARM.Collect$$$$0000000B  mc_w.l(entry9a.o)
    0x08000140   0x00000000   Code   RO         4429    .ARM.Collect$$$$0000000D  mc_w.l(entry10a.o)
    0x08000140   0x00000000   Code   RO         4431    .ARM.Collect$$$$0000000F  mc_w.l(entry11a.o)
    0x08000140   0x00000004   Code   RO         4420    .ARM.Collect$$$$00002712  mc_w.l(entry2.o)
    0x08000144   0x00000024   Code   RO            4    .text               startup_stm32f10x_hd.o
    0x08000168   0x0000014e   Code   RO         4407    .text               mf_w.l(dadd.o)
    0x080002b6   0x000000e4   Code   RO         4409    .text               mf_w.l(dmul.o)
    0x0800039a   0x0000001a   Code   RO         4411    .text               mf_w.l(dfltui.o)
    0x080003b4   0x00000026   Code   RO         4413    .text               mf_w.l(f2d.o)
    0x080003da   0x00000038   Code   RO         4415    .text               mf_w.l(d2f.o)
    0x08000412   0x00000002   PAD
    0x08000414   0x00000014   Code   RO         4417    .text               mf_w.l(cfrcmple.o)
    0x08000428   0x0000002c   Code   RO         4434    .text               mc_w.l(uidiv.o)
    0x08000454   0x00000062   Code   RO         4436    .text               mc_w.l(uldiv.o)
    0x080004b6   0x0000001e   Code   RO         4438    .text               mc_w.l(llshl.o)
    0x080004d4   0x00000024   Code   RO         4440    .text               mc_w.l(llsshr.o)
    0x080004f8   0x00000000   Code   RO         4442    .text               mc_w.l(iusefp.o)
    0x080004f8   0x0000006e   Code   RO         4443    .text               mf_w.l(fepilogue.o)
    0x08000566   0x000000ba   Code   RO         4445    .text               mf_w.l(depilogue.o)
    0x08000620   0x000000de   Code   RO         4447    .text               mf_w.l(ddiv.o)
    0x080006fe   0x00000030   Code   RO         4449    .text               mf_w.l(dfixul.o)
    0x0800072e   0x00000002   PAD
    0x08000730   0x00000030   Code   RO         4451    .text               mf_w.l(cdrcmple.o)
    0x08000760   0x00000024   Code   RO         4453    .text               mc_w.l(init.o)
    0x08000784   0x00000020   Code   RO         4455    .text               mc_w.l(llushr.o)
    0x080007a4   0x00000004   Code   RO         3198    i.BusFault_Handler  stm32f10x_it.o
    0x080007a8   0x00000028   Code   RO         4014    i.CPU_TS_TmrInit    core_delay.o
    0x080007d0   0x0000000c   Code   RO         4015    i.CPU_TS_TmrRd      core_delay.o
    0x080007dc   0x00000054   Code   RO         4016    i.CPU_TS_Tmr_Delay_US  core_delay.o
    0x08000830   0x0000006c   Code   RO         3744    i.CalulateCRC       rc522_function.o
    0x0800089c   0x0000001a   Code   RO         3745    i.ClearBitMask      rc522_function.o
    0x080008b6   0x00000002   PAD
    0x080008b8   0x0000002c   Code   RO         3976    i.DHT11_GPIO_Config  bsp_dht11.o
    0x080008e4   0x00000018   Code   RO         3977    i.DHT11_Init        bsp_dht11.o
    0x080008fc   0x00000020   Code   RO         3978    i.DHT11_Mode_IPU    bsp_dht11.o
    0x0800091c   0x00000024   Code   RO         3979    i.DHT11_Mode_Out_PP  bsp_dht11.o
    0x08000940   0x00000064   Code   RO         3980    i.DHT11_ReadByte    bsp_dht11.o
    0x080009a4   0x000000ac   Code   RO         3981    i.DHT11_Read_TempAndHumidity  bsp_dht11.o
    0x08000a50   0x00000002   Code   RO         3199    i.DebugMon_Handler  stm32f10x_it.o
    0x08000a52   0x00000002   PAD
    0x08000a54   0x00000038   Code   RO         3879    i.Delay_us          bsp_systick.o
    0x08000a8c   0x00000054   Code   RO         3200    i.EXTI0_IRQHandler  stm32f10x_it.o
    0x08000ae0   0x0000005c   Code   RO         3201    i.EXTI15_10_IRQHandler  stm32f10x_it.o
    0x08000b3c   0x0000000c   Code   RO          939    i.EXTI_ClearITPendingBit  stm32f10x_exti.o
    0x08000b48   0x00000028   Code   RO          943    i.EXTI_GetITStatus  stm32f10x_exti.o
    0x08000b70   0x00000094   Code   RO          944    i.EXTI_Init         stm32f10x_exti.o
    0x08000c04   0x0000008c   Code   RO         3931    i.EXTI_Key_Config   bsp_exti.o
    0x08000c90   0x00000034   Code   RO         1177    i.FSMC_NORSRAMCmd   stm32f10x_fsmc.o
    0x08000cc4   0x000000e6   Code   RO         1179    i.FSMC_NORSRAMInit  stm32f10x_fsmc.o
    0x08000daa   0x0000000c   Code   RO         3951    i.GENERAL_TIM2_Init  timer2.o
    0x08000db6   0x00000002   PAD
    0x08000db8   0x00000048   Code   RO         3952    i.GENERAL_TIM2_Mode_Config  timer2.o
    0x08000e00   0x00000022   Code   RO         3953    i.GENERAL_TIM2_NVIC_Config  timer2.o
    0x08000e22   0x0000000c   Code   RO         3909    i.GENERAL_TIM_Init  timer.o
    0x08000e2e   0x00000046   Code   RO         3910    i.GENERAL_TIM_Mode_Config  timer.o
    0x08000e74   0x00000020   Code   RO         3911    i.GENERAL_TIM_NVIC_Config  timer.o
    0x08000e94   0x00000040   Code   RO         1289    i.GPIO_EXTILineConfig  stm32f10x_gpio.o
    0x08000ed4   0x00000116   Code   RO         1292    i.GPIO_Init         stm32f10x_gpio.o
    0x08000fea   0x00000012   Code   RO         1296    i.GPIO_ReadInputDataBit  stm32f10x_gpio.o
    0x08000ffc   0x00000004   Code   RO         1299    i.GPIO_ResetBits    stm32f10x_gpio.o
    0x08001000   0x00000004   Code   RO         1300    i.GPIO_SetBits      stm32f10x_gpio.o
    0x08001004   0x00000054   Code   RO         3599    i.GetGBKCode_from_EXFlash  fonts.o
    0x08001058   0x00000004   Code   RO         3202    i.HardFault_Handler  stm32f10x_it.o
    0x0800105c   0x000002fc   Code   RO         3108    i.IC_test           main.o
    0x08001358   0x00000020   Code   RO         3299    i.ILI9341_BackLed_Control  bsp_ili9341_lcd.o
    0x08001378   0x0000002c   Code   RO         3300    i.ILI9341_Clear     bsp_ili9341_lcd.o
    0x080013a4   0x00000012   Code   RO         3301    i.ILI9341_Delay     bsp_ili9341_lcd.o
    0x080013b6   0x00000002   PAD
    0x080013b8   0x00000098   Code   RO         3303    i.ILI9341_DispChar_EN  bsp_ili9341_lcd.o
    0x08001450   0x00000084   Code   RO         3304    i.ILI9341_DispNum   bsp_ili9341_lcd.o
    0x080014d4   0x00000068   Code   RO         3305    i.ILI9341_DispStringLine_EN  bsp_ili9341_lcd.o
    0x0800153c   0x00000108   Code   RO         3313    i.ILI9341_DisplayStringEx  bsp_ili9341_lcd.o
    0x08001644   0x00000064   Code   RO         3315    i.ILI9341_DrawChar_Ex  bsp_ili9341_lcd.o
    0x080016a8   0x00000062   Code   RO         3319    i.ILI9341_FSMC_Config  bsp_ili9341_lcd.o
    0x0800170a   0x00000020   Code   RO         3320    i.ILI9341_FillColor  bsp_ili9341_lcd.o
    0x0800172a   0x00000002   PAD
    0x0800172c   0x0000019c   Code   RO         3321    i.ILI9341_GPIO_Config  bsp_ili9341_lcd.o
    0x080018c8   0x000000b8   Code   RO         3323    i.ILI9341_GramScan  bsp_ili9341_lcd.o
    0x08001980   0x00000028   Code   RO         3324    i.ILI9341_Init      bsp_ili9341_lcd.o
    0x080019a8   0x00000060   Code   RO         3325    i.ILI9341_OpenWindow  bsp_ili9341_lcd.o
    0x08001a08   0x00000230   Code   RO         3326    i.ILI9341_REG_Config  bsp_ili9341_lcd.o
    0x08001c38   0x0000002c   Code   RO         3328    i.ILI9341_Rst       bsp_ili9341_lcd.o
    0x08001c64   0x00000008   Code   RO         3545    i.ILI9341_Write_Cmd  bsp_ili9341_lcd.o
    0x08001c6c   0x00000008   Code   RO         3550    i.ILI9341_Write_Data  bsp_ili9341_lcd.o
    0x08001c74   0x00000184   Code   RO         3331    i.ILI9341_zoomChar  bsp_ili9341_lcd.o
    0x08001df8   0x00000020   Code   RO         3332    i.LCD_ClearLine     bsp_ili9341_lcd.o
    0x08001e18   0x0000000c   Code   RO         3334    i.LCD_GetFont       bsp_ili9341_lcd.o
    0x08001e24   0x00000016   Code   RO         3335    i.LCD_Pow           bsp_ili9341_lcd.o
    0x08001e3a   0x00000002   PAD
    0x08001e3c   0x00000014   Code   RO         3337    i.LCD_SetColors     bsp_ili9341_lcd.o
    0x08001e50   0x0000000c   Code   RO         3338    i.LCD_SetFont       bsp_ili9341_lcd.o
    0x08001e5c   0x0000000c   Code   RO         3339    i.LCD_SetTextColor  bsp_ili9341_lcd.o
    0x08001e68   0x00000060   Code   RO         4113    i.LED_GPIO_Config   bsp_led.o
    0x08001ec8   0x00000054   Code   RO         3746    i.M500PcdConfigISOType  rc522_function.o
    0x08001f1c   0x00000060   Code   RO         4131    i.MYLED_GPIO_Config  my_led.o
    0x08001f7c   0x00000004   Code   RO         3203    i.MemManage_Handler  stm32f10x_it.o
    0x08001f80   0x00000002   Code   RO         3204    i.NMI_Handler       stm32f10x_it.o
    0x08001f82   0x0000002e   Code   RO         3932    i.NVIC_Configuration  bsp_exti.o
    0x08001fb0   0x00000070   Code   RO          137    i.NVIC_Init         misc.o
    0x08002020   0x00000014   Code   RO          138    i.NVIC_PriorityGroupConfig  misc.o
    0x08002034   0x000000ba   Code   RO         4038    i.PEC_Calculation   mlx90614.o
    0x080020ee   0x0000001a   Code   RO         3748    i.PcdAntennaOn      rc522_function.o
    0x08002108   0x00000072   Code   RO         3749    i.PcdAnticoll       rc522_function.o
    0x0800217a   0x00000070   Code   RO         3750    i.PcdAuthState      rc522_function.o
    0x080021ea   0x00000132   Code   RO         3751    i.PcdComMF522       rc522_function.o
    0x0800231c   0x00000032   Code   RO         3752    i.PcdHalt           rc522_function.o
    0x0800234e   0x00000056   Code   RO         3753    i.PcdRead           rc522_function.o
    0x080023a4   0x00000056   Code   RO         3754    i.PcdRequest        rc522_function.o
    0x080023fa   0x00000002   PAD
    0x080023fc   0x00000080   Code   RO         3755    i.PcdReset          rc522_function.o
    0x0800247c   0x00000072   Code   RO         3756    i.PcdSelect         rc522_function.o
    0x080024ee   0x00000098   Code   RO         3757    i.PcdWrite          rc522_function.o
    0x08002586   0x00000002   Code   RO         3205    i.PendSV_Handler    stm32f10x_it.o
    0x08002588   0x00000020   Code   RO         3727    i.RC522_Init        rc522_config.o
    0x080025a8   0x000000b0   Code   RO         3728    i.RC522_SPI_Config  rc522_config.o
    0x08002658   0x00000020   Code   RO         1707    i.RCC_AHBPeriphClockCmd  stm32f10x_rcc.o
    0x08002678   0x00000020   Code   RO         1708    i.RCC_APB1PeriphClockCmd  stm32f10x_rcc.o
    0x08002698   0x00000020   Code   RO         1710    i.RCC_APB2PeriphClockCmd  stm32f10x_rcc.o
    0x080026b8   0x000000d4   Code   RO         1718    i.RCC_GetClocksFreq  stm32f10x_rcc.o
    0x0800278c   0x00000080   Code   RO         3758    i.ReadAmount        rc522_function.o
    0x0800280c   0x00000034   Code   RO         3759    i.ReadRawRC         rc522_function.o
    0x08002840   0x0000001a   Code   RO         4039    i.SMBus_Delay       mlx90614.o
    0x0800285a   0x00000002   PAD
    0x0800285c   0x0000003c   Code   RO         4040    i.SMBus_Init        mlx90614.o
    0x08002898   0x000000a6   Code   RO         4041    i.SMBus_ReadMemory  mlx90614.o
    0x0800293e   0x00000002   PAD
    0x08002940   0x00000040   Code   RO         4042    i.SMBus_ReadTemp    mlx90614.o
    0x08002980   0x00000048   Code   RO         4043    i.SMBus_ReceiveBit  mlx90614.o
    0x080029c8   0x00000032   Code   RO         4044    i.SMBus_ReceiveByte  mlx90614.o
    0x080029fa   0x00000002   PAD
    0x080029fc   0x00000044   Code   RO         4045    i.SMBus_SendBit     mlx90614.o
    0x08002a40   0x00000030   Code   RO         4046    i.SMBus_SendByte    mlx90614.o
    0x08002a70   0x00000044   Code   RO         4047    i.SMBus_StartBit    mlx90614.o
    0x08002ab4   0x00000040   Code   RO         4048    i.SMBus_StopBit     mlx90614.o
    0x08002af4   0x00000018   Code   RO         2187    i.SPI_Cmd           stm32f10x_spi.o
    0x08002b0c   0x00000050   Code   RO         3618    i.SPI_FLASH_BufferRead  bsp_spi_flash.o
    0x08002b5c   0x000000bc   Code   RO         3621    i.SPI_FLASH_Init    bsp_spi_flash.o
    0x08002c18   0x00000078   Code   RO         3627    i.SPI_FLASH_SendByte  bsp_spi_flash.o
    0x08002c90   0x00000012   Code   RO         2195    i.SPI_I2S_GetFlagStatus  stm32f10x_spi.o
    0x08002ca2   0x00000006   Code   RO         2198    i.SPI_I2S_ReceiveData  stm32f10x_spi.o
    0x08002ca8   0x00000004   Code   RO         2199    i.SPI_I2S_SendData  stm32f10x_spi.o
    0x08002cac   0x0000003c   Code   RO         2200    i.SPI_Init          stm32f10x_spi.o
    0x08002ce8   0x0000004c   Code   RO         3760    i.SPI_RC522_ReadByte  rc522_function.o
    0x08002d34   0x00000054   Code   RO         3761    i.SPI_RC522_SendByte  rc522_function.o
    0x08002d88   0x00000040   Code   RO         3634    i.SPI_TIMEOUT_UserCallback  bsp_spi_flash.o
    0x08002dc8   0x00000002   Code   RO         3206    i.SVC_Handler       stm32f10x_it.o
    0x08002dca   0x0000001a   Code   RO         3762    i.SetBitMask        rc522_function.o
    0x08002de4   0x00000008   Code   RO           24    i.SetSysClock       system_stm32f10x.o
    0x08002dec   0x000000e0   Code   RO           25    i.SetSysClockTo72   system_stm32f10x.o
    0x08002ecc   0x00000008   Code   RO         3207    i.SysTick_Handler   stm32f10x_it.o
    0x08002ed4   0x0000007c   Code   RO         3880    i.SysTick_Init      bsp_systick.o
    0x08002f50   0x00000060   Code   RO           27    i.SystemInit        system_stm32f10x.o
    0x08002fb0   0x000001d0   Code   RO         3208    i.TIM2_IRQHandler   stm32f10x_it.o
    0x08003180   0x00000002   Code   RO         3209    i.TIM3_IRQHandler   stm32f10x_it.o
    0x08003182   0x00000006   Code   RO         2336    i.TIM_ClearFlag     stm32f10x_tim.o
    0x08003188   0x00000006   Code   RO         2337    i.TIM_ClearITPendingBit  stm32f10x_tim.o
    0x0800318e   0x00000018   Code   RO         2342    i.TIM_Cmd           stm32f10x_tim.o
    0x080031a6   0x00000022   Code   RO         2363    i.TIM_GetITStatus   stm32f10x_tim.o
    0x080031c8   0x00000012   Code   RO         2367    i.TIM_ITConfig      stm32f10x_tim.o
    0x080031da   0x00000002   PAD
    0x080031dc   0x000000a4   Code   RO         2413    i.TIM_TimeBaseInit  stm32f10x_tim.o
    0x08003280   0x00000018   Code   RO         3881    i.TimingDelay_Decrement  bsp_systick.o
    0x08003298   0x00000002   Code   RO         3210    i.USART1_IRQHandler  stm32f10x_it.o
    0x0800329a   0x00000018   Code   RO         2878    i.USART_Cmd         stm32f10x_usart.o
    0x080032b2   0x00000002   PAD
    0x080032b4   0x00000080   Code   RO         3575    i.USART_Config      bsp_usart.o
    0x08003334   0x0000001a   Code   RO         2881    i.USART_GetFlagStatus  stm32f10x_usart.o
    0x0800334e   0x00000002   PAD
    0x08003350   0x000000d8   Code   RO         2885    i.USART_Init        stm32f10x_usart.o
    0x08003428   0x00000008   Code   RO         2895    i.USART_SendData    stm32f10x_usart.o
    0x08003430   0x00000004   Code   RO         3211    i.UsageFault_Handler  stm32f10x_it.o
    0x08003434   0x0000007e   Code   RO         3763    i.WriteAmount       rc522_function.o
    0x080034b2   0x00000002   PAD
    0x080034b4   0x00000030   Code   RO         3764    i.WriteRawRC        rc522_function.o
    0x080034e4   0x00000020   Code   RO         4379    i.__0printf         mc_w.l(printfa.o)
    0x08003504   0x00000028   Code   RO         4381    i.__0sprintf        mc_w.l(printfa.o)
    0x0800352c   0x0000000e   Code   RO         4459    i.__scatterload_copy  mc_w.l(handlers.o)
    0x0800353a   0x00000002   Code   RO         4460    i.__scatterload_null  mc_w.l(handlers.o)
    0x0800353c   0x0000000e   Code   RO         4461    i.__scatterload_zeroinit  mc_w.l(handlers.o)
    0x0800354a   0x00000002   PAD
    0x0800354c   0x00000164   Code   RO         4386    i._fp_digits        mc_w.l(printfa.o)
    0x080036b0   0x000006dc   Code   RO         4387    i._printf_core      mc_w.l(printfa.o)
    0x08003d8c   0x00000024   Code   RO         4388    i._printf_post_padding  mc_w.l(printfa.o)
    0x08003db0   0x0000002e   Code   RO         4389    i._printf_pre_padding  mc_w.l(printfa.o)
    0x08003dde   0x0000000a   Code   RO         4391    i._sputc            mc_w.l(printfa.o)
    0x08003de8   0x00000024   Code   RO         3577    i.fputc             bsp_usart.o
    0x08003e0c   0x000000c8   Code   RO         3109    i.main              main.o
    0x08003ed4   0x000000cc   Code   RO         3110    i.nopass            main.o
    0x08003fa0   0x00000020   Code   RO         3111    i.pass              main.o
    0x08003fc0   0x00003b60   Data   RO         3600    .constdata          fonts.o
    0x08007b20   0x00000020   Data   RO         4457    Region$$Table       anon$$obj.o


    Execution Region RW_IRAM1 (Base: 0x20000000, Size: 0x00004870, Max: 0x00010000, ABSOLUTE)

    Base Addr    Size         Type   Attr      Idx    E Section Name        Object

    0x20000000   0x00000014   Data   RW           28    .data               system_stm32f10x.o
    0x20000014   0x00000014   Data   RW         1738    .data               stm32f10x_rcc.o
    0x20000028   0x00000010   Data   RW         3112    .data               main.o
    0x20000038   0x00000010   Data   RW         3341    .data               bsp_ili9341_lcd.o
    0x20000048   0x00000019   Data   RW         3601    .data               fonts.o
    0x20000061   0x00000003   PAD
    0x20000064   0x00000004   Data   RW         3635    .data               bsp_spi_flash.o
    0x20000068   0x00000004   Data   RW         3882    .data               bsp_systick.o
    0x2000006c   0x00000004   Data   RW         4433    .data               mc_w.l(stdout.o)
    0x20000070   0x00004400   Zero   RW         3340    .bss                bsp_ili9341_lcd.o
    0x20004470   0x00000400   Zero   RW            1    STACK               startup_stm32f10x_hd.o


==============================================================================

Image component sizes


      Code (inc. data)   RO Data    RW Data    ZI Data      Debug   Object Name

       408         28          0          0          0       3466   bsp_dht11.o
       186          8          0          0          0       1054   bsp_exti.o
      2826        144          0         16      17408      17152   bsp_ili9341_lcd.o
        96          6          0          0          0        518   bsp_led.o
       452         72          0          4          0       2937   bsp_spi_flash.o
       204         28          0          4          0      17225   bsp_systick.o
       164         12          0          0          0       1139   bsp_usart.o
         0          0          0          0          0       4496   core_cm3.o
       136         24          0          0          0       1510   core_delay.o
        84         10      15200         25          0       2147   fonts.o
      1200        222          0         16          0       6228   main.o
       132         22          0          0          0       1515   misc.o
       872         38          0          0          0       7166   mlx90614.o
        96          6          0          0          0        524   my_led.o
       208         16          0          0          0       1017   rc522_config.o
      1932         24          0          0          0      13684   rc522_function.o
        36          8        304          0       1024        856   startup_stm32f10x_hd.o
       200         18          0          0          0       2064   stm32f10x_exti.o
       282          6          0          0          0       1789   stm32f10x_fsmc.o
       368          4          0          0          0       4202   stm32f10x_gpio.o
       676        108          0          0          0       6232   stm32f10x_it.o
       308         38          0         20          0       4946   stm32f10x_rcc.o
       112          0          0          0          0       3754   stm32f10x_spi.o
       252         42          0          0          0       4022   stm32f10x_tim.o
       274          6          0          0          0       3944   stm32f10x_usart.o
       328         28          0         20          0     267609   system_stm32f10x.o
       114          0          0          0          0       1391   timer.o
       118          4          0          0          0       1408   timer2.o

    ----------------------------------------------------------------------
     12092        922      15536        108      18432     383995   Object Totals
         0          0         32          0          0          0   (incl. Generated)
        28          0          0          3          0          0   (incl. Padding)

    ----------------------------------------------------------------------

      Code (inc. data)   RO Data    RW Data    ZI Data      Debug   Library Member Name

         0          0          0          0          0          0   entry.o
         0          0          0          0          0          0   entry10a.o
         0          0          0          0          0          0   entry11a.o
         8          4          0          0          0          0   entry2.o
         4          0          0          0          0          0   entry5.o
         0          0          0          0          0          0   entry7b.o
         0          0          0          0          0          0   entry8b.o
         8          4          0          0          0          0   entry9a.o
        30          0          0          0          0          0   handlers.o
        36          8          0          0          0         68   init.o
         0          0          0          0          0          0   iusefp.o
        30          0          0          0          0         68   llshl.o
        36          0          0          0          0         68   llsshr.o
        32          0          0          0          0         68   llushr.o
      2276         96          0          0          0        596   printfa.o
         0          0          0          4          0          0   stdout.o
        44          0          0          0          0         80   uidiv.o
        98          0          0          0          0         92   uldiv.o
        48          0          0          0          0         68   cdrcmple.o
        20          0          0          0          0         68   cfrcmple.o
        56          0          0          0          0         88   d2f.o
       334          0          0          0          0        148   dadd.o
       222          0          0          0          0        100   ddiv.o
       186          0          0          0          0        176   depilogue.o
        48          0          0          0          0         68   dfixul.o
        26          0          0          0          0         76   dfltui.o
       228          0          0          0          0         96   dmul.o
        38          0          0          0          0         68   f2d.o
       110          0          0          0          0        168   fepilogue.o

    ----------------------------------------------------------------------
      3924        112          0          4          0       2164   Library Totals
         6          0          0          0          0          0   (incl. Padding)

    ----------------------------------------------------------------------

      Code (inc. data)   RO Data    RW Data    ZI Data      Debug   Library Name

      2602        112          0          4          0       1040   mc_w.l
      1316          0          0          0          0       1124   mf_w.l

    ----------------------------------------------------------------------
      3924        112          0          4          0       2164   Library Totals

    ----------------------------------------------------------------------

==============================================================================


      Code (inc. data)   RO Data    RW Data    ZI Data      Debug   

     16016       1034      15536        112      18432     378251   Grand Totals
     16016       1034      15536        112      18432     378251   ELF Image Totals
     16016       1034      15536        112          0          0   ROM Totals

==============================================================================

    Total RO  Size (Code + RO Data)                31552 (  30.81kB)
    Total RW  Size (RW Data + ZI Data)             18544 (  18.11kB)
    Total ROM Size (Code + RO Data + RW Data)      31664 (  30.92kB)

==============================================================================

